Archive member included to satisfy reference by file (symbol)

/usr/lib/gcc/arm-none-eabi/12.2.1/thumb/v6-m/nofp/libgcc.a(_dvmd_tls.o)
                              CMakeFiles/audiopwm.dir/home/unheil/pico/pico-sdk/src/rp2_common/pico_divider/divider.S.obj (__aeabi_idiv0)
/usr/lib/gcc/arm-none-eabi/12.2.1/../../../arm-none-eabi/lib/thumb/v6-m/nofp/libc.a(lib_a-atexit.o)
                              /usr/lib/gcc/arm-none-eabi/12.2.1/../../../arm-none-eabi/lib/thumb/v6-m/nofp/crt0.o (atexit)
/usr/lib/gcc/arm-none-eabi/12.2.1/../../../arm-none-eabi/lib/thumb/v6-m/nofp/libc.a(lib_a-calloc.o)
                              CMakeFiles/audiopwm.dir/home/unheil/pico/pico-sdk/src/rp2_common/pico_malloc/pico_malloc.c.obj (calloc)
/usr/lib/gcc/arm-none-eabi/12.2.1/../../../arm-none-eabi/lib/thumb/v6-m/nofp/libc.a(lib_a-callocr.o)
                              /usr/lib/gcc/arm-none-eabi/12.2.1/../../../arm-none-eabi/lib/thumb/v6-m/nofp/libc.a(lib_a-calloc.o) (_calloc_r)
/usr/lib/gcc/arm-none-eabi/12.2.1/../../../arm-none-eabi/lib/thumb/v6-m/nofp/libc.a(lib_a-fini.o)
                              /usr/lib/gcc/arm-none-eabi/12.2.1/../../../arm-none-eabi/lib/thumb/v6-m/nofp/crt0.o (__libc_fini_array)
/usr/lib/gcc/arm-none-eabi/12.2.1/../../../arm-none-eabi/lib/thumb/v6-m/nofp/libc.a(lib_a-impure.o)
                              /usr/lib/gcc/arm-none-eabi/12.2.1/../../../arm-none-eabi/lib/thumb/v6-m/nofp/libc.a(lib_a-calloc.o) (_impure_ptr)
/usr/lib/gcc/arm-none-eabi/12.2.1/../../../arm-none-eabi/lib/thumb/v6-m/nofp/libc.a(lib_a-init.o)
                              /usr/lib/gcc/arm-none-eabi/12.2.1/../../../arm-none-eabi/lib/thumb/v6-m/nofp/crt0.o (__libc_init_array)
/usr/lib/gcc/arm-none-eabi/12.2.1/../../../arm-none-eabi/lib/thumb/v6-m/nofp/libc.a(lib_a-malloc.o)
                              CMakeFiles/audiopwm.dir/home/unheil/pico/pico-sdk/src/rp2_common/pico_malloc/pico_malloc.c.obj (malloc)
/usr/lib/gcc/arm-none-eabi/12.2.1/../../../arm-none-eabi/lib/thumb/v6-m/nofp/libc.a(lib_a-mallocr.o)
                              /usr/lib/gcc/arm-none-eabi/12.2.1/../../../arm-none-eabi/lib/thumb/v6-m/nofp/libc.a(lib_a-callocr.o) (_malloc_r)
/usr/lib/gcc/arm-none-eabi/12.2.1/../../../arm-none-eabi/lib/thumb/v6-m/nofp/libc.a(lib_a-mlock.o)
                              /usr/lib/gcc/arm-none-eabi/12.2.1/../../../arm-none-eabi/lib/thumb/v6-m/nofp/libc.a(lib_a-mallocr.o) (__malloc_lock)
/usr/lib/gcc/arm-none-eabi/12.2.1/../../../arm-none-eabi/lib/thumb/v6-m/nofp/libc.a(lib_a-realloc.o)
                              CMakeFiles/audiopwm.dir/home/unheil/pico/pico-sdk/src/rp2_common/pico_malloc/pico_malloc.c.obj (realloc)
/usr/lib/gcc/arm-none-eabi/12.2.1/../../../arm-none-eabi/lib/thumb/v6-m/nofp/libc.a(lib_a-reallocr.o)
                              /usr/lib/gcc/arm-none-eabi/12.2.1/../../../arm-none-eabi/lib/thumb/v6-m/nofp/libc.a(lib_a-realloc.o) (_realloc_r)
/usr/lib/gcc/arm-none-eabi/12.2.1/../../../arm-none-eabi/lib/thumb/v6-m/nofp/libc.a(lib_a-sbrkr.o)
                              /usr/lib/gcc/arm-none-eabi/12.2.1/../../../arm-none-eabi/lib/thumb/v6-m/nofp/libc.a(lib_a-mallocr.o) (_sbrk_r)
/usr/lib/gcc/arm-none-eabi/12.2.1/../../../arm-none-eabi/lib/thumb/v6-m/nofp/libc.a(lib_a-strlen-stub.o)
                              CMakeFiles/audiopwm.dir/home/unheil/pico/pico-sdk/src/rp2_common/pico_stdio/stdio.c.obj (strlen)
/usr/lib/gcc/arm-none-eabi/12.2.1/../../../arm-none-eabi/lib/thumb/v6-m/nofp/libc.a(lib_a-__atexit.o)
                              /usr/lib/gcc/arm-none-eabi/12.2.1/../../../arm-none-eabi/lib/thumb/v6-m/nofp/libc.a(lib_a-atexit.o) (__register_exitproc)
/usr/lib/gcc/arm-none-eabi/12.2.1/../../../arm-none-eabi/lib/thumb/v6-m/nofp/libc.a(lib_a-freer.o)
                              /usr/lib/gcc/arm-none-eabi/12.2.1/../../../arm-none-eabi/lib/thumb/v6-m/nofp/libc.a(lib_a-malloc.o) (_free_r)
/usr/lib/gcc/arm-none-eabi/12.2.1/../../../arm-none-eabi/lib/thumb/v6-m/nofp/libc.a(lib_a-memmove.o)
                              /usr/lib/gcc/arm-none-eabi/12.2.1/../../../arm-none-eabi/lib/thumb/v6-m/nofp/libc.a(lib_a-reallocr.o) (memmove)
/usr/lib/gcc/arm-none-eabi/12.2.1/../../../arm-none-eabi/lib/thumb/v6-m/nofp/libc.a(lib_a-reent.o)
                              /usr/lib/gcc/arm-none-eabi/12.2.1/../../../arm-none-eabi/lib/thumb/v6-m/nofp/libc.a(lib_a-sbrkr.o) (errno)

Discarded input sections

 .text          0x00000000        0x0 /usr/lib/gcc/arm-none-eabi/12.2.1/thumb/v6-m/nofp/crti.o
 .data          0x00000000        0x0 /usr/lib/gcc/arm-none-eabi/12.2.1/thumb/v6-m/nofp/crti.o
 .bss           0x00000000        0x0 /usr/lib/gcc/arm-none-eabi/12.2.1/thumb/v6-m/nofp/crti.o
 .data          0x00000000        0x4 /usr/lib/gcc/arm-none-eabi/12.2.1/thumb/v6-m/nofp/crtbegin.o
 .rodata        0x00000000       0x24 /usr/lib/gcc/arm-none-eabi/12.2.1/thumb/v6-m/nofp/crtbegin.o
 .fini_array    0x00000000        0x4 /usr/lib/gcc/arm-none-eabi/12.2.1/thumb/v6-m/nofp/crtbegin.o
[...]
Memory Configuration

Name             Origin             Length             Attributes
FLASH            0x10000000         0x00200000         xr
RAM              0x20000000         0x00040000         xrw
SCRATCH_X        0x20040000         0x00001000         xrw
SCRATCH_Y        0x20041000         0x00001000         xrw
*default*        0x00000000         0xffffffff

Linker script and memory map

LOAD /usr/lib/gcc/arm-none-eabi/12.2.1/thumb/v6-m/nofp/crti.o
LOAD /usr/lib/gcc/arm-none-eabi/12.2.1/thumb/v6-m/nofp/crtbegin.o
LOAD /usr/lib/gcc/arm-none-eabi/12.2.1/../../../arm-none-eabi/lib/thumb/v6-m/nofp/crt0.o

.flash_begin    0x10000000        0x0
                0x10000000                        __flash_binary_start = .

.boot2          0x10000000      0x100
                0x10000000                        __boot2_start__ = .
 *(.boot2)
 .boot2         0x10000000      0x100 /tmp/ccnScDCl.o
                0x10000100                        __boot2_end__ = .
                0x00000001                        ASSERT (((__boot2_end__ - __boot2_start__) == 0x100), ERROR: Pico second stage bootloader must be 256 bytes in size)

.text           0x10000100     0x6850
                0x10000100                        __logical_binary_start = .
 *(.vectors)
 .vectors       0x10000100       0xd4 CMakeFiles/audiopwm.dir/home/unheil/pico/pico-sdk/src/rp2_common/pico_standard_link/crt0.S.obj
                0x10000100                __vectors
                0x10000100                __VECTOR_TABLE
                0x100001c0                isr_invalid
                0x100001c0                __default_isrs_start
                0x100001c2                isr_nmi
                0x100001c4                isr_hardfault
                0x100001c6                isr_svcall
                0x100001c8                isr_pendsv
                0x100001ca                isr_systick
                0x100001cc                isr_irq30
                0x100001cc                __unhandled_user_irq
                0x100001cc                isr_irq13
                0x100001cc                isr_irq27
                0x100001cc                isr_irq31
                0x100001cc                isr_irq5
                0x100001cc                isr_irq11
                0x100001cc                isr_irq23
                0x100001cc                isr_irq18
                0x100001cc                isr_irq28
                0x100001cc                isr_irq19
                0x100001cc                isr_irq0
                0x100001cc                isr_irq6
                0x100001cc                isr_irq22
                0x100001cc                isr_irq17
                0x100001cc                isr_irq14
                0x100001cc                isr_irq2
                0x100001cc                isr_irq10
                0x100001cc                isr_irq8
                0x100001cc                isr_irq24
                0x100001cc                isr_irq1
                0x100001cc                isr_irq7
                0x100001cc                isr_irq21
                0x100001cc                isr_irq20
                0x100001cc                isr_irq15
                0x100001cc                isr_irq25
                0x100001cc                isr_irq4
                0x100001cc                isr_irq16
                0x100001cc                isr_irq29
                0x100001cc                isr_irq26
                0x100001cc                __default_isrs_end
                0x100001cc                isr_irq3
                0x100001cc                isr_irq12
                0x100001cc                isr_irq9
                0x100001d2                unhandled_user_irq_num_in_r0
 *(.binary_info_header)
 .binary_info_header
                0x100001d4       0x14 CMakeFiles/audiopwm.dir/home/unheil/pico/pico-sdk/src/rp2_common/pico_standard_link/crt0.S.obj
                0x100001e8                        __binary_info_header_end = .
 *(.reset)
 .reset         0x100001e8       0xa0 CMakeFiles/audiopwm.dir/home/unheil/pico/pico-sdk/src/rp2_common/pico_standard_link/crt0.S.obj
                0x100001e8                _entry_point
 .reset         0x10000288       0x30 CMakeFiles/audiopwm.dir/home/unheil/pico/pico-sdk/src/rp2_common/pico_standard_link/binary_info.c.obj
 *(.init)
 .init          0x100002b8        0x4 /usr/lib/gcc/arm-none-eabi/12.2.1/thumb/v6-m/nofp/crti.o
                0x100002b8                _init
 *(EXCLUDE_FILE(*libm.a: *libc.a:*lib_a-mem*.o *libgcc.a:) .text*)
 .text          0x100002bc       0x98 /usr/lib/gcc/arm-none-eabi/12.2.1/thumb/v6-m/nofp/crtbegin.o
 .text.dma_handler
                0x10000354       0x78 CMakeFiles/audiopwm.dir/audiopwm.c.obj
                0x10000354                dma_handler
 .text.adc_handler
                0x100003cc       0x48 CMakeFiles/audiopwm.dir/audiopwm.c.obj
                0x100003cc                adc_handler
 .text.init_audio_buffers
                0x10000414       0x44 CMakeFiles/audiopwm.dir/audiopwm.c.obj
                0x10000414                init_audio_buffers
 .text.init_pio
                0x10000458       0xa0 CMakeFiles/audiopwm.dir/audiopwm.c.obj
                0x10000458                init_pio
 .text.init_dma
                0x100004f8       0x5c CMakeFiles/audiopwm.dir/audiopwm.c.obj
                0x100004f8                init_dma
 .text.init_adc
                0x10000554       0xc0 CMakeFiles/audiopwm.dir/audiopwm.c.obj
                0x10000554                init_adc
 .text.init_oscillators
                0x10000614       0x7c CMakeFiles/audiopwm.dir/audiopwm.c.obj
                0x10000614                init_oscillators
 .text.startup.main
                0x10000690      0x5a0 CMakeFiles/audiopwm.dir/audiopwm.c.obj
                0x10000690                main
 .text.set_sys_clock_pll
                0x10000c30       0x78 CMakeFiles/audiopwm.dir/home/unheil/pico/pico-sdk/src/rp2_common/pico_stdlib/stdlib.c.obj
                0x10000c30                set_sys_clock_pll
 .text.check_sys_clock_khz
                0x10000ca8      0x210 CMakeFiles/audiopwm.dir/home/unheil/pico/pico-sdk/src/rp2_common/pico_stdlib/stdlib.c.obj
                0x10000ca8                check_sys_clock_khz
 .text.gpio_set_function
                0x10000eb8       0x30 CMakeFiles/audiopwm.dir/home/unheil/pico/pico-sdk/src/rp2_common/hardware_gpio/gpio.c.obj
                0x10000eb8                gpio_set_function
 .text.gpio_set_pulls
                0x10000ee8       0x24 CMakeFiles/audiopwm.dir/home/unheil/pico/pico-sdk/src/rp2_common/hardware_gpio/gpio.c.obj
                0x10000ee8                gpio_set_pulls
 .text.gpio_set_input_enabled
                0x10000f0c       0x28 CMakeFiles/audiopwm.dir/home/unheil/pico/pico-sdk/src/rp2_common/hardware_gpio/gpio.c.obj
                0x10000f0c                gpio_set_input_enabled
 .text.running_on_fpga
                0x10000f34       0x10 CMakeFiles/audiopwm.dir/home/unheil/pico/pico-sdk/src/rp2_common/pico_platform/platform.c.obj
                0x10000f34                running_on_fpga
 .text.hw_claim_lock
                0x10000f44       0x18 CMakeFiles/audiopwm.dir/home/unheil/pico/pico-sdk/src/rp2_common/hardware_claim/claim.c.obj
                0x10000f44                hw_claim_lock
 .text.hw_claim_unlock
                0x10000f5c       0x14 CMakeFiles/audiopwm.dir/home/unheil/pico/pico-sdk/src/rp2_common/hardware_claim/claim.c.obj
                0x10000f5c                hw_claim_unlock
 .text.hw_claim_or_assert
                0x10000f70       0x44 CMakeFiles/audiopwm.dir/home/unheil/pico/pico-sdk/src/rp2_common/hardware_claim/claim.c.obj
                0x10000f70                hw_claim_or_assert
 .text.hw_claim_unused_from_range
                0x10000fb4       0x9c CMakeFiles/audiopwm.dir/home/unheil/pico/pico-sdk/src/rp2_common/hardware_claim/claim.c.obj
                0x10000fb4                hw_claim_unused_from_range
 .text.spin_locks_reset
                0x10001050       0x1c CMakeFiles/audiopwm.dir/home/unheil/pico/pico-sdk/src/rp2_common/hardware_sync/sync.c.obj
                0x10001050                spin_locks_reset
 .text.next_striped_spin_lock_num
                0x1000106c       0x18 CMakeFiles/audiopwm.dir/home/unheil/pico/pico-sdk/src/rp2_common/hardware_sync/sync.c.obj
                0x1000106c                next_striped_spin_lock_num
 .text.spin_lock_claim_unused
                0x10001084       0x24 CMakeFiles/audiopwm.dir/home/unheil/pico/pico-sdk/src/rp2_common/hardware_sync/sync.c.obj
                0x10001084                spin_lock_claim_unused
 .text.irq_set_enabled
                0x100010a8       0x24 CMakeFiles/audiopwm.dir/home/unheil/pico/pico-sdk/src/rp2_common/hardware_irq/irq.c.obj
                0x100010a8                irq_set_enabled
 .text.irq_set_pending
                0x100010cc       0x10 CMakeFiles/audiopwm.dir/home/unheil/pico/pico-sdk/src/rp2_common/hardware_irq/irq.c.obj
                0x100010cc                irq_set_pending
 .text.irq_has_shared_handler
                0x100010dc       0x2c CMakeFiles/audiopwm.dir/home/unheil/pico/pico-sdk/src/rp2_common/hardware_irq/irq.c.obj
                0x100010dc                irq_has_shared_handler
 .text.irq_get_vtable_handler
                0x10001108       0x10 CMakeFiles/audiopwm.dir/home/unheil/pico/pico-sdk/src/rp2_common/hardware_irq/irq.c.obj
                0x10001108                irq_get_vtable_handler
 .text.irq_set_exclusive_handler
                0x10001118       0x54 CMakeFiles/audiopwm.dir/home/unheil/pico/pico-sdk/src/rp2_common/hardware_irq/irq.c.obj
                0x10001118                irq_set_exclusive_handler
 .text.irq_add_shared_handler
                0x1000116c      0x1f4 CMakeFiles/audiopwm.dir/home/unheil/pico/pico-sdk/src/rp2_common/hardware_irq/irq.c.obj
                0x1000116c                irq_add_shared_handler
 .text.irq_remove_handler
                0x10001360      0x1c4 CMakeFiles/audiopwm.dir/home/unheil/pico/pico-sdk/src/rp2_common/hardware_irq/irq.c.obj
                0x10001360                irq_remove_handler
 .text.irq_add_tail_to_free_list
                0x10001524       0xb4 CMakeFiles/audiopwm.dir/home/unheil/pico/pico-sdk/src/rp2_common/hardware_irq/irq.c.obj
                0x10001524                irq_add_tail_to_free_list
 .text.irq_init_priorities
                0x100015d8       0x24 CMakeFiles/audiopwm.dir/home/unheil/pico/pico-sdk/src/rp2_common/hardware_irq/irq.c.obj
                0x100015d8                irq_init_priorities
 .text.user_irq_claim_unused
                0x100015fc       0x2c CMakeFiles/audiopwm.dir/home/unheil/pico/pico-sdk/src/rp2_common/hardware_irq/irq.c.obj
                0x100015fc                user_irq_claim_unused
 .text.lock_init
                0x10001628       0x10 CMakeFiles/audiopwm.dir/home/unheil/pico/pico-sdk/src/common/pico_sync/lock_core.c.obj
                0x10001628                lock_init
 .text.mutex_init
                0x10001638       0x1c CMakeFiles/audiopwm.dir/home/unheil/pico/pico-sdk/src/common/pico_sync/mutex.c.obj
                0x10001638                mutex_init
 .text.recursive_mutex_init
                0x10001654       0x1c CMakeFiles/audiopwm.dir/home/unheil/pico/pico-sdk/src/common/pico_sync/mutex.c.obj
                0x10001654                recursive_mutex_init
 .text.critical_section_init
                0x10001670       0x1c CMakeFiles/audiopwm.dir/home/unheil/pico/pico-sdk/src/common/pico_sync/critical_section.c.obj
                0x10001670                critical_section_init
 .text.critical_section_init_with_lock_num
                0x1000168c       0x14 CMakeFiles/audiopwm.dir/home/unheil/pico/pico-sdk/src/common/pico_sync/critical_section.c.obj
                0x1000168c                critical_section_init_with_lock_num
 .text.timer_pool_entry_comparator
                0x100016a0       0x34 CMakeFiles/audiopwm.dir/home/unheil/pico/pico-sdk/src/common/pico_time/time.c.obj
                0x100016a0                timer_pool_entry_comparator
 .text.sleep_until_callback
                0x100016d4       0x30 CMakeFiles/audiopwm.dir/home/unheil/pico/pico-sdk/src/common/pico_time/time.c.obj
 .text.add_alarm_under_lock.isra.0
                0x10001704      0x100 CMakeFiles/audiopwm.dir/home/unheil/pico/pico-sdk/src/common/pico_time/time.c.obj
 .text.alarm_pool_alarm_callback
                0x10001804      0x1c0 CMakeFiles/audiopwm.dir/home/unheil/pico/pico-sdk/src/common/pico_time/time.c.obj
 .text.alarm_pool_init_default
                0x100019c4       0x6c CMakeFiles/audiopwm.dir/home/unheil/pico/pico-sdk/src/common/pico_time/time.c.obj
                0x100019c4                alarm_pool_init_default
 .text.alarm_pool_get_default
                0x10001a30        0x8 CMakeFiles/audiopwm.dir/home/unheil/pico/pico-sdk/src/common/pico_time/time.c.obj
                0x10001a30                alarm_pool_get_default
 .text.alarm_pool_add_alarm_at
                0x10001a38      0x188 CMakeFiles/audiopwm.dir/home/unheil/pico/pico-sdk/src/common/pico_time/time.c.obj
                0x10001a38                alarm_pool_add_alarm_at
 .text.alarm_pool_core_num
                0x10001bc0        0x4 CMakeFiles/audiopwm.dir/home/unheil/pico/pico-sdk/src/common/pico_time/time.c.obj
                0x10001bc0                alarm_pool_core_num
 .text.sleep_until
                0x10001bc4       0xc4 CMakeFiles/audiopwm.dir/home/unheil/pico/pico-sdk/src/common/pico_time/time.c.obj
                0x10001bc4                sleep_until
 .text.sleep_us
                0x10001c88       0x28 CMakeFiles/audiopwm.dir/home/unheil/pico/pico-sdk/src/common/pico_time/time.c.obj
                0x10001c88                sleep_us
 .text.best_effort_wfe_or_timeout
                0x10001cb0       0xec CMakeFiles/audiopwm.dir/home/unheil/pico/pico-sdk/src/common/pico_time/time.c.obj
                0x10001cb0                best_effort_wfe_or_timeout
 .text.hardware_alarm_irq_handler
                0x10001d9c       0xbc CMakeFiles/audiopwm.dir/home/unheil/pico/pico-sdk/src/rp2_common/hardware_timer/timer.c.obj
 .text.hardware_alarm_claim
                0x10001e58       0x18 CMakeFiles/audiopwm.dir/home/unheil/pico/pico-sdk/src/rp2_common/hardware_timer/timer.c.obj
                0x10001e58                hardware_alarm_claim
 .text.time_us_64
                0x10001e70       0x14 CMakeFiles/audiopwm.dir/home/unheil/pico/pico-sdk/src/rp2_common/hardware_timer/timer.c.obj
                0x10001e70                time_us_64
 .text.busy_wait_us
                0x10001e84       0x68 CMakeFiles/audiopwm.dir/home/unheil/pico/pico-sdk/src/rp2_common/hardware_timer/timer.c.obj
                0x10001e84                busy_wait_us
 .text.busy_wait_until
                0x10001eec       0x20 CMakeFiles/audiopwm.dir/home/unheil/pico/pico-sdk/src/rp2_common/hardware_timer/timer.c.obj
                0x10001eec                busy_wait_until
 .text.hardware_alarm_set_callback
                0x10001f0c       0x8c CMakeFiles/audiopwm.dir/home/unheil/pico/pico-sdk/src/rp2_common/hardware_timer/timer.c.obj
                0x10001f0c                hardware_alarm_set_callback
 .text.hardware_alarm_set_target
                0x10001f98       0xd0 CMakeFiles/audiopwm.dir/home/unheil/pico/pico-sdk/src/rp2_common/hardware_timer/timer.c.obj
                0x10001f98                hardware_alarm_set_target
 .text.hardware_alarm_cancel
                0x10002068       0x3c CMakeFiles/audiopwm.dir/home/unheil/pico/pico-sdk/src/rp2_common/hardware_timer/timer.c.obj
                0x10002068                hardware_alarm_cancel
 .text.ph_merge_nodes
                0x100020a4       0x64 CMakeFiles/audiopwm.dir/home/unheil/pico/pico-sdk/src/common/pico_util/pheap.c.obj
 .text.ph_post_alloc_init
                0x10002108       0x3c CMakeFiles/audiopwm.dir/home/unheil/pico/pico-sdk/src/common/pico_util/pheap.c.obj
                0x10002108                ph_post_alloc_init
 .text.ph_merge_two_pass
                0x10002144       0x98 CMakeFiles/audiopwm.dir/home/unheil/pico/pico-sdk/src/common/pico_util/pheap.c.obj
                0x10002144                ph_merge_two_pass
 .text.ph_remove_any_head
                0x100021dc      0x100 CMakeFiles/audiopwm.dir/home/unheil/pico/pico-sdk/src/common/pico_util/pheap.c.obj
 .text.ph_remove_head
                0x100022dc      0x104 CMakeFiles/audiopwm.dir/home/unheil/pico/pico-sdk/src/common/pico_util/pheap.c.obj
                0x100022dc                ph_remove_head
 .text.ph_remove_and_free_node
                0x100023e0       0x78 CMakeFiles/audiopwm.dir/home/unheil/pico/pico-sdk/src/common/pico_util/pheap.c.obj
                0x100023e0                ph_remove_and_free_node
 .text.uart_init
                0x10002458      0x188 CMakeFiles/audiopwm.dir/home/unheil/pico/pico-sdk/src/rp2_common/hardware_uart/uart.c.obj
                0x10002458                uart_init
 .text.clock_configure
                0x100025e0      0x114 CMakeFiles/audiopwm.dir/home/unheil/pico/pico-sdk/src/rp2_common/hardware_clocks/clocks.c.obj
                0x100025e0                clock_configure
 .text.clocks_init
                0x100026f4      0x2c8 CMakeFiles/audiopwm.dir/home/unheil/pico/pico-sdk/src/rp2_common/hardware_clocks/clocks.c.obj
                0x100026f4                clocks_init
 .text.clock_get_hz
                0x100029bc        0xc CMakeFiles/audiopwm.dir/home/unheil/pico/pico-sdk/src/rp2_common/hardware_clocks/clocks.c.obj
                0x100029bc                clock_get_hz
 .text.pll_init
                0x100029c8       0xa0 CMakeFiles/audiopwm.dir/home/unheil/pico/pico-sdk/src/rp2_common/hardware_pll/pll.c.obj
                0x100029c8                pll_init
 .text.watchdog_start_tick
                0x10002a68       0x10 CMakeFiles/audiopwm.dir/home/unheil/pico/pico-sdk/src/rp2_common/hardware_watchdog/watchdog.c.obj
                0x10002a68                watchdog_start_tick
 .text.watchdog_reboot
                0x10002a78       0x9c CMakeFiles/audiopwm.dir/home/unheil/pico/pico-sdk/src/rp2_common/hardware_watchdog/watchdog.c.obj
                0x10002a78                watchdog_reboot
 .text.xosc_init
                0x10002b14       0x28 CMakeFiles/audiopwm.dir/home/unheil/pico/pico-sdk/src/rp2_common/hardware_xosc/xosc.c.obj
                0x10002b14                xosc_init
 .text.runtime_init
                0x10002b3c       0xf0 CMakeFiles/audiopwm.dir/home/unheil/pico/pico-sdk/src/rp2_common/pico_runtime/runtime.c.obj
                0x10002b3c                runtime_init
 .text._exit    0x10002c2c        0x4 CMakeFiles/audiopwm.dir/home/unheil/pico/pico-sdk/src/rp2_common/pico_runtime/runtime.c.obj
                0x10002c2c                _exit
 .text.exit     0x10002c30        0x8 CMakeFiles/audiopwm.dir/home/unheil/pico/pico-sdk/src/rp2_common/pico_runtime/runtime.c.obj
                0x10002c30                exit
 .text.panic    0x10002c38       0x30 CMakeFiles/audiopwm.dir/home/unheil/pico/pico-sdk/src/rp2_common/pico_runtime/runtime.c.obj
                0x10002c38                panic
 .text.hard_assertion_failure
                0x10002c68        0xc CMakeFiles/audiopwm.dir/home/unheil/pico/pico-sdk/src/rp2_common/pico_runtime/runtime.c.obj
                0x10002c68                hard_assertion_failure
 .text._out_char
                0x10002c74       0x10 CMakeFiles/audiopwm.dir/home/unheil/pico/pico-sdk/src/rp2_common/pico_printf/printf.c.obj
 .text.weak_raw_vprintf
                0x10002c84       0x30 CMakeFiles/audiopwm.dir/home/unheil/pico/pico-sdk/src/rp2_common/pico_printf/printf.c.obj
                0x10002c84                weak_raw_vprintf
 .text          0x10002cb4       0x10 CMakeFiles/audiopwm.dir/home/unheil/pico/pico-sdk/src/rp2_common/pico_bit_ops/bit_ops_aeabi.S.obj
 .text.rom_func_lookup
                0x10002cc4       0x10 CMakeFiles/audiopwm.dir/home/unheil/pico/pico-sdk/src/rp2_common/pico_bootrom/bootrom.c.obj
                0x10002cc4                rom_func_lookup
 .text.rom_data_lookup
                0x10002cd4       0x10 CMakeFiles/audiopwm.dir/home/unheil/pico/pico-sdk/src/rp2_common/pico_bootrom/bootrom.c.obj
                0x10002cd4                rom_data_lookup
 .text.rom_funcs_lookup
                0x10002ce4       0x44 CMakeFiles/audiopwm.dir/home/unheil/pico/pico-sdk/src/rp2_common/pico_bootrom/bootrom.c.obj
                0x10002ce4                rom_funcs_lookup
 .text.__wrap___aeabi_idiv
                0x10002d28       0x50 CMakeFiles/audiopwm.dir/home/unheil/pico/pico-sdk/src/rp2_common/pico_divider/divider.S.obj
                0x10002d28                __wrap___aeabi_idivmod
                0x10002d28                divmod_s32s32
                0x10002d28                div_s32s32
                0x10002d28                __wrap___aeabi_idiv
                0x10002d30                divmod_s32s32_unsafe
                0x10002d5c                divmod_s32s32_savestate
 .text.__wrap___aeabi_uidiv
                0x10002d78       0x4c CMakeFiles/audiopwm.dir/home/unheil/pico/pico-sdk/src/rp2_common/pico_divider/divider.S.obj
                0x10002d78                __wrap___aeabi_uidiv
                0x10002d78                __wrap___aeabi_uidivmod
                0x10002d78                div_u32u32
                0x10002d78                divmod_u32u32
                0x10002d80                divmod_u32u32_unsafe
                0x10002da8                divmod_u32u32_savestate
 .text.__wrap___aeabi_ldiv
                0x10002dc4      0x424 CMakeFiles/audiopwm.dir/home/unheil/pico/pico-sdk/src/rp2_common/pico_divider/divider.S.obj
                0x10002dc4                div_s64s64
                0x10002dc4                divmod_s64s64
                0x10002dc4                __wrap___aeabi_ldivmod
                0x10002df4                div_u64u64
                0x10002df4                divmod_u64u64
                0x10002df4                __wrap___aeabi_uldivmod
                0x10002e04                divmod_u64u64_savestate
                0x10002e24                divmod_s64s64_unsafe
                0x10002eac                divmod_u64u64_unsafe
 .text.__wrap___aeabi_darithmetic
                0x100031e8       0x80 CMakeFiles/audiopwm.dir/home/unheil/pico/pico-sdk/src/rp2_common/pico_double/double_aeabi.S.obj
                0x100031e8                __wrap___aeabi_drsub
                0x100031ee                __wrap___aeabi_dsub
                0x10003200                __wrap___aeabi_dadd
                0x10003212                __wrap___aeabi_ddiv
                0x1000324e                __wrap___aeabi_dmul
 .text.__wrap___aeabi_d2uiz
                0x10003268       0x18 CMakeFiles/audiopwm.dir/home/unheil/pico/pico-sdk/src/rp2_common/pico_double/double_aeabi.S.obj
                0x10003268                double2uint
                0x10003268                __wrap___aeabi_d2uiz
 .text.__wrap___aeabi_d2f
                0x10003280       0x18 CMakeFiles/audiopwm.dir/home/unheil/pico/pico-sdk/src/rp2_common/pico_double/double_aeabi.S.obj
                0x10003280                __wrap___aeabi_d2f
 .text.__aeabi_double_init
                0x10003298       0x98 CMakeFiles/audiopwm.dir/home/unheil/pico/pico-sdk/src/rp2_common/pico_double/double_init_rom.c.obj
                0x10003298                __aeabi_double_init
 .text.double_table_shim_on_use_helper
                0x10003330       0x2c CMakeFiles/audiopwm.dir/home/unheil/pico/pico-sdk/src/rp2_common/pico_double/double_v1_rom_shim.S.obj
                0x10003330                double_table_shim_on_use_helper
 .text.__wrap___aeabi_dsub
                0x1000335c       0x10 CMakeFiles/audiopwm.dir/home/unheil/pico/pico-sdk/src/rp2_common/pico_double/double_v1_rom_shim.S.obj
                0x1000335c                drsub_shim
                0x10003362                dsub_shim
 .text.dadd_shim
                0x1000336c      0x15c CMakeFiles/audiopwm.dir/home/unheil/pico/pico-sdk/src/rp2_common/pico_double/double_v1_rom_shim.S.obj
                0x1000336c                dadd_shim
 .text.dmul_shim
                0x100034c8      0x15c CMakeFiles/audiopwm.dir/home/unheil/pico/pico-sdk/src/rp2_common/pico_double/double_v1_rom_shim.S.obj
                0x100034c8                dmul_shim
 .text.ddiv_shim
                0x10003624      0x1b0 CMakeFiles/audiopwm.dir/home/unheil/pico/pico-sdk/src/rp2_common/pico_double/double_v1_rom_shim.S.obj
                0x10003624                ddiv_shim
 .text.double2uint_shim
                0x100037d4        0xe CMakeFiles/audiopwm.dir/home/unheil/pico/pico-sdk/src/rp2_common/pico_double/double_v1_rom_shim.S.obj
                0x100037d4                double2uint_shim
                0x100037d6                double2ufix_shim
 *fill*         0x100037e2        0x2 
 .text.double2uint64_shim
                0x100037e4       0x70 CMakeFiles/audiopwm.dir/home/unheil/pico/pico-sdk/src/rp2_common/pico_double/double_v1_rom_shim.S.obj
                0x100037e4                double2uint64_shim
                0x100037e6                double2ufix64_shim
                0x10003806                d2fix_a
 .text.double2float_shim
                0x10003854       0x5c CMakeFiles/audiopwm.dir/home/unheil/pico/pico-sdk/src/rp2_common/pico_double/double_v1_rom_shim.S.obj
                0x10003854                double2float_shim
 .text.dunpacks
                0x100038b0       0x3c CMakeFiles/audiopwm.dir/home/unheil/pico/pico-sdk/src/rp2_common/pico_double/double_v1_rom_shim.S.obj
                0x100038b0                dunpacks
 .text.__aeabi_lmul
                0x100038ec       0x32 CMakeFiles/audiopwm.dir/home/unheil/pico/pico-sdk/src/rp2_common/pico_int64_ops/pico_int64_ops_aeabi.S.obj
                0x100038ec                __wrap___aeabi_lmul
 *fill*         0x1000391e        0x2 
 .text.__wrap___aeabi_farithmetic
                0x10003920       0x48 CMakeFiles/audiopwm.dir/home/unheil/pico/pico-sdk/src/rp2_common/pico_float/float_aeabi.S.obj
                0x10003920                __wrap___aeabi_frsub
                0x10003926                __wrap___aeabi_fsub
                0x1000392c                __wrap___aeabi_fadd
                0x10003932                __wrap___aeabi_fdiv
                0x1000395a                __wrap___aeabi_fmul
 .text.__wrap___aeabi_cfcmple
                0x10003968       0x50 CMakeFiles/audiopwm.dir/home/unheil/pico/pico-sdk/src/rp2_common/pico_float/float_aeabi.S.obj
                0x10003968                __wrap___aeabi_cfrcmple
                0x10003974                __wrap___aeabi_cfcmpeq
                0x10003974                __wrap___aeabi_cfcmple
 .text.__wrap___aeabi_fcmplt
                0x100039b8        0xc CMakeFiles/audiopwm.dir/home/unheil/pico/pico-sdk/src/rp2_common/pico_float/float_aeabi.S.obj
                0x100039b8                __wrap___aeabi_fcmplt
 .text.__wrap___aeabi_fcmpgt
                0x100039c4        0xa CMakeFiles/audiopwm.dir/home/unheil/pico/pico-sdk/src/rp2_common/pico_float/float_aeabi.S.obj
                0x100039c4                __wrap___aeabi_fcmpgt
 .text.__wrap___aeabi_ui2f
                0x100039ce        0xa CMakeFiles/audiopwm.dir/home/unheil/pico/pico-sdk/src/rp2_common/pico_float/float_aeabi.S.obj
                0x100039ce                __wrap___aeabi_ui2f
 .text.__wrap___aeabi_i2f
                0x100039d8       0x44 CMakeFiles/audiopwm.dir/home/unheil/pico/pico-sdk/src/rp2_common/pico_float/float_aeabi.S.obj
                0x100039d8                __wrap___aeabi_i2f
 .text.__wrap___aeabi_f2d
                0x10003a1c       0x14 CMakeFiles/audiopwm.dir/home/unheil/pico/pico-sdk/src/rp2_common/pico_float/float_aeabi.S.obj
                0x10003a1c                __wrap___aeabi_f2d
 .text.__wrap_sqrtf
                0x10003a30       0x20 CMakeFiles/audiopwm.dir/home/unheil/pico/pico-sdk/src/rp2_common/pico_float/float_aeabi.S.obj
                0x10003a30                __wrap_sqrtf
 .text.__wrap_expf
                0x10003a50        0xc CMakeFiles/audiopwm.dir/home/unheil/pico/pico-sdk/src/rp2_common/pico_float/float_aeabi.S.obj
                0x10003a50                __wrap_expf
 .text.__wrap_logf
                0x10003a5c        0xc CMakeFiles/audiopwm.dir/home/unheil/pico/pico-sdk/src/rp2_common/pico_float/float_aeabi.S.obj
                0x10003a5c                __wrap_logf
 .text.__aeabi_float_init
                0x10003a68       0x64 CMakeFiles/audiopwm.dir/home/unheil/pico/pico-sdk/src/rp2_common/pico_float/float_init_rom.c.obj
                0x10003a68                __aeabi_float_init
 .text.__wrap_cbrtf
                0x10003acc       0x9c CMakeFiles/audiopwm.dir/home/unheil/pico/pico-sdk/src/rp2_common/pico_float/float_math.c.obj
                0x10003acc                __wrap_cbrtf
 .text.float_table_shim_on_use_helper
                0x10003b68       0x2c CMakeFiles/audiopwm.dir/home/unheil/pico/pico-sdk/src/rp2_common/pico_float/float_v1_rom_shim.S.obj
                0x10003b68                float_table_shim_on_use_helper
 .text.float2double_shim
                0x10003b94       0x30 CMakeFiles/audiopwm.dir/home/unheil/pico/pico-sdk/src/rp2_common/pico_float/float_v1_rom_shim.S.obj
                0x10003b94                float2double_shim
 .text          0x10003bc4       0x10 CMakeFiles/audiopwm.dir/home/unheil/pico/pico-sdk/src/rp2_common/pico_mem_ops/mem_ops_aeabi.S.obj
                0x10003bc4                __aeabi_mem_init
 .text.memset   0x10003bd4        0xc CMakeFiles/audiopwm.dir/home/unheil/pico/pico-sdk/src/rp2_common/pico_mem_ops/mem_ops_aeabi.S.obj
                0x10003bd4                __wrap_memset
 .text.memcpy   0x10003be0        0xc CMakeFiles/audiopwm.dir/home/unheil/pico/pico-sdk/src/rp2_common/pico_mem_ops/mem_ops_aeabi.S.obj
                0x10003be0                __wrap___aeabi_memcpy
                0x10003be0                __wrap_memcpy
 .text.stdio_out_chars_crlf
                0x10003bec       0xbc CMakeFiles/audiopwm.dir/home/unheil/pico/pico-sdk/src/rp2_common/pico_stdio/stdio.c.obj
 .text.__wrap_putchar
                0x10003ca8       0x98 CMakeFiles/audiopwm.dir/home/unheil/pico/pico-sdk/src/rp2_common/pico_stdio/stdio.c.obj
                0x10003ca8                __wrap_putchar
 .text.__wrap_puts
                0x10003d40       0xe0 CMakeFiles/audiopwm.dir/home/unheil/pico/pico-sdk/src/rp2_common/pico_stdio/stdio.c.obj
                0x10003d40                __wrap_puts
 .text.stdio_set_driver_enabled
                0x10003e20       0x30 CMakeFiles/audiopwm.dir/home/unheil/pico/pico-sdk/src/rp2_common/pico_stdio/stdio.c.obj
                0x10003e20                stdio_set_driver_enabled
 .text.stdio_init_all
                0x10003e50       0x10 CMakeFiles/audiopwm.dir/home/unheil/pico/pico-sdk/src/rp2_common/pico_stdio/stdio.c.obj
                0x10003e50                stdio_init_all
 .text.stdio_uart_out_chars
                0x10003e60       0x4c CMakeFiles/audiopwm.dir/home/unheil/pico/pico-sdk/src/rp2_common/pico_stdio_uart/stdio_uart.c.obj
 .text.stdio_uart_in_chars
                0x10003eac       0x98 CMakeFiles/audiopwm.dir/home/unheil/pico/pico-sdk/src/rp2_common/pico_stdio_uart/stdio_uart.c.obj
                0x10003eac                stdio_uart_in_chars
 .text.on_uart_rx
                0x10003f44       0x28 CMakeFiles/audiopwm.dir/home/unheil/pico/pico-sdk/src/rp2_common/pico_stdio_uart/stdio_uart.c.obj
 .text.stdio_uart_set_chars_available_callback
                0x10003f6c       0x8c CMakeFiles/audiopwm.dir/home/unheil/pico/pico-sdk/src/rp2_common/pico_stdio_uart/stdio_uart.c.obj
 .text.stdio_uart_init
                0x10003ff8       0x48 CMakeFiles/audiopwm.dir/home/unheil/pico/pico-sdk/src/rp2_common/pico_stdio_uart/stdio_uart.c.obj
                0x10003ff8                stdio_uart_init
 .text.resetd_init
                0x10004040        0x4 CMakeFiles/audiopwm.dir/home/unheil/pico/pico-sdk/src/rp2_common/pico_stdio_usb/reset_interface.c.obj
 .text.resetd_reset
                0x10004044        0xc CMakeFiles/audiopwm.dir/home/unheil/pico/pico-sdk/src/rp2_common/pico_stdio_usb/reset_interface.c.obj
 .text.resetd_open
                0x10004050       0x28 CMakeFiles/audiopwm.dir/home/unheil/pico/pico-sdk/src/rp2_common/pico_stdio_usb/reset_interface.c.obj
 .text.resetd_xfer_cb
                0x10004078        0x4 CMakeFiles/audiopwm.dir/home/unheil/pico/pico-sdk/src/rp2_common/pico_stdio_usb/reset_interface.c.obj
 .text.resetd_control_xfer_cb
                0x1000407c       0x60 CMakeFiles/audiopwm.dir/home/unheil/pico/pico-sdk/src/rp2_common/pico_stdio_usb/reset_interface.c.obj
 .text.usbd_app_driver_get_cb
                0x100040dc        0xc CMakeFiles/audiopwm.dir/home/unheil/pico/pico-sdk/src/rp2_common/pico_stdio_usb/reset_interface.c.obj
                0x100040dc                usbd_app_driver_get_cb
 .text.tud_cdc_line_coding_cb
                0x100040e8       0x34 CMakeFiles/audiopwm.dir/home/unheil/pico/pico-sdk/src/rp2_common/pico_stdio_usb/reset_interface.c.obj
                0x100040e8                tud_cdc_line_coding_cb
 .text.stdio_usb_set_chars_available_callback
                0x1000411c       0x14 CMakeFiles/audiopwm.dir/home/unheil/pico/pico-sdk/src/rp2_common/pico_stdio_usb/stdio_usb.c.obj
                0x1000411c                stdio_usb_set_chars_available_callback
 .text.usb_irq  0x10004130       0x10 CMakeFiles/audiopwm.dir/home/unheil/pico/pico-sdk/src/rp2_common/pico_stdio_usb/stdio_usb.c.obj
 .text.timer_task
                0x10004140       0x54 CMakeFiles/audiopwm.dir/home/unheil/pico/pico-sdk/src/rp2_common/pico_stdio_usb/stdio_usb.c.obj
 .text.stdio_usb_in_chars
                0x10004194       0x90 CMakeFiles/audiopwm.dir/home/unheil/pico/pico-sdk/src/rp2_common/pico_stdio_usb/stdio_usb.c.obj
                0x10004194                stdio_usb_in_chars
 .text.stdio_usb_out_chars
                0x10004224      0x104 CMakeFiles/audiopwm.dir/home/unheil/pico/pico-sdk/src/rp2_common/pico_stdio_usb/stdio_usb.c.obj
 .text.low_priority_worker_irq
                0x10004328       0xa8 CMakeFiles/audiopwm.dir/home/unheil/pico/pico-sdk/src/rp2_common/pico_stdio_usb/stdio_usb.c.obj
 .text.tud_cdc_rx_cb
                0x100043d0       0x20 CMakeFiles/audiopwm.dir/home/unheil/pico/pico-sdk/src/rp2_common/pico_stdio_usb/stdio_usb.c.obj
                0x100043d0                tud_cdc_rx_cb
 .text.stdio_usb_init
                0x100043f0       0xe0 CMakeFiles/audiopwm.dir/home/unheil/pico/pico-sdk/src/rp2_common/pico_stdio_usb/stdio_usb.c.obj
                0x100043f0                stdio_usb_init
 .text.tud_descriptor_device_cb
                0x100044d0        0x8 CMakeFiles/audiopwm.dir/home/unheil/pico/pico-sdk/src/rp2_common/pico_stdio_usb/stdio_usb_descriptors.c.obj
                0x100044d0                tud_descriptor_device_cb
 .text.tud_descriptor_configuration_cb
                0x100044d8        0x8 CMakeFiles/audiopwm.dir/home/unheil/pico/pico-sdk/src/rp2_common/pico_stdio_usb/stdio_usb_descriptors.c.obj
                0x100044d8                tud_descriptor_configuration_cb
 .text.tud_descriptor_string_cb
                0x100044e0       0x78 CMakeFiles/audiopwm.dir/home/unheil/pico/pico-sdk/src/rp2_common/pico_stdio_usb/stdio_usb_descriptors.c.obj
                0x100044e0                tud_descriptor_string_cb
 .text.startup._retrieve_unique_id_on_boot
                0x10004558       0x10 CMakeFiles/audiopwm.dir/home/unheil/pico/pico-sdk/src/rp2_common/pico_unique_id/unique_id.c.obj
 .text.pico_get_unique_board_id_string
                0x10004568      0x1a8 CMakeFiles/audiopwm.dir/home/unheil/pico/pico-sdk/src/rp2_common/pico_unique_id/unique_id.c.obj
                0x10004568                pico_get_unique_board_id_string
 .text.flash_get_unique_id
                0x10004710       0x40 CMakeFiles/audiopwm.dir/home/unheil/pico/pico-sdk/src/rp2_common/hardware_flash/flash.c.obj
                0x10004710                flash_get_unique_id
 .text.dcd_int_enable
                0x10004750        0xc CMakeFiles/audiopwm.dir/home/unheil/pico/pico-sdk/lib/tinyusb/src/portable/raspberrypi/rp2040/dcd_rp2040.c.obj
                0x10004750                dcd_int_enable
 .text.dcd_set_address
                0x1000475c       0x14 CMakeFiles/audiopwm.dir/home/unheil/pico/pico-sdk/lib/tinyusb/src/portable/raspberrypi/rp2040/dcd_rp2040.c.obj
                0x1000475c                dcd_set_address
 .text.dcd_connect
                0x10004770       0x10 CMakeFiles/audiopwm.dir/home/unheil/pico/pico-sdk/lib/tinyusb/src/portable/raspberrypi/rp2040/dcd_rp2040.c.obj
                0x10004770                dcd_connect
 .text.dcd_init
                0x10004780       0x98 CMakeFiles/audiopwm.dir/home/unheil/pico/pico-sdk/lib/tinyusb/src/portable/raspberrypi/rp2040/dcd_rp2040.c.obj
                0x10004780                dcd_init
 .text.dcd_edpt0_status_complete
                0x10004818       0x1c CMakeFiles/audiopwm.dir/home/unheil/pico/pico-sdk/lib/tinyusb/src/portable/raspberrypi/rp2040/dcd_rp2040.c.obj
                0x10004818                dcd_edpt0_status_complete
 .text.dcd_edpt_open
                0x10004834      0x108 CMakeFiles/audiopwm.dir/home/unheil/pico/pico-sdk/lib/tinyusb/src/portable/raspberrypi/rp2040/dcd_rp2040.c.obj
                0x10004834                dcd_edpt_open
 .text.dcd_edpt_close_all
                0x1000493c        0x8 CMakeFiles/audiopwm.dir/home/unheil/pico/pico-sdk/lib/tinyusb/src/portable/raspberrypi/rp2040/dcd_rp2040.c.obj
                0x1000493c                dcd_edpt_close_all
 .text.dcd_edpt_xfer
                0x10004944       0x24 CMakeFiles/audiopwm.dir/home/unheil/pico/pico-sdk/lib/tinyusb/src/portable/raspberrypi/rp2040/dcd_rp2040.c.obj
                0x10004944                dcd_edpt_xfer
 .text.dcd_edpt_stall
                0x10004968       0x38 CMakeFiles/audiopwm.dir/home/unheil/pico/pico-sdk/lib/tinyusb/src/portable/raspberrypi/rp2040/dcd_rp2040.c.obj
                0x10004968                dcd_edpt_stall
 .text.dcd_edpt_clear_stall
                0x100049a0       0x30 CMakeFiles/audiopwm.dir/home/unheil/pico/pico-sdk/lib/tinyusb/src/portable/raspberrypi/rp2040/dcd_rp2040.c.obj
                0x100049a0                dcd_edpt_clear_stall
 .text.rp2040_usb_init
                0x100049d0       0x4c CMakeFiles/audiopwm.dir/home/unheil/pico/pico-sdk/lib/tinyusb/src/portable/raspberrypi/rp2040/rp2040_usb.c.obj
                0x100049d0                rp2040_usb_init
 .text.hw_endpoint_xfer_start
                0x10004a1c       0x40 CMakeFiles/audiopwm.dir/home/unheil/pico/pico-sdk/lib/tinyusb/src/portable/raspberrypi/rp2040/rp2040_usb.c.obj
                0x10004a1c                hw_endpoint_xfer_start
 .text.tud_mounted
                0x10004a5c       0x10 CMakeFiles/audiopwm.dir/home/unheil/pico/pico-sdk/lib/tinyusb/src/device/usbd.c.obj
                0x10004a5c                tud_mounted
 .text.tud_suspended
                0x10004a6c       0x10 CMakeFiles/audiopwm.dir/home/unheil/pico/pico-sdk/lib/tinyusb/src/device/usbd.c.obj
                0x10004a6c                tud_suspended
 .text.tud_inited
                0x10004a7c       0x14 CMakeFiles/audiopwm.dir/home/unheil/pico/pico-sdk/lib/tinyusb/src/device/usbd.c.obj
                0x10004a7c                tud_inited
 .text.tud_init
                0x10004a90       0xd8 CMakeFiles/audiopwm.dir/home/unheil/pico/pico-sdk/lib/tinyusb/src/device/usbd.c.obj
                0x10004a90                tud_init
 .text.tud_task_ext
                0x10004b68      0x8a8 CMakeFiles/audiopwm.dir/home/unheil/pico/pico-sdk/lib/tinyusb/src/device/usbd.c.obj
                0x10004b68                tud_task_ext
 .text.usbd_open_edpt_pair
                0x10005410       0x9c CMakeFiles/audiopwm.dir/home/unheil/pico/pico-sdk/lib/tinyusb/src/device/usbd.c.obj
                0x10005410                usbd_open_edpt_pair
 .text.usbd_defer_func
                0x100054ac       0x48 CMakeFiles/audiopwm.dir/home/unheil/pico/pico-sdk/lib/tinyusb/src/device/usbd.c.obj
                0x100054ac                usbd_defer_func
 .text.usbd_edpt_open
                0x100054f4       0x34 CMakeFiles/audiopwm.dir/home/unheil/pico/pico-sdk/lib/tinyusb/src/device/usbd.c.obj
                0x100054f4                usbd_edpt_open
 .text.usbd_edpt_claim
                0x10005528       0x28 CMakeFiles/audiopwm.dir/home/unheil/pico/pico-sdk/lib/tinyusb/src/device/usbd.c.obj
                0x10005528                usbd_edpt_claim
 .text.usbd_edpt_release
                0x10005550       0x28 CMakeFiles/audiopwm.dir/home/unheil/pico/pico-sdk/lib/tinyusb/src/device/usbd.c.obj
                0x10005550                usbd_edpt_release
 .text.usbd_edpt_xfer
                0x10005578       0x4c CMakeFiles/audiopwm.dir/home/unheil/pico/pico-sdk/lib/tinyusb/src/device/usbd.c.obj
                0x10005578                usbd_edpt_xfer
 .text.tud_control_status
                0x100055c4       0x2c CMakeFiles/audiopwm.dir/home/unheil/pico/pico-sdk/lib/tinyusb/src/device/usbd_control.c.obj
                0x100055c4                tud_control_status
 .text.tud_control_xfer
                0x100055f0       0xac CMakeFiles/audiopwm.dir/home/unheil/pico/pico-sdk/lib/tinyusb/src/device/usbd_control.c.obj
                0x100055f0                tud_control_xfer
 .text.usbd_control_reset
                0x1000569c       0x14 CMakeFiles/audiopwm.dir/home/unheil/pico/pico-sdk/lib/tinyusb/src/device/usbd_control.c.obj
                0x1000569c                usbd_control_reset
 .text.usbd_control_set_complete_callback
                0x100056b0        0xc CMakeFiles/audiopwm.dir/home/unheil/pico/pico-sdk/lib/tinyusb/src/device/usbd_control.c.obj
                0x100056b0                usbd_control_set_complete_callback
 .text.usbd_control_set_request
                0x100056bc       0x1c CMakeFiles/audiopwm.dir/home/unheil/pico/pico-sdk/lib/tinyusb/src/device/usbd_control.c.obj
                0x100056bc                usbd_control_set_request
 .text.usbd_control_xfer_cb
                0x100056d8       0xf4 CMakeFiles/audiopwm.dir/home/unheil/pico/pico-sdk/lib/tinyusb/src/device/usbd_control.c.obj
                0x100056d8                usbd_control_xfer_cb
 .text.tud_cdc_n_connected
                0x100057cc       0x30 CMakeFiles/audiopwm.dir/home/unheil/pico/pico-sdk/lib/tinyusb/src/class/cdc/cdc_device.c.obj
                0x100057cc                tud_cdc_n_connected
 .text.tud_cdc_n_available
                0x100057fc       0x18 CMakeFiles/audiopwm.dir/home/unheil/pico/pico-sdk/lib/tinyusb/src/class/cdc/cdc_device.c.obj
                0x100057fc                tud_cdc_n_available
 .text.tud_cdc_n_read
                0x10005814       0x70 CMakeFiles/audiopwm.dir/home/unheil/pico/pico-sdk/lib/tinyusb/src/class/cdc/cdc_device.c.obj
                0x10005814                tud_cdc_n_read
 .text.tud_cdc_n_write_flush
                0x10005884       0x78 CMakeFiles/audiopwm.dir/home/unheil/pico/pico-sdk/lib/tinyusb/src/class/cdc/cdc_device.c.obj
                0x10005884                tud_cdc_n_write_flush
 .text.tud_cdc_n_write
                0x100058fc       0x34 CMakeFiles/audiopwm.dir/home/unheil/pico/pico-sdk/lib/tinyusb/src/class/cdc/cdc_device.c.obj
                0x100058fc                tud_cdc_n_write
 .text.tud_cdc_n_write_available
                0x10005930       0x18 CMakeFiles/audiopwm.dir/home/unheil/pico/pico-sdk/lib/tinyusb/src/class/cdc/cdc_device.c.obj
                0x10005930                tud_cdc_n_write_available
 .text.cdcd_init
                0x10005948       0x7c CMakeFiles/audiopwm.dir/home/unheil/pico/pico-sdk/lib/tinyusb/src/class/cdc/cdc_device.c.obj
                0x10005948                cdcd_init
 .text.cdcd_reset
                0x100059c4       0x2c CMakeFiles/audiopwm.dir/home/unheil/pico/pico-sdk/lib/tinyusb/src/class/cdc/cdc_device.c.obj
                0x100059c4                cdcd_reset
 .text.cdcd_open
                0x100059f0       0xe4 CMakeFiles/audiopwm.dir/home/unheil/pico/pico-sdk/lib/tinyusb/src/class/cdc/cdc_device.c.obj
                0x100059f0                cdcd_open
 .text.cdcd_control_xfer_cb
                0x10005ad4       0xe4 CMakeFiles/audiopwm.dir/home/unheil/pico/pico-sdk/lib/tinyusb/src/class/cdc/cdc_device.c.obj
                0x10005ad4                cdcd_control_xfer_cb
 .text.cdcd_xfer_cb
                0x10005bb8      0x13c CMakeFiles/audiopwm.dir/home/unheil/pico/pico-sdk/lib/tinyusb/src/class/cdc/cdc_device.c.obj
                0x10005bb8                cdcd_xfer_cb
 .text.tusb_init
                0x10005cf4        0xc CMakeFiles/audiopwm.dir/home/unheil/pico/pico-sdk/lib/tinyusb/src/tusb.c.obj
                0x10005cf4                tusb_init
 .text.tusb_inited
                0x10005d00        0x8 CMakeFiles/audiopwm.dir/home/unheil/pico/pico-sdk/lib/tinyusb/src/tusb.c.obj
                0x10005d00                tusb_inited
 .text.tu_edpt_claim
                0x10005d08       0x50 CMakeFiles/audiopwm.dir/home/unheil/pico/pico-sdk/lib/tinyusb/src/tusb.c.obj
                0x10005d08                tu_edpt_claim
 .text.tu_edpt_release
                0x10005d58       0x38 CMakeFiles/audiopwm.dir/home/unheil/pico/pico-sdk/lib/tinyusb/src/tusb.c.obj
                0x10005d58                tu_edpt_release
 .text.tu_edpt_validate
                0x10005d90       0x7c CMakeFiles/audiopwm.dir/home/unheil/pico/pico-sdk/lib/tinyusb/src/tusb.c.obj
                0x10005d90                tu_edpt_validate
 .text.tu_edpt_bind_driver
                0x10005e0c       0x34 CMakeFiles/audiopwm.dir/home/unheil/pico/pico-sdk/lib/tinyusb/src/tusb.c.obj
                0x10005e0c                tu_edpt_bind_driver
 .text.tu_fifo_config
                0x10005e40       0x6c CMakeFiles/audiopwm.dir/home/unheil/pico/pico-sdk/lib/tinyusb/src/common/tusb_fifo.c.obj
                0x10005e40                tu_fifo_config
 .text.tu_fifo_count
                0x10005eac       0x2c CMakeFiles/audiopwm.dir/home/unheil/pico/pico-sdk/lib/tinyusb/src/common/tusb_fifo.c.obj
                0x10005eac                tu_fifo_count
 .text.tu_fifo_empty
                0x10005ed8       0x10 CMakeFiles/audiopwm.dir/home/unheil/pico/pico-sdk/lib/tinyusb/src/common/tusb_fifo.c.obj
                0x10005ed8                tu_fifo_empty
 .text.tu_fifo_remaining
                0x10005ee8       0x2c CMakeFiles/audiopwm.dir/home/unheil/pico/pico-sdk/lib/tinyusb/src/common/tusb_fifo.c.obj
                0x10005ee8                tu_fifo_remaining
 .text.tu_fifo_read
                0x10005f14       0x9c CMakeFiles/audiopwm.dir/home/unheil/pico/pico-sdk/lib/tinyusb/src/common/tusb_fifo.c.obj
                0x10005f14                tu_fifo_read
 .text.tu_fifo_read_n
                0x10005fb0       0xe8 CMakeFiles/audiopwm.dir/home/unheil/pico/pico-sdk/lib/tinyusb/src/common/tusb_fifo.c.obj
                0x10005fb0                tu_fifo_read_n
 .text.tu_fifo_write
                0x10006098       0x88 CMakeFiles/audiopwm.dir/home/unheil/pico/pico-sdk/lib/tinyusb/src/common/tusb_fifo.c.obj
                0x10006098                tu_fifo_write
 .text.tu_fifo_write_n
                0x10006120      0x170 CMakeFiles/audiopwm.dir/home/unheil/pico/pico-sdk/lib/tinyusb/src/common/tusb_fifo.c.obj
                0x10006120                tu_fifo_write_n
 .text.tu_fifo_clear
                0x10006290       0x40 CMakeFiles/audiopwm.dir/home/unheil/pico/pico-sdk/lib/tinyusb/src/common/tusb_fifo.c.obj
                0x10006290                tu_fifo_clear
 .text.tu_fifo_set_overwritable
                0x100062d0       0x48 CMakeFiles/audiopwm.dir/home/unheil/pico/pico-sdk/lib/tinyusb/src/common/tusb_fifo.c.obj
                0x100062d0                tu_fifo_set_overwritable
 .text.filter_audio
                0x10006318      0x128 CMakeFiles/audiopwm.dir/filter.c.obj
                0x10006318                filter_audio
 .text.dma_claim_unused_channel
                0x10006440       0x24 CMakeFiles/audiopwm.dir/home/unheil/pico/pico-sdk/src/rp2_common/hardware_dma/dma.c.obj
                0x10006440                dma_claim_unused_channel
 .text.pio_claim_unused_sm
                0x10006464       0x3c CMakeFiles/audiopwm.dir/home/unheil/pico/pico-sdk/src/rp2_common/hardware_pio/pio.c.obj
                0x10006464                pio_claim_unused_sm
 .text.pio_add_program
                0x100064a0       0xf0 CMakeFiles/audiopwm.dir/home/unheil/pico/pico-sdk/src/rp2_common/hardware_pio/pio.c.obj
                0x100064a0                pio_add_program
 .text.pio_sm_set_consecutive_pindirs
                0x10006590       0xa8 CMakeFiles/audiopwm.dir/home/unheil/pico/pico-sdk/src/rp2_common/hardware_pio/pio.c.obj
                0x10006590                pio_sm_set_consecutive_pindirs
 .text.pio_sm_init
                0x10006638       0x98 CMakeFiles/audiopwm.dir/home/unheil/pico/pico-sdk/src/rp2_common/hardware_pio/pio.c.obj
                0x10006638                pio_sm_init
 .text.adc_init
                0x100066d0       0x38 CMakeFiles/audiopwm.dir/home/unheil/pico/pico-sdk/src/rp2_common/hardware_adc/adc.c.obj
                0x100066d0                adc_init
 .text.rtc_init
                0x10006708       0x38 CMakeFiles/audiopwm.dir/home/unheil/pico/pico-sdk/src/rp2_common/hardware_rtc/rtc.c.obj
                0x10006708                rtc_init
 .text.rtc_set_datetime
                0x10006740       0xac CMakeFiles/audiopwm.dir/home/unheil/pico/pico-sdk/src/rp2_common/hardware_rtc/rtc.c.obj
                0x10006740                rtc_set_datetime
 .text.rtc_get_datetime
                0x100067ec       0x44 CMakeFiles/audiopwm.dir/home/unheil/pico/pico-sdk/src/rp2_common/hardware_rtc/rtc.c.obj
                0x100067ec                rtc_get_datetime
 .text          0x10006830       0x5c /usr/lib/gcc/arm-none-eabi/12.2.1/../../../arm-none-eabi/lib/thumb/v6-m/nofp/libc.a(lib_a-strlen-stub.o)
                0x10006830                strlen
 *(.fini)
 .fini          0x1000688c        0x4 /usr/lib/gcc/arm-none-eabi/12.2.1/thumb/v6-m/nofp/crti.o
                0x1000688c                _fini
 .fini.__stub   0x10006890       0xc0 linker stubs
 *crtbegin.o(.ctors)
 *crtbegin?.o(.ctors)
 *(EXCLUDE_FILE(*crtend.o *crtend?.o) .ctors)
 *(SORT_BY_NAME(.ctors.*))
 *(.ctors)
 *crtbegin.o(.dtors)
 *crtbegin?.o(.dtors)
 *(EXCLUDE_FILE(*crtend.o *crtend?.o) .dtors)
 *(SORT_BY_NAME(.dtors.*))
 *(.dtors)
 *(.eh_frame*)
 .eh_frame      0x10006950        0x0 /usr/lib/gcc/arm-none-eabi/12.2.1/thumb/v6-m/nofp/crtbegin.o
                0x10006950                        . = ALIGN (0x4)

.glue_7         0x10006950        0x0
 .glue_7        0x10006950        0x0 linker stubs

.glue_7t        0x10006950        0x0
 .glue_7t       0x10006950        0x0 linker stubs

.vfp11_veneer   0x10006950        0x0
 .vfp11_veneer  0x10006950        0x0 linker stubs

.v4_bx          0x10006950        0x0
 .v4_bx         0x10006950        0x0 linker stubs

.iplt           0x10006950        0x0
 .iplt          0x10006950        0x0 /usr/lib/gcc/arm-none-eabi/12.2.1/thumb/v6-m/nofp/crtbegin.o

.rodata         0x10006950      0x3f8
 *(EXCLUDE_FILE(*libm.a: *libc.a:*lib_a-mem*.o *libgcc.a:) .rodata*)
 .rodata.main.str1.4
                0x10006950       0x5e CMakeFiles/audiopwm.dir/audiopwm.c.obj
 *fill*         0x100069ae        0x2 
 .rodata.audio_pwm_program
                0x100069b0        0x6 CMakeFiles/audiopwm.dir/audiopwm.c.obj
 *fill*         0x100069b6        0x2 
 .rodata.audio_pwm_program_instructions
                0x100069b8       0x12 CMakeFiles/audiopwm.dir/audiopwm.c.obj
 *fill*         0x100069ca        0x2 
 .rodata        0x100069cc        0x8 CMakeFiles/audiopwm.dir/audiopwm.c.obj
 .rodata.spin_lock_claim_unused.str1.4
                0x100069d4       0x1b CMakeFiles/audiopwm.dir/home/unheil/pico/pico-sdk/src/rp2_common/hardware_sync/sync.c.obj
 *fill*         0x100069ef        0x1 
 .rodata.user_irq_claim_unused.str1.4
                0x100069f0       0x1b CMakeFiles/audiopwm.dir/home/unheil/pico/pico-sdk/src/rp2_common/hardware_irq/irq.c.obj
 *fill*         0x10006a0b        0x1 
 .rodata.hardware_alarm_claim.str1.4
                0x10006a0c       0x22 CMakeFiles/audiopwm.dir/home/unheil/pico/pico-sdk/src/rp2_common/hardware_timer/timer.c.obj
 *fill*         0x10006a2e        0x2 
 .rodata.panic.str1.4
                0x10006a30       0x12 CMakeFiles/audiopwm.dir/home/unheil/pico/pico-sdk/src/rp2_common/pico_runtime/runtime.c.obj
 *fill*         0x10006a42        0x2 
 .rodata.hard_assertion_failure.str1.4
                0x10006a44        0xc CMakeFiles/audiopwm.dir/home/unheil/pico/pico-sdk/src/rp2_common/pico_runtime/runtime.c.obj
 .rodata.str1.4
                0x10006a50       0x44 CMakeFiles/audiopwm.dir/home/unheil/pico/pico-sdk/src/rp2_common/pico_standard_link/binary_info.c.obj
 .rodata.__bi_81
                0x10006a94        0xc CMakeFiles/audiopwm.dir/home/unheil/pico/pico-sdk/src/rp2_common/pico_standard_link/binary_info.c.obj
 .rodata.__bi_75
                0x10006aa0        0xc CMakeFiles/audiopwm.dir/home/unheil/pico/pico-sdk/src/rp2_common/pico_standard_link/binary_info.c.obj
 .rodata.__bi_56
                0x10006aac        0xc CMakeFiles/audiopwm.dir/home/unheil/pico/pico-sdk/src/rp2_common/pico_standard_link/binary_info.c.obj
 .rodata.__bi_44
                0x10006ab8        0xc CMakeFiles/audiopwm.dir/home/unheil/pico/pico-sdk/src/rp2_common/pico_standard_link/binary_info.c.obj
 .rodata.crlf_str.0
                0x10006ac4        0x2 CMakeFiles/audiopwm.dir/home/unheil/pico/pico-sdk/src/rp2_common/pico_stdio/stdio.c.obj
 *fill*         0x10006ac6        0x2 
 .rodata.str1.4
                0x10006ac8       0x2c CMakeFiles/audiopwm.dir/home/unheil/pico/pico-sdk/src/rp2_common/pico_stdio_uart/stdio_uart.c.obj
 .rodata.__bi_33.4
                0x10006af4        0xc CMakeFiles/audiopwm.dir/home/unheil/pico/pico-sdk/src/rp2_common/pico_stdio_uart/stdio_uart.c.obj
 .rodata.__bi_34.5
                0x10006b00        0x8 CMakeFiles/audiopwm.dir/home/unheil/pico/pico-sdk/src/rp2_common/pico_stdio_uart/stdio_uart.c.obj
 .rodata._resetd_driver
                0x10006b08       0x18 CMakeFiles/audiopwm.dir/home/unheil/pico/pico-sdk/src/rp2_common/pico_stdio_usb/reset_interface.c.obj
 .rodata.str1.4
                0x10006b20       0x13 CMakeFiles/audiopwm.dir/home/unheil/pico/pico-sdk/src/rp2_common/pico_stdio_usb/stdio_usb.c.obj
 *fill*         0x10006b33        0x1 
 .rodata.__bi_182.0
                0x10006b34        0xc CMakeFiles/audiopwm.dir/home/unheil/pico/pico-sdk/src/rp2_common/pico_stdio_usb/stdio_usb.c.obj
 .rodata.str1.4
                0x10006b40       0x2a CMakeFiles/audiopwm.dir/home/unheil/pico/pico-sdk/src/rp2_common/pico_stdio_usb/stdio_usb_descriptors.c.obj
 *fill*         0x10006b6a        0x2 
 .rodata.usbd_desc_str
                0x10006b6c       0x18 CMakeFiles/audiopwm.dir/home/unheil/pico/pico-sdk/src/rp2_common/pico_stdio_usb/stdio_usb_descriptors.c.obj
 .rodata.usbd_desc_cfg
                0x10006b84       0x54 CMakeFiles/audiopwm.dir/home/unheil/pico/pico-sdk/src/rp2_common/pico_stdio_usb/stdio_usb_descriptors.c.obj
 .rodata.usbd_desc_device
                0x10006bd8       0x12 CMakeFiles/audiopwm.dir/home/unheil/pico/pico-sdk/src/rp2_common/pico_stdio_usb/stdio_usb_descriptors.c.obj
 *fill*         0x10006bea        0x2 
 .rodata.str1.4
                0x10006bec       0x14 CMakeFiles/audiopwm.dir/home/unheil/pico/pico-sdk/lib/tinyusb/src/portable/raspberrypi/rp2040/dcd_rp2040.c.obj
 .rodata.str1.4
                0x10006c00       0x49 CMakeFiles/audiopwm.dir/home/unheil/pico/pico-sdk/lib/tinyusb/src/portable/raspberrypi/rp2040/rp2040_usb.c.obj
                                 0x53 (size before relaxing)
 *fill*         0x10006c49        0x3 
 .rodata.tud_task_ext
                0x10006c4c       0x8c CMakeFiles/audiopwm.dir/home/unheil/pico/pico-sdk/lib/tinyusb/src/device/usbd.c.obj
 .rodata._usbd_driver
                0x10006cd8       0x18 CMakeFiles/audiopwm.dir/home/unheil/pico/pico-sdk/lib/tinyusb/src/device/usbd.c.obj
 .rodata.dma_claim_unused_channel.str1.4
                0x10006cf0       0x1e CMakeFiles/audiopwm.dir/home/unheil/pico/pico-sdk/src/rp2_common/hardware_dma/dma.c.obj
 *fill*         0x10006d0e        0x2 
 .rodata.pio_claim_unused_sm.str1.4
                0x10006d10       0x24 CMakeFiles/audiopwm.dir/home/unheil/pico/pico-sdk/src/rp2_common/hardware_pio/pio.c.obj
 .rodata.pio_add_program.str1.4
                0x10006d34       0x11 CMakeFiles/audiopwm.dir/home/unheil/pico/pico-sdk/src/rp2_common/hardware_pio/pio.c.obj
                0x10006d48                        . = ALIGN (0x4)
 *fill*         0x10006d45        0x3 
 *(SORT_BY_ALIGNMENT(SORT_BY_NAME(.flashdata*)))
                0x10006d48                        . = ALIGN (0x4)

.ARM.extab
 *(.ARM.extab* .gnu.linkonce.armextab.*)
                0x10006d48                        __exidx_start = .

.ARM.exidx
 *(.ARM.exidx* .gnu.linkonce.armexidx.*)
                0x10006d48                        __exidx_end = .
                0x10006d48                        . = ALIGN (0x4)
                0x10006d48                        __binary_info_start = .

.binary_info    0x10006d48       0x2c
 *(.binary_info.keep.*)
 .binary_info.keep.__bi_ptr81
                0x10006d48        0x4 CMakeFiles/audiopwm.dir/home/unheil/pico/pico-sdk/src/rp2_common/pico_standard_link/binary_info.c.obj
 .binary_info.keep.__bi_ptr75
                0x10006d4c        0x4 CMakeFiles/audiopwm.dir/home/unheil/pico/pico-sdk/src/rp2_common/pico_standard_link/binary_info.c.obj
 .binary_info.keep.__bi_ptr56
                0x10006d50        0x4 CMakeFiles/audiopwm.dir/home/unheil/pico/pico-sdk/src/rp2_common/pico_standard_link/binary_info.c.obj
 .binary_info.keep.__bi_ptr50
                0x10006d54        0x4 CMakeFiles/audiopwm.dir/home/unheil/pico/pico-sdk/src/rp2_common/pico_standard_link/binary_info.c.obj
 .binary_info.keep.__bi_ptr44
                0x10006d58        0x4 CMakeFiles/audiopwm.dir/home/unheil/pico/pico-sdk/src/rp2_common/pico_standard_link/binary_info.c.obj
 .binary_info.keep.__bi_ptr38
                0x10006d5c        0x4 CMakeFiles/audiopwm.dir/home/unheil/pico/pico-sdk/src/rp2_common/pico_standard_link/binary_info.c.obj
 .binary_info.keep.__bi_ptr30
                0x10006d60        0x4 CMakeFiles/audiopwm.dir/home/unheil/pico/pico-sdk/src/rp2_common/pico_standard_link/binary_info.c.obj
 .binary_info.keep.__bi_ptr22
                0x10006d64        0x4 CMakeFiles/audiopwm.dir/home/unheil/pico/pico-sdk/src/rp2_common/pico_standard_link/binary_info.c.obj
 *(.binary_info.*)
 .binary_info.__bi_ptr34
                0x10006d68        0x4 CMakeFiles/audiopwm.dir/home/unheil/pico/pico-sdk/src/rp2_common/pico_stdio_uart/stdio_uart.c.obj
 .binary_info.__bi_ptr33
                0x10006d6c        0x4 CMakeFiles/audiopwm.dir/home/unheil/pico/pico-sdk/src/rp2_common/pico_stdio_uart/stdio_uart.c.obj
 .binary_info.__bi_ptr182
                0x10006d70        0x4 CMakeFiles/audiopwm.dir/home/unheil/pico/pico-sdk/src/rp2_common/pico_stdio_usb/stdio_usb.c.obj
                0x10006d74                        __binary_info_end = .

.rel.dyn        0x10006d74        0x0
 .rel.iplt      0x10006d74        0x0 /usr/lib/gcc/arm-none-eabi/12.2.1/thumb/v6-m/nofp/crtbegin.o
                0x10006d74                        . = ALIGN (0x4)

.ram_vector_table
                0x20000000       0xc0
 *(.ram_vector_table)
 .ram_vector_table
                0x20000000       0xc0 CMakeFiles/audiopwm.dir/home/unheil/pico/pico-sdk/src/rp2_common/pico_runtime/runtime.c.obj
                0x20000000                ram_vector_table

.data           0x200000c0      0xe38 load address 0x10006d74
                0x200000c0                        __data_start__ = .
 *(vtable)
 *(.time_critical*)
 .time_critical.mutex_try_enter
                0x200000c0       0x40 CMakeFiles/audiopwm.dir/home/unheil/pico/pico-sdk/src/common/pico_sync/mutex.c.obj
                0x200000c0                mutex_try_enter
 .time_critical.mutex_try_enter_block_until
                0x20000100       0x9c CMakeFiles/audiopwm.dir/home/unheil/pico/pico-sdk/src/common/pico_sync/mutex.c.obj
                0x20000100                mutex_try_enter_block_until
 .time_critical.mutex_enter_timeout_ms
                0x2000019c       0x90 CMakeFiles/audiopwm.dir/home/unheil/pico/pico-sdk/src/common/pico_sync/mutex.c.obj
                0x2000019c                mutex_enter_timeout_ms
 .time_critical.mutex_exit
                0x2000022c       0x28 CMakeFiles/audiopwm.dir/home/unheil/pico/pico-sdk/src/common/pico_sync/mutex.c.obj
                0x2000022c                mutex_exit
 .time_critical.flash_init_boot2_copyout
                0x20000254       0x30 CMakeFiles/audiopwm.dir/home/unheil/pico/pico-sdk/src/rp2_common/hardware_flash/flash.c.obj
 .time_critical.flash_enable_xip_via_boot2
                0x20000284        0xc CMakeFiles/audiopwm.dir/home/unheil/pico/pico-sdk/src/rp2_common/hardware_flash/flash.c.obj
 .time_critical.flash_cs_force
                0x20000290       0x38 CMakeFiles/audiopwm.dir/home/unheil/pico/pico-sdk/src/rp2_common/hardware_flash/flash.c.obj
 .time_critical.flash_do_cmd
                0x200002c8       0xc0 CMakeFiles/audiopwm.dir/home/unheil/pico/pico-sdk/src/rp2_common/hardware_flash/flash.c.obj
                0x200002c8                flash_do_cmd
 .time_critical.reset_non_control_endpoints
                0x20000388       0x68 CMakeFiles/audiopwm.dir/home/unheil/pico/pico-sdk/lib/tinyusb/src/portable/raspberrypi/rp2040/dcd_rp2040.c.obj
 .time_critical.hw_handle_buff_status
                0x200003f0       0xac CMakeFiles/audiopwm.dir/home/unheil/pico/pico-sdk/lib/tinyusb/src/portable/raspberrypi/rp2040/dcd_rp2040.c.obj
 .time_critical.dcd_rp2040_irq
                0x2000049c      0x510 CMakeFiles/audiopwm.dir/home/unheil/pico/pico-sdk/lib/tinyusb/src/portable/raspberrypi/rp2040/dcd_rp2040.c.obj
 .time_critical.e15_is_bulkin_ep
                0x200009ac       0x28 CMakeFiles/audiopwm.dir/home/unheil/pico/pico-sdk/lib/tinyusb/src/portable/raspberrypi/rp2040/rp2040_usb.c.obj
 .time_critical.e15_is_critical_frame_period
                0x200009d4       0x34 CMakeFiles/audiopwm.dir/home/unheil/pico/pico-sdk/lib/tinyusb/src/portable/raspberrypi/rp2040/rp2040_usb.c.obj
 .time_critical.prepare_ep_buffer
                0x20000a08       0x6c CMakeFiles/audiopwm.dir/home/unheil/pico/pico-sdk/lib/tinyusb/src/portable/raspberrypi/rp2040/rp2040_usb.c.obj
 .time_critical.sync_ep_buffer
                0x20000a74       0x48 CMakeFiles/audiopwm.dir/home/unheil/pico/pico-sdk/lib/tinyusb/src/portable/raspberrypi/rp2040/rp2040_usb.c.obj
 .time_critical._hw_endpoint_xfer_sync
                0x20000abc       0x28 CMakeFiles/audiopwm.dir/home/unheil/pico/pico-sdk/lib/tinyusb/src/portable/raspberrypi/rp2040/rp2040_usb.c.obj
 .time_critical.hw_endpoint_reset_transfer
                0x20000ae4        0xc CMakeFiles/audiopwm.dir/home/unheil/pico/pico-sdk/lib/tinyusb/src/portable/raspberrypi/rp2040/rp2040_usb.c.obj
                0x20000ae4                hw_endpoint_reset_transfer
 .time_critical._hw_endpoint_buffer_control_update32
                0x20000af0       0x58 CMakeFiles/audiopwm.dir/home/unheil/pico/pico-sdk/lib/tinyusb/src/portable/raspberrypi/rp2040/rp2040_usb.c.obj
                0x20000af0                _hw_endpoint_buffer_control_update32
 .time_critical.hw_endpoint_start_next_buffer
                0x20000b48       0x6c CMakeFiles/audiopwm.dir/home/unheil/pico/pico-sdk/lib/tinyusb/src/portable/raspberrypi/rp2040/rp2040_usb.c.obj
                0x20000b48                hw_endpoint_start_next_buffer
 .time_critical.hw_endpoint_xfer_continue
                0x20000bb4       0x50 CMakeFiles/audiopwm.dir/home/unheil/pico/pico-sdk/lib/tinyusb/src/portable/raspberrypi/rp2040/rp2040_usb.c.obj
                0x20000bb4                hw_endpoint_xfer_continue
 .time_critical.tinyusb
                0x20000c04      0x170 CMakeFiles/audiopwm.dir/home/unheil/pico/pico-sdk/lib/tinyusb/src/device/usbd.c.obj
                0x20000c04                dcd_event_handler
 *(.text*)
 .text          0x20000d74        0x4 /usr/lib/gcc/arm-none-eabi/12.2.1/thumb/v6-m/nofp/libgcc.a(_dvmd_tls.o)
                0x20000d74                __aeabi_ldiv0
                0x20000d74                __aeabi_idiv0
 .text.__stub   0x20000d78       0x70 linker stubs
                0x20000de8                        . = ALIGN (0x4)
 *(.rodata*)
                0x20000de8                        . = ALIGN (0x4)
 *(.data*)
 .data.striped_spin_lock_num
                0x20000de8        0x1 CMakeFiles/audiopwm.dir/home/unheil/pico/pico-sdk/src/rp2_common/hardware_sync/sync.c.obj
 *fill*         0x20000de9        0x3 
 .data          0x20000dec       0x48 CMakeFiles/audiopwm.dir/home/unheil/pico/pico-sdk/src/rp2_common/hardware_irq/irq_handler_chain.S.obj
                0x20000dec                irq_handler_chain_slots
                0x20000e1c                irq_handler_chain_first_slot
                0x20000e26                irq_handler_chain_remove_tail
 .data.default_alarm_pool
                0x20000e34       0x18 CMakeFiles/audiopwm.dir/home/unheil/pico/pico-sdk/src/common/pico_time/time.c.obj
 .data.default_alarm_pool_heap
                0x20000e4c       0x10 CMakeFiles/audiopwm.dir/home/unheil/pico/pico-sdk/src/common/pico_time/time.c.obj
 *fill*         0x20000e5c        0x4 
 .data.aeabi_bits_funcs
                0x20000e60       0x10 CMakeFiles/audiopwm.dir/home/unheil/pico/pico-sdk/src/rp2_common/pico_bit_ops/bit_ops_aeabi.S.obj
                0x20000e60                aeabi_bits_funcs
                0x20000e70                aeabi_bits_funcs_end
 .data.aeabi_mem_funcs
                0x20000e70       0x10 CMakeFiles/audiopwm.dir/home/unheil/pico/pico-sdk/src/rp2_common/pico_mem_ops/mem_ops_aeabi.S.obj
                0x20000e70                aeabi_mem_funcs
                0x20000e80                aeabi_mem_funcs_end
 .data.stdio_uart
                0x20000e80       0x18 CMakeFiles/audiopwm.dir/home/unheil/pico/pico-sdk/src/rp2_common/pico_stdio_uart/stdio_uart.c.obj
                0x20000e80                stdio_uart
 .data.stdio_usb
                0x20000e98       0x18 CMakeFiles/audiopwm.dir/home/unheil/pico/pico-sdk/src/rp2_common/pico_stdio_usb/stdio_usb.c.obj
                0x20000e98                stdio_usb
 .data.ep_dir_string
                0x20000eb0        0x8 CMakeFiles/audiopwm.dir/home/unheil/pico/pico-sdk/lib/tinyusb/src/portable/raspberrypi/rp2040/rp2040_usb.c.obj
                0x20000eb0                ep_dir_string
 .data._usbd_qdef
                0x20000eb8       0x1c CMakeFiles/audiopwm.dir/home/unheil/pico/pico-sdk/lib/tinyusb/src/device/usbd.c.obj
                0x20000eb8                _usbd_qdef
 .data._usbd_rhport
                0x20000ed4        0x1 CMakeFiles/audiopwm.dir/home/unheil/pico/pico-sdk/lib/tinyusb/src/device/usbd.c.obj
                0x20000ed8                        . = ALIGN (0x4)
 *fill*         0x20000ed5        0x3 
 *(.after_data.*)
                0x20000ed8                        . = ALIGN (0x4)
                0x20000ed8                        PROVIDE (__mutex_array_start = .)
 *(SORT_BY_NAME(.mutex_array.*))
 *(.mutex_array)
 .mutex_array   0x20000ed8        0x8 CMakeFiles/audiopwm.dir/home/unheil/pico/pico-sdk/src/rp2_common/pico_stdio/stdio.c.obj
                0x20000ee0                        PROVIDE (__mutex_array_end = .)
                0x20000ee0                        . = ALIGN (0x4)
                0x20000ee0                        PROVIDE (__preinit_array_start = .)
 *(SORT_BY_NAME(.preinit_array.*))
 .preinit_array.00001
                0x20000ee0        0x4 CMakeFiles/audiopwm.dir/home/unheil/pico/pico-sdk/src/rp2_common/pico_mem_ops/mem_ops_aeabi.S.obj
 .preinit_array.00010
                0x20000ee4        0x4 CMakeFiles/audiopwm.dir/home/unheil/pico/pico-sdk/src/rp2_common/pico_bit_ops/bit_ops_aeabi.S.obj
 .preinit_array.00020
                0x20000ee8        0x4 CMakeFiles/audiopwm.dir/home/unheil/pico/pico-sdk/src/rp2_common/pico_double/double_aeabi.S.obj
 .preinit_array.00020
                0x20000eec        0x4 CMakeFiles/audiopwm.dir/home/unheil/pico/pico-sdk/src/rp2_common/pico_float/float_aeabi.S.obj
 *(.preinit_array)
                0x20000ef0                        PROVIDE (__preinit_array_end = .)
                0x20000ef0                        . = ALIGN (0x4)
                0x20000ef0                        PROVIDE (__init_array_start = .)
 *(SORT_BY_NAME(.init_array.*))
 *(.init_array)
 .init_array    0x20000ef0        0x4 /usr/lib/gcc/arm-none-eabi/12.2.1/thumb/v6-m/nofp/crtbegin.o
 .init_array    0x20000ef4        0x4 CMakeFiles/audiopwm.dir/home/unheil/pico/pico-sdk/src/rp2_common/pico_unique_id/unique_id.c.obj
                0x20000ef8                        PROVIDE (__init_array_end = .)
                0x20000ef8                        . = ALIGN (0x4)
                0x20000ef8                        PROVIDE (__fini_array_start = .)
 *(SORT_BY_NAME(.fini_array.*))
 *(.fini_array)
                0x20000ef8                        PROVIDE (__fini_array_end = .)
 *(.jcr)
                0x20000ef8                        . = ALIGN (0x4)
                0x20000ef8                        __data_end__ = .
                0x10006d74                        __etext = LOADADDR (.data)

.tm_clone_table
                0x20000ef8        0x0 load address 0x10007bac
 .tm_clone_table
                0x20000ef8        0x0 /usr/lib/gcc/arm-none-eabi/12.2.1/thumb/v6-m/nofp/crtbegin.o
 .tm_clone_table
                0x20000ef8        0x0 /usr/lib/gcc/arm-none-eabi/12.2.1/thumb/v6-m/nofp/crtend.o

.igot.plt       0x20000ef8        0x0 load address 0x10007bac
 .igot.plt      0x20000ef8        0x0 /usr/lib/gcc/arm-none-eabi/12.2.1/thumb/v6-m/nofp/crtbegin.o

.uninitialized_data
                0x20000ef8        0x0 load address 0x10007bac
                0x20000ef8                        . = ALIGN (0x4)
 *(.uninitialized_data*)

.scratch_x      0x20040000        0x0 load address 0x10007bac
                0x20040000                        __scratch_x_start__ = .
 *(.scratch_x.*)
                0x20040000                        . = ALIGN (0x4)
                0x20040000                        __scratch_x_end__ = .
                0x10007bac                        __scratch_x_source__ = LOADADDR (.scratch_x)

.scratch_y      0x20041000        0x0 load address 0x10007bac
                0x20041000                        __scratch_y_start__ = .
 *(.scratch_y.*)
                0x20041000                        . = ALIGN (0x4)
                0x20041000                        __scratch_y_end__ = .
                0x10007bac                        __scratch_y_source__ = LOADADDR (.scratch_y)

.bss            0x20000ef8     0x3310
                0x20000ef8                        . = ALIGN (0x4)
                0x20000ef8                        __bss_start__ = .
 *(SORT_BY_ALIGNMENT(SORT_BY_NAME(.bss*)))
 .bss.configured_freq
                0x20000ef8       0x28 CMakeFiles/audiopwm.dir/home/unheil/pico/pico-sdk/src/rp2_common/hardware_clocks/clocks.c.obj
 .bss.default_alarm_pool_entries
                0x20000f20      0x100 CMakeFiles/audiopwm.dir/home/unheil/pico/pico-sdk/src/common/pico_time/time.c.obj
 .bss.last_avail_time.1
                0x20001020        0x8 CMakeFiles/audiopwm.dir/home/unheil/pico/pico-sdk/src/rp2_common/pico_stdio_usb/stdio_usb.c.obj
 .bss.oscillators
                0x20001028      0x140 CMakeFiles/audiopwm.dir/audiopwm.c.obj
 .bss.sd_table  0x20001168      0x100 CMakeFiles/audiopwm.dir/home/unheil/pico/pico-sdk/src/rp2_common/pico_double/double_init_rom.c.obj
                0x20001168                sd_table
 .bss.sf_table  0x20001268      0x100 CMakeFiles/audiopwm.dir/home/unheil/pico/pico-sdk/src/rp2_common/pico_float/float_init_rom.c.obj
                0x20001268                sf_table
 .bss           0x20001368       0x1c /usr/lib/gcc/arm-none-eabi/12.2.1/thumb/v6-m/nofp/crtbegin.o
 .bss._app_driver
                0x20001384        0x4 CMakeFiles/audiopwm.dir/home/unheil/pico/pico-sdk/lib/tinyusb/src/device/usbd.c.obj
 .bss._cdcd_itf
                0x20001388      0x2c8 CMakeFiles/audiopwm.dir/home/unheil/pico/pico-sdk/lib/tinyusb/src/class/cdc/cdc_device.c.obj
 .bss._ctrl_xfer
                0x20001650       0x14 CMakeFiles/audiopwm.dir/home/unheil/pico/pico-sdk/lib/tinyusb/src/device/usbd_control.c.obj
 .bss._ubsd_mutexdef
                0x20001664        0x8 CMakeFiles/audiopwm.dir/home/unheil/pico/pico-sdk/lib/tinyusb/src/device/usbd.c.obj
 .bss._usbd_ctrl_buf
                0x2000166c       0x40 CMakeFiles/audiopwm.dir/home/unheil/pico/pico-sdk/lib/tinyusb/src/device/usbd_control.c.obj
 .bss._usbd_dev
                0x200016ac       0x53 CMakeFiles/audiopwm.dir/home/unheil/pico/pico-sdk/lib/tinyusb/src/device/usbd.c.obj
 *fill*         0x200016ff        0x1 
 .bss._usbd_mutex
                0x20001700        0x4 CMakeFiles/audiopwm.dir/home/unheil/pico/pico-sdk/lib/tinyusb/src/device/usbd.c.obj
 .bss._usbd_q   0x20001704        0x4 CMakeFiles/audiopwm.dir/home/unheil/pico/pico-sdk/lib/tinyusb/src/device/usbd.c.obj
 .bss._usbd_qdef_buf
                0x20001708       0xc0 CMakeFiles/audiopwm.dir/home/unheil/pico/pico-sdk/lib/tinyusb/src/device/usbd.c.obj
                0x20001708                _usbd_qdef_buf
 .bss._used_instruction_space
                0x200017c8        0x8 CMakeFiles/audiopwm.dir/home/unheil/pico/pico-sdk/src/rp2_common/hardware_pio/pio.c.obj
 .bss.adc_baseline
                0x200017d0        0x4 CMakeFiles/audiopwm.dir/audiopwm.c.obj
 .bss.adc_value
                0x200017d4        0x4 CMakeFiles/audiopwm.dir/audiopwm.c.obj
 .bss.alarm_callbacks
                0x200017d8       0x10 CMakeFiles/audiopwm.dir/home/unheil/pico/pico-sdk/src/rp2_common/hardware_timer/timer.c.obj
 .bss.boot2_copyout
                0x200017e8      0x100 CMakeFiles/audiopwm.dir/home/unheil/pico/pico-sdk/src/rp2_common/hardware_flash/flash.c.obj
 .bss.buffers   0x200018e8      0x30c CMakeFiles/audiopwm.dir/audiopwm.c.obj
 .bss.chars_available_callback
                0x20001bf4        0x4 CMakeFiles/audiopwm.dir/home/unheil/pico/pico-sdk/src/rp2_common/pico_stdio_uart/stdio_uart.c.obj
 .bss.chars_available_callback
                0x20001bf8        0x4 CMakeFiles/audiopwm.dir/home/unheil/pico/pico-sdk/src/rp2_common/pico_stdio_usb/stdio_usb.c.obj
 .bss.chars_available_param
                0x20001bfc        0x4 CMakeFiles/audiopwm.dir/home/unheil/pico/pico-sdk/src/rp2_common/pico_stdio_uart/stdio_uart.c.obj
 .bss.chars_available_param
                0x20001c00        0x4 CMakeFiles/audiopwm.dir/home/unheil/pico/pico-sdk/src/rp2_common/pico_stdio_usb/stdio_usb.c.obj
 .bss.claimed   0x20001c04        0x4 CMakeFiles/audiopwm.dir/home/unheil/pico/pico-sdk/src/rp2_common/hardware_sync/sync.c.obj
 .bss.default_alarm_pool_entry_ids_high
                0x20001c08       0x10 CMakeFiles/audiopwm.dir/home/unheil/pico/pico-sdk/src/common/pico_time/time.c.obj
 .bss.default_alarm_pool_heap_nodes
                0x20001c18       0x30 CMakeFiles/audiopwm.dir/home/unheil/pico/pico-sdk/src/common/pico_time/time.c.obj
 .bss.desc_str.0
                0x20001c48       0x28 CMakeFiles/audiopwm.dir/home/unheil/pico/pico-sdk/src/rp2_common/pico_stdio_usb/stdio_usb_descriptors.c.obj
 .bss.dma_chan  0x20001c70        0x4 CMakeFiles/audiopwm.dir/audiopwm.c.obj
                0x20001c70                dma_chan
 .bss.drivers   0x20001c74        0x4 CMakeFiles/audiopwm.dir/home/unheil/pico/pico-sdk/src/rp2_common/pico_stdio/stdio.c.obj
 .bss.e15_last_sof
                0x20001c78        0x4 CMakeFiles/audiopwm.dir/home/unheil/pico/pico-sdk/lib/tinyusb/src/portable/raspberrypi/rp2040/rp2040_usb.c.obj
                0x20001c78                e15_last_sof
 .bss.filter    0x20001c7c        0x4 CMakeFiles/audiopwm.dir/home/unheil/pico/pico-sdk/src/rp2_common/pico_stdio/stdio.c.obj
 .bss.hw_endpoints
                0x20001c80      0x400 CMakeFiles/audiopwm.dir/home/unheil/pico/pico-sdk/lib/tinyusb/src/portable/raspberrypi/rp2040/dcd_rp2040.c.obj
 .bss.lazy_vsnprintf
                0x20002080        0x4 CMakeFiles/audiopwm.dir/home/unheil/pico/pico-sdk/src/rp2_common/pico_printf/printf.c.obj
 .bss.load_value
                0x20002084        0x4 CMakeFiles/audiopwm.dir/home/unheil/pico/pico-sdk/src/rp2_common/hardware_watchdog/watchdog.c.obj
 .bss.next_buffer_ptr
                0x20002088        0x4 CMakeFiles/audiopwm.dir/home/unheil/pico/pico-sdk/lib/tinyusb/src/portable/raspberrypi/rp2040/dcd_rp2040.c.obj
 .bss.offset    0x2000208c        0x4 CMakeFiles/audiopwm.dir/audiopwm.c.obj
                0x2000208c                offset
 .bss.one_shot_timer_crit_sec
                0x20002090        0x8 CMakeFiles/audiopwm.dir/home/unheil/pico/pico-sdk/src/rp2_common/pico_stdio_usb/stdio_usb.c.obj
 .bss.pio       0x20002098        0x4 CMakeFiles/audiopwm.dir/audiopwm.c.obj
                0x20002098                pio
 .bss.playing_buffer
                0x2000209c        0x4 CMakeFiles/audiopwm.dir/audiopwm.c.obj
 .bss.pools     0x200020a0       0x10 CMakeFiles/audiopwm.dir/home/unheil/pico/pico-sdk/src/common/pico_time/time.c.obj
 .bss.retrieved_id
                0x200020b0        0x8 CMakeFiles/audiopwm.dir/home/unheil/pico/pico-sdk/src/rp2_common/pico_unique_id/unique_id.c.obj
 .bss.saw_buffer
                0x200020b8     0x2000 CMakeFiles/audiopwm.dir/audiopwm.c.obj
 .bss.sf_clz_func
                0x200040b8        0x4 CMakeFiles/audiopwm.dir/home/unheil/pico/pico-sdk/src/rp2_common/pico_double/double_init_rom.c.obj
                0x200040b8                sf_clz_func
 .bss.silence   0x200040bc      0x104 CMakeFiles/audiopwm.dir/audiopwm.c.obj
 .bss.sleep_notifier
                0x200041c0        0x4 CMakeFiles/audiopwm.dir/home/unheil/pico/pico-sdk/src/common/pico_time/time.c.obj
 .bss.sm        0x200041c4        0x4 CMakeFiles/audiopwm.dir/audiopwm.c.obj
                0x200041c4                sm
 .bss.stdio_usb_mutex
                0x200041c8        0x8 CMakeFiles/audiopwm.dir/home/unheil/pico/pico-sdk/src/rp2_common/pico_stdio_usb/stdio_usb.c.obj
 .bss.target_hi
                0x200041d0       0x10 CMakeFiles/audiopwm.dir/home/unheil/pico/pico-sdk/src/rp2_common/hardware_timer/timer.c.obj
 .bss.uart_char_to_line_feed
                0x200041e0        0x4 CMakeFiles/audiopwm.dir/home/unheil/pico/pico-sdk/src/rp2_common/hardware_uart/uart.c.obj
                0x200041e0                uart_char_to_line_feed
 .bss.uart_instance
                0x200041e4        0x4 CMakeFiles/audiopwm.dir/home/unheil/pico/pico-sdk/src/rp2_common/pico_stdio_uart/stdio_uart.c.obj
 .bss.usbd_serial_str
                0x200041e8       0x11 CMakeFiles/audiopwm.dir/home/unheil/pico/pico-sdk/src/rp2_common/pico_stdio_usb/stdio_usb_descriptors.c.obj
 *fill*         0x200041f9        0x1 
 .bss._claimed  0x200041fa        0x2 CMakeFiles/audiopwm.dir/home/unheil/pico/pico-sdk/src/rp2_common/hardware_dma/dma.c.obj
 .bss._app_driver_count
                0x200041fc        0x1 CMakeFiles/audiopwm.dir/home/unheil/pico/pico-sdk/lib/tinyusb/src/device/usbd.c.obj
 .bss._sof_enable
                0x200041fd        0x1 CMakeFiles/audiopwm.dir/home/unheil/pico/pico-sdk/lib/tinyusb/src/portable/raspberrypi/rp2040/dcd_rp2040.c.obj
 .bss.boot2_copyout_valid
                0x200041fe        0x1 CMakeFiles/audiopwm.dir/home/unheil/pico/pico-sdk/src/rp2_common/hardware_flash/flash.c.obj
 .bss.claimed   0x200041ff        0x1 CMakeFiles/audiopwm.dir/home/unheil/pico/pico-sdk/src/rp2_common/hardware_timer/timer.c.obj
 .bss.claimed   0x20004200        0x1 CMakeFiles/audiopwm.dir/home/unheil/pico/pico-sdk/src/rp2_common/hardware_pio/pio.c.obj
 .bss.irq_hander_chain_free_slot_head
                0x20004201        0x1 CMakeFiles/audiopwm.dir/home/unheil/pico/pico-sdk/src/rp2_common/hardware_irq/irq.c.obj
 .bss.itf_num   0x20004202        0x1 CMakeFiles/audiopwm.dir/home/unheil/pico/pico-sdk/src/rp2_common/pico_stdio_usb/reset_interface.c.obj
 .bss.low_priority_irq_num
                0x20004203        0x1 CMakeFiles/audiopwm.dir/home/unheil/pico/pico-sdk/src/rp2_common/pico_stdio_usb/stdio_usb.c.obj
 .bss.one_shot_timer_pending
                0x20004204        0x1 CMakeFiles/audiopwm.dir/home/unheil/pico/pico-sdk/src/rp2_common/pico_stdio_usb/stdio_usb.c.obj
 .bss.timer_callbacks_pending
                0x20004205        0x1 CMakeFiles/audiopwm.dir/home/unheil/pico/pico-sdk/src/rp2_common/hardware_timer/timer.c.obj
 .bss.user_irq_claimed
                0x20004206        0x1 CMakeFiles/audiopwm.dir/home/unheil/pico/pico-sdk/src/rp2_common/hardware_irq/irq.c.obj
 *(COMMON)
                0x20004208                        . = ALIGN (0x4)
 *fill*         0x20004207        0x1 
                0x20004208                        __bss_end__ = .

.heap           0x20004208      0x800
                0x20004208                        __end__ = .
                0x20004208                        end = __end__
 *(.heap*)
 .heap          0x20004208      0x800 CMakeFiles/audiopwm.dir/home/unheil/pico/pico-sdk/src/rp2_common/pico_standard_link/crt0.S.obj
                0x20004a08                        __HeapLimit = .

.stack1_dummy
 *(.stack1*)

.stack_dummy    0x20041000      0x800
 *(.stack*)
 .stack         0x20041000      0x800 CMakeFiles/audiopwm.dir/home/unheil/pico/pico-sdk/src/rp2_common/pico_standard_link/crt0.S.obj

.flash_end      0x10007bac        0x0
                0x10007bac                        PROVIDE (__flash_binary_end = .)
                0x20040000                        __StackLimit = (ORIGIN (RAM) + LENGTH (RAM))
                0x20041000                        __StackOneTop = (ORIGIN (SCRATCH_X) + LENGTH (SCRATCH_X))
                0x20042000                        __StackTop = (ORIGIN (SCRATCH_Y) + LENGTH (SCRATCH_Y))
                0x20041000                        __StackOneBottom = (__StackOneTop - SIZEOF (.stack1_dummy))
                0x20041800                        __StackBottom = (__StackTop - SIZEOF (.stack_dummy))
                0x20042000                        PROVIDE (__stack = __StackTop)
                0x00000001                        ASSERT ((__StackLimit >= __HeapLimit), region RAM overflowed)
                0x00000001                        ASSERT (((__binary_info_header_end - __logical_binary_start) <= 0x100), Binary info must be in first 256 bytes of the binary)
LOAD CMakeFiles/audiopwm.dir/audiopwm.c.obj
LOAD CMakeFiles/audiopwm.dir/home/unheil/pico/pico-sdk/src/rp2_common/pico_stdlib/stdlib.c.obj
LOAD CMakeFiles/audiopwm.dir/home/unheil/pico/pico-sdk/src/rp2_common/hardware_gpio/gpio.c.obj
LOAD CMakeFiles/audiopwm.dir/home/unheil/pico/pico-sdk/src/rp2_common/pico_platform/platform.c.obj
LOAD CMakeFiles/audiopwm.dir/home/unheil/pico/pico-sdk/src/rp2_common/hardware_claim/claim.c.obj
LOAD CMakeFiles/audiopwm.dir/home/unheil/pico/pico-sdk/src/rp2_common/hardware_sync/sync.c.obj
LOAD CMakeFiles/audiopwm.dir/home/unheil/pico/pico-sdk/src/rp2_common/hardware_irq/irq.c.obj
LOAD CMakeFiles/audiopwm.dir/home/unheil/pico/pico-sdk/src/rp2_common/hardware_irq/irq_handler_chain.S.obj
LOAD CMakeFiles/audiopwm.dir/home/unheil/pico/pico-sdk/src/common/pico_sync/sem.c.obj
LOAD CMakeFiles/audiopwm.dir/home/unheil/pico/pico-sdk/src/common/pico_sync/lock_core.c.obj
LOAD CMakeFiles/audiopwm.dir/home/unheil/pico/pico-sdk/src/common/pico_sync/mutex.c.obj
LOAD CMakeFiles/audiopwm.dir/home/unheil/pico/pico-sdk/src/common/pico_sync/critical_section.c.obj
LOAD CMakeFiles/audiopwm.dir/home/unheil/pico/pico-sdk/src/common/pico_time/time.c.obj
LOAD CMakeFiles/audiopwm.dir/home/unheil/pico/pico-sdk/src/common/pico_time/timeout_helper.c.obj
LOAD CMakeFiles/audiopwm.dir/home/unheil/pico/pico-sdk/src/rp2_common/hardware_timer/timer.c.obj
LOAD CMakeFiles/audiopwm.dir/home/unheil/pico/pico-sdk/src/common/pico_util/datetime.c.obj
LOAD CMakeFiles/audiopwm.dir/home/unheil/pico/pico-sdk/src/common/pico_util/pheap.c.obj
LOAD CMakeFiles/audiopwm.dir/home/unheil/pico/pico-sdk/src/common/pico_util/queue.c.obj
LOAD CMakeFiles/audiopwm.dir/home/unheil/pico/pico-sdk/src/rp2_common/hardware_uart/uart.c.obj
LOAD CMakeFiles/audiopwm.dir/home/unheil/pico/pico-sdk/src/rp2_common/hardware_clocks/clocks.c.obj
LOAD CMakeFiles/audiopwm.dir/home/unheil/pico/pico-sdk/src/rp2_common/hardware_pll/pll.c.obj
LOAD CMakeFiles/audiopwm.dir/home/unheil/pico/pico-sdk/src/rp2_common/hardware_vreg/vreg.c.obj
LOAD CMakeFiles/audiopwm.dir/home/unheil/pico/pico-sdk/src/rp2_common/hardware_watchdog/watchdog.c.obj
LOAD CMakeFiles/audiopwm.dir/home/unheil/pico/pico-sdk/src/rp2_common/hardware_xosc/xosc.c.obj
LOAD CMakeFiles/audiopwm.dir/home/unheil/pico/pico-sdk/src/rp2_common/hardware_divider/divider.S.obj
LOAD CMakeFiles/audiopwm.dir/home/unheil/pico/pico-sdk/src/rp2_common/pico_runtime/runtime.c.obj
LOAD CMakeFiles/audiopwm.dir/home/unheil/pico/pico-sdk/src/rp2_common/pico_printf/printf.c.obj
LOAD CMakeFiles/audiopwm.dir/home/unheil/pico/pico-sdk/src/rp2_common/pico_bit_ops/bit_ops_aeabi.S.obj
LOAD CMakeFiles/audiopwm.dir/home/unheil/pico/pico-sdk/src/rp2_common/pico_bootrom/bootrom.c.obj
LOAD CMakeFiles/audiopwm.dir/home/unheil/pico/pico-sdk/src/rp2_common/pico_divider/divider.S.obj
LOAD CMakeFiles/audiopwm.dir/home/unheil/pico/pico-sdk/src/rp2_common/pico_double/double_aeabi.S.obj
LOAD CMakeFiles/audiopwm.dir/home/unheil/pico/pico-sdk/src/rp2_common/pico_double/double_init_rom.c.obj
LOAD CMakeFiles/audiopwm.dir/home/unheil/pico/pico-sdk/src/rp2_common/pico_double/double_math.c.obj
LOAD CMakeFiles/audiopwm.dir/home/unheil/pico/pico-sdk/src/rp2_common/pico_double/double_v1_rom_shim.S.obj
LOAD CMakeFiles/audiopwm.dir/home/unheil/pico/pico-sdk/src/rp2_common/pico_int64_ops/pico_int64_ops_aeabi.S.obj
LOAD CMakeFiles/audiopwm.dir/home/unheil/pico/pico-sdk/src/rp2_common/pico_float/float_aeabi.S.obj
LOAD CMakeFiles/audiopwm.dir/home/unheil/pico/pico-sdk/src/rp2_common/pico_float/float_init_rom.c.obj
LOAD CMakeFiles/audiopwm.dir/home/unheil/pico/pico-sdk/src/rp2_common/pico_float/float_math.c.obj
LOAD CMakeFiles/audiopwm.dir/home/unheil/pico/pico-sdk/src/rp2_common/pico_float/float_v1_rom_shim.S.obj
LOAD CMakeFiles/audiopwm.dir/home/unheil/pico/pico-sdk/src/rp2_common/pico_malloc/pico_malloc.c.obj
LOAD CMakeFiles/audiopwm.dir/home/unheil/pico/pico-sdk/src/rp2_common/pico_mem_ops/mem_ops_aeabi.S.obj
LOAD CMakeFiles/audiopwm.dir/home/unheil/pico/pico-sdk/src/rp2_common/pico_standard_link/crt0.S.obj
LOAD CMakeFiles/audiopwm.dir/home/unheil/pico/pico-sdk/src/rp2_common/pico_standard_link/new_delete.cpp.obj
LOAD CMakeFiles/audiopwm.dir/home/unheil/pico/pico-sdk/src/rp2_common/pico_standard_link/binary_info.c.obj
LOAD CMakeFiles/audiopwm.dir/home/unheil/pico/pico-sdk/src/rp2_common/pico_stdio/stdio.c.obj
LOAD CMakeFiles/audiopwm.dir/home/unheil/pico/pico-sdk/src/rp2_common/pico_stdio_uart/stdio_uart.c.obj
LOAD CMakeFiles/audiopwm.dir/home/unheil/pico/pico-sdk/src/rp2_common/pico_stdio_usb/reset_interface.c.obj
LOAD CMakeFiles/audiopwm.dir/home/unheil/pico/pico-sdk/src/rp2_common/pico_stdio_usb/stdio_usb.c.obj
LOAD CMakeFiles/audiopwm.dir/home/unheil/pico/pico-sdk/src/rp2_common/pico_stdio_usb/stdio_usb_descriptors.c.obj
LOAD CMakeFiles/audiopwm.dir/home/unheil/pico/pico-sdk/src/rp2_common/pico_unique_id/unique_id.c.obj
LOAD CMakeFiles/audiopwm.dir/home/unheil/pico/pico-sdk/src/rp2_common/hardware_flash/flash.c.obj
LOAD CMakeFiles/audiopwm.dir/home/unheil/pico/pico-sdk/lib/tinyusb/src/portable/raspberrypi/rp2040/dcd_rp2040.c.obj
LOAD CMakeFiles/audiopwm.dir/home/unheil/pico/pico-sdk/lib/tinyusb/src/portable/raspberrypi/rp2040/rp2040_usb.c.obj
LOAD CMakeFiles/audiopwm.dir/home/unheil/pico/pico-sdk/lib/tinyusb/src/device/usbd.c.obj
LOAD CMakeFiles/audiopwm.dir/home/unheil/pico/pico-sdk/lib/tinyusb/src/device/usbd_control.c.obj
LOAD CMakeFiles/audiopwm.dir/home/unheil/pico/pico-sdk/lib/tinyusb/src/class/audio/audio_device.c.obj
LOAD CMakeFiles/audiopwm.dir/home/unheil/pico/pico-sdk/lib/tinyusb/src/class/cdc/cdc_device.c.obj
LOAD CMakeFiles/audiopwm.dir/home/unheil/pico/pico-sdk/lib/tinyusb/src/class/dfu/dfu_device.c.obj
LOAD CMakeFiles/audiopwm.dir/home/unheil/pico/pico-sdk/lib/tinyusb/src/class/dfu/dfu_rt_device.c.obj
LOAD CMakeFiles/audiopwm.dir/home/unheil/pico/pico-sdk/lib/tinyusb/src/class/hid/hid_device.c.obj
LOAD CMakeFiles/audiopwm.dir/home/unheil/pico/pico-sdk/lib/tinyusb/src/class/midi/midi_device.c.obj
LOAD CMakeFiles/audiopwm.dir/home/unheil/pico/pico-sdk/lib/tinyusb/src/class/msc/msc_device.c.obj
LOAD CMakeFiles/audiopwm.dir/home/unheil/pico/pico-sdk/lib/tinyusb/src/class/net/ecm_rndis_device.c.obj
LOAD CMakeFiles/audiopwm.dir/home/unheil/pico/pico-sdk/lib/tinyusb/src/class/net/ncm_device.c.obj
LOAD CMakeFiles/audiopwm.dir/home/unheil/pico/pico-sdk/lib/tinyusb/src/class/usbtmc/usbtmc_device.c.obj
LOAD CMakeFiles/audiopwm.dir/home/unheil/pico/pico-sdk/lib/tinyusb/src/class/vendor/vendor_device.c.obj
LOAD CMakeFiles/audiopwm.dir/home/unheil/pico/pico-sdk/lib/tinyusb/src/class/video/video_device.c.obj
LOAD CMakeFiles/audiopwm.dir/home/unheil/pico/pico-sdk/lib/tinyusb/src/tusb.c.obj
LOAD CMakeFiles/audiopwm.dir/home/unheil/pico/pico-sdk/lib/tinyusb/src/common/tusb_fifo.c.obj
LOAD CMakeFiles/audiopwm.dir/home/unheil/pico/pico-sdk/src/rp2_common/pico_fix/rp2040_usb_device_enumeration/rp2040_usb_device_enumeration.c.obj
LOAD CMakeFiles/audiopwm.dir/adsr.c.obj
LOAD CMakeFiles/audiopwm.dir/filter.c.obj
LOAD CMakeFiles/audiopwm.dir/home/unheil/pico/pico-sdk/src/rp2_common/hardware_dma/dma.c.obj
LOAD CMakeFiles/audiopwm.dir/home/unheil/pico/pico-sdk/src/rp2_common/hardware_pio/pio.c.obj
LOAD CMakeFiles/audiopwm.dir/home/unheil/pico/pico-sdk/src/rp2_common/hardware_adc/adc.c.obj
LOAD CMakeFiles/audiopwm.dir/home/unheil/pico/pico-sdk/src/rp2_common/hardware_rtc/rtc.c.obj
LOAD /tmp/ccnScDCl.o
LOAD /usr/lib/gcc/arm-none-eabi/12.2.1/../../../arm-none-eabi/lib/thumb/v6-m/nofp/libstdc++.a
LOAD /usr/lib/gcc/arm-none-eabi/12.2.1/../../../arm-none-eabi/lib/thumb/v6-m/nofp/libm.a
START GROUP
LOAD /usr/lib/gcc/arm-none-eabi/12.2.1/thumb/v6-m/nofp/libgcc.a
LOAD /usr/lib/gcc/arm-none-eabi/12.2.1/../../../arm-none-eabi/lib/thumb/v6-m/nofp/libc.a
END GROUP
START GROUP
LOAD /usr/lib/gcc/arm-none-eabi/12.2.1/thumb/v6-m/nofp/libgcc.a
LOAD /usr/lib/gcc/arm-none-eabi/12.2.1/../../../arm-none-eabi/lib/thumb/v6-m/nofp/libc.a
LOAD /usr/lib/gcc/arm-none-eabi/12.2.1/../../../arm-none-eabi/lib/thumb/v6-m/nofp/libnosys.a
END GROUP
LOAD /usr/lib/gcc/arm-none-eabi/12.2.1/thumb/v6-m/nofp/crtend.o
LOAD /usr/lib/gcc/arm-none-eabi/12.2.1/thumb/v6-m/nofp/crtn.o
OUTPUT(audiopwm.elf elf32-littlearm)
LOAD linker stubs

.ARM.attributes
                0x00000000       0x28
 .ARM.attributes
                0x00000000       0x1e /usr/lib/gcc/arm-none-eabi/12.2.1/thumb/v6-m/nofp/crti.o
 .ARM.attributes
                0x0000001e       0x2c /usr/lib/gcc/arm-none-eabi/12.2.1/thumb/v6-m/nofp/crtbegin.o
 .ARM.attributes
                0x0000004a       0x2c CMakeFiles/audiopwm.dir/audiopwm.c.obj
 .ARM.attributes
                0x00000076       0x2c CMakeFiles/audiopwm.dir/home/unheil/pico/pico-sdk/src/rp2_common/pico_stdlib/stdlib.c.obj
 .ARM.attributes
                0x000000a2       0x2c CMakeFiles/audiopwm.dir/home/unheil/pico/pico-sdk/src/rp2_common/hardware_gpio/gpio.c.obj
 .ARM.attributes
                0x000000ce       0x2c CMakeFiles/audiopwm.dir/home/unheil/pico/pico-sdk/src/rp2_common/pico_platform/platform.c.obj
 .ARM.attributes
                0x000000fa       0x2c CMakeFiles/audiopwm.dir/home/unheil/pico/pico-sdk/src/rp2_common/hardware_claim/claim.c.obj
 .ARM.attributes
                0x00000126       0x2c CMakeFiles/audiopwm.dir/home/unheil/pico/pico-sdk/src/rp2_common/hardware_sync/sync.c.obj
 .ARM.attributes
                0x00000152       0x2c CMakeFiles/audiopwm.dir/home/unheil/pico/pico-sdk/src/rp2_common/hardware_irq/irq.c.obj
 .ARM.attributes
                0x0000017e       0x22 CMakeFiles/audiopwm.dir/home/unheil/pico/pico-sdk/src/rp2_common/hardware_irq/irq_handler_chain.S.obj
 .ARM.attributes
                0x000001a0       0x2c CMakeFiles/audiopwm.dir/home/unheil/pico/pico-sdk/src/common/pico_sync/lock_core.c.obj
 .ARM.attributes
                0x000001cc       0x2c CMakeFiles/audiopwm.dir/home/unheil/pico/pico-sdk/src/common/pico_sync/mutex.c.obj
 .ARM.attributes
                0x000001f8       0x2c CMakeFiles/audiopwm.dir/home/unheil/pico/pico-sdk/src/common/pico_sync/critical_section.c.obj
 .ARM.attributes
                0x00000224       0x2c CMakeFiles/audiopwm.dir/home/unheil/pico/pico-sdk/src/common/pico_time/time.c.obj
 .ARM.attributes
                0x00000250       0x2c CMakeFiles/audiopwm.dir/home/unheil/pico/pico-sdk/src/rp2_common/hardware_timer/timer.c.obj
 .ARM.attributes
                0x0000027c       0x2c CMakeFiles/audiopwm.dir/home/unheil/pico/pico-sdk/src/common/pico_util/pheap.c.obj
 .ARM.attributes
                0x000002a8       0x2c CMakeFiles/audiopwm.dir/home/unheil/pico/pico-sdk/src/rp2_common/hardware_uart/uart.c.obj
 .ARM.attributes
                0x000002d4       0x2c CMakeFiles/audiopwm.dir/home/unheil/pico/pico-sdk/src/rp2_common/hardware_clocks/clocks.c.obj
 .ARM.attributes
                0x00000300       0x2c CMakeFiles/audiopwm.dir/home/unheil/pico/pico-sdk/src/rp2_common/hardware_pll/pll.c.obj
 .ARM.attributes
                0x0000032c       0x2c CMakeFiles/audiopwm.dir/home/unheil/pico/pico-sdk/src/rp2_common/hardware_watchdog/watchdog.c.obj
 .ARM.attributes
                0x00000358       0x2c CMakeFiles/audiopwm.dir/home/unheil/pico/pico-sdk/src/rp2_common/hardware_xosc/xosc.c.obj
 .ARM.attributes
                0x00000384       0x2c CMakeFiles/audiopwm.dir/home/unheil/pico/pico-sdk/src/rp2_common/pico_runtime/runtime.c.obj
 .ARM.attributes
                0x000003b0       0x2c CMakeFiles/audiopwm.dir/home/unheil/pico/pico-sdk/src/rp2_common/pico_printf/printf.c.obj
 .ARM.attributes
                0x000003dc       0x22 CMakeFiles/audiopwm.dir/home/unheil/pico/pico-sdk/src/rp2_common/pico_bit_ops/bit_ops_aeabi.S.obj
 .ARM.attributes
                0x000003fe       0x2c CMakeFiles/audiopwm.dir/home/unheil/pico/pico-sdk/src/rp2_common/pico_bootrom/bootrom.c.obj
 .ARM.attributes