Archive member included to satisfy reference by file (symbol)

/usr/lib/gcc/arm-none-eabi/12.2.1/thumb/v6-m/nofp/libgcc.a(_dvmd_tls.o)
                              CMakeFiles/audiopwm.dir/home/unheil/pico/pico-sdk/src/rp2_common/pico_divider/divider.S.obj (__aeabi_idiv0)
/usr/lib/gcc/arm-none-eabi/12.2.1/../../../arm-none-eabi/lib/thumb/v6-m/nofp/libg.a(lib_a-atexit.o)
                              /usr/lib/gcc/arm-none-eabi/12.2.1/../../../arm-none-eabi/lib/thumb/v6-m/nofp/crt0.o (atexit)
/usr/lib/gcc/arm-none-eabi/12.2.1/../../../arm-none-eabi/lib/thumb/v6-m/nofp/libg.a(lib_a-calloc.o)
                              CMakeFiles/audiopwm.dir/home/unheil/pico/pico-sdk/src/rp2_common/pico_malloc/pico_malloc.c.obj (calloc)
/usr/lib/gcc/arm-none-eabi/12.2.1/../../../arm-none-eabi/lib/thumb/v6-m/nofp/libg.a(lib_a-callocr.o)
                              /usr/lib/gcc/arm-none-eabi/12.2.1/../../../arm-none-eabi/lib/thumb/v6-m/nofp/libg.a(lib_a-calloc.o) (_calloc_r)
/usr/lib/gcc/arm-none-eabi/12.2.1/../../../arm-none-eabi/lib/thumb/v6-m/nofp/libg.a(lib_a-fini.o)
                              /usr/lib/gcc/arm-none-eabi/12.2.1/../../../arm-none-eabi/lib/thumb/v6-m/nofp/crt0.o (__libc_fini_array)
/usr/lib/gcc/arm-none-eabi/12.2.1/../../../arm-none-eabi/lib/thumb/v6-m/nofp/libg.a(lib_a-impure.o)
                              /usr/lib/gcc/arm-none-eabi/12.2.1/../../../arm-none-eabi/lib/thumb/v6-m/nofp/libg.a(lib_a-calloc.o) (_impure_ptr)
/usr/lib/gcc/arm-none-eabi/12.2.1/../../../arm-none-eabi/lib/thumb/v6-m/nofp/libg.a(lib_a-init.o)
                              /usr/lib/gcc/arm-none-eabi/12.2.1/../../../arm-none-eabi/lib/thumb/v6-m/nofp/crt0.o (__libc_init_array)
/usr/lib/gcc/arm-none-eabi/12.2.1/../../../arm-none-eabi/lib/thumb/v6-m/nofp/libg.a(lib_a-malloc.o)
                              CMakeFiles/audiopwm.dir/home/unheil/pico/pico-sdk/src/rp2_common/pico_malloc/pico_malloc.c.obj (malloc)
/usr/lib/gcc/arm-none-eabi/12.2.1/../../../arm-none-eabi/lib/thumb/v6-m/nofp/libg.a(lib_a-mallocr.o)
                              /usr/lib/gcc/arm-none-eabi/12.2.1/../../../arm-none-eabi/lib/thumb/v6-m/nofp/libg.a(lib_a-callocr.o) (_malloc_r)
/usr/lib/gcc/arm-none-eabi/12.2.1/../../../arm-none-eabi/lib/thumb/v6-m/nofp/libg.a(lib_a-mlock.o)
                              /usr/lib/gcc/arm-none-eabi/12.2.1/../../../arm-none-eabi/lib/thumb/v6-m/nofp/libg.a(lib_a-mallocr.o) (__malloc_lock)
/usr/lib/gcc/arm-none-eabi/12.2.1/../../../arm-none-eabi/lib/thumb/v6-m/nofp/libg.a(lib_a-realloc.o)
                              CMakeFiles/audiopwm.dir/home/unheil/pico/pico-sdk/src/rp2_common/pico_malloc/pico_malloc.c.obj (realloc)
/usr/lib/gcc/arm-none-eabi/12.2.1/../../../arm-none-eabi/lib/thumb/v6-m/nofp/libg.a(lib_a-reallocr.o)
                              /usr/lib/gcc/arm-none-eabi/12.2.1/../../../arm-none-eabi/lib/thumb/v6-m/nofp/libg.a(lib_a-realloc.o) (_realloc_r)
/usr/lib/gcc/arm-none-eabi/12.2.1/../../../arm-none-eabi/lib/thumb/v6-m/nofp/libg.a(lib_a-sbrkr.o)
                              /usr/lib/gcc/arm-none-eabi/12.2.1/../../../arm-none-eabi/lib/thumb/v6-m/nofp/libg.a(lib_a-mallocr.o) (_sbrk_r)
/usr/lib/gcc/arm-none-eabi/12.2.1/../../../arm-none-eabi/lib/thumb/v6-m/nofp/libg.a(lib_a-strlen-stub.o)
                              CMakeFiles/audiopwm.dir/home/unheil/pico/pico-sdk/src/rp2_common/pico_stdio/stdio.c.obj (strlen)
/usr/lib/gcc/arm-none-eabi/12.2.1/../../../arm-none-eabi/lib/thumb/v6-m/nofp/libg.a(lib_a-__atexit.o)
                              /usr/lib/gcc/arm-none-eabi/12.2.1/../../../arm-none-eabi/lib/thumb/v6-m/nofp/libg.a(lib_a-atexit.o) (__register_exitproc)
/usr/lib/gcc/arm-none-eabi/12.2.1/../../../arm-none-eabi/lib/thumb/v6-m/nofp/libg.a(lib_a-freer.o)
                              /usr/lib/gcc/arm-none-eabi/12.2.1/../../../arm-none-eabi/lib/thumb/v6-m/nofp/libg.a(lib_a-malloc.o) (_free_r)
/usr/lib/gcc/arm-none-eabi/12.2.1/../../../arm-none-eabi/lib/thumb/v6-m/nofp/libg.a(lib_a-memmove.o)
                              /usr/lib/gcc/arm-none-eabi/12.2.1/../../../arm-none-eabi/lib/thumb/v6-m/nofp/libg.a(lib_a-reallocr.o) (memmove)
/usr/lib/gcc/arm-none-eabi/12.2.1/../../../arm-none-eabi/lib/thumb/v6-m/nofp/libg.a(lib_a-reent.o)
                              /usr/lib/gcc/arm-none-eabi/12.2.1/../../../arm-none-eabi/lib/thumb/v6-m/nofp/libg.a(lib_a-sbrkr.o) (errno)

Discarded input sections

 .text          0x00000000        0x0 /usr/lib/gcc/arm-none-eabi/12.2.1/thumb/v6-m/nofp/crti.o
 .data          0x00000000        0x0 /usr/lib/gcc/arm-none-eabi/12.2.1/thumb/v6-m/nofp/crti.o
 .bss           0x00000000        0x0 /usr/lib/gcc/arm-none-eabi/12.2.1/thumb/v6-m/nofp/crti.o
 .data          0x00000000        0x4 /usr/lib/gcc/arm-none-eabi/12.2.1/thumb/v6-m/nofp/crtbegin.o
 .rodata        0x00000000       0x24 /usr/lib/gcc/arm-none-eabi/12.2.1/thumb/v6-m/nofp/crtbegin.o
 .fini_array    0x00000000        0x4 /usr/lib/gcc/arm-none-eabi/12.2.1/thumb/v6-m/nofp/crtbegin.o
[...]
Memory Configuration

Name             Origin             Length             Attributes
FLASH            0x10000000         0x00200000         xr
RAM              0x20000000         0x00040000         xrw
SCRATCH_X        0x20040000         0x00001000         xrw
SCRATCH_Y        0x20041000         0x00001000         xrw
*default*        0x00000000         0xffffffff

Linker script and memory map

LOAD /usr/lib/gcc/arm-none-eabi/12.2.1/thumb/v6-m/nofp/crti.o
LOAD /usr/lib/gcc/arm-none-eabi/12.2.1/thumb/v6-m/nofp/crtbegin.o
LOAD /usr/lib/gcc/arm-none-eabi/12.2.1/../../../arm-none-eabi/lib/thumb/v6-m/nofp/crt0.o

.flash_begin    0x10000000        0x0
                0x10000000                        __flash_binary_start = .

.boot2          0x10000000      0x100
                0x10000000                        __boot2_start__ = .
 *(.boot2)
 .boot2         0x10000000      0x100 /tmp/ccea9ros.o
                0x10000100                        __boot2_end__ = .
                0x00000001                        ASSERT (((__boot2_end__ - __boot2_start__) == 0x100), ERROR: Pico second stage bootloader must be 256 bytes in size)

.text           0x10000100     0x8070
                0x10000100                        __logical_binary_start = .
 *(.vectors)
 .vectors       0x10000100       0xd4 CMakeFiles/audiopwm.dir/home/unheil/pico/pico-sdk/src/rp2_common/pico_standard_link/crt0.S.obj
                0x10000100                __vectors
                0x10000100                __VECTOR_TABLE
                0x100001c0                isr_invalid
                0x100001c0                __default_isrs_start
                0x100001c2                isr_nmi
                0x100001c4                isr_hardfault
                0x100001c6                isr_svcall
                0x100001c8                isr_pendsv
                0x100001ca                isr_systick
                0x100001cc                isr_irq30
                0x100001cc                __unhandled_user_irq
                0x100001cc                isr_irq13
                0x100001cc                isr_irq27
                0x100001cc                isr_irq31
                0x100001cc                isr_irq5
                0x100001cc                isr_irq11
                0x100001cc                isr_irq23
                0x100001cc                isr_irq18
                0x100001cc                isr_irq28
                0x100001cc                isr_irq19
                0x100001cc                isr_irq0
                0x100001cc                isr_irq6
                0x100001cc                isr_irq22
                0x100001cc                isr_irq17
                0x100001cc                isr_irq14
                0x100001cc                isr_irq2
                0x100001cc                isr_irq10
                0x100001cc                isr_irq8
                0x100001cc                isr_irq24
                0x100001cc                isr_irq1
                0x100001cc                isr_irq7
                0x100001cc                isr_irq21
                0x100001cc                isr_irq20
                0x100001cc                isr_irq15
                0x100001cc                isr_irq25
                0x100001cc                isr_irq4
                0x100001cc                isr_irq16
                0x100001cc                isr_irq29
                0x100001cc                isr_irq26
                0x100001cc                __default_isrs_end
                0x100001cc                isr_irq3
                0x100001cc                isr_irq12
                0x100001cc                isr_irq9
                0x100001d2                unhandled_user_irq_num_in_r0
 *(.binary_info_header)
 .binary_info_header
                0x100001d4       0x14 CMakeFiles/audiopwm.dir/home/unheil/pico/pico-sdk/src/rp2_common/pico_standard_link/crt0.S.obj
                0x100001e8                        __binary_info_header_end = .
 *(.reset)
 .reset         0x100001e8       0xa0 CMakeFiles/audiopwm.dir/home/unheil/pico/pico-sdk/src/rp2_common/pico_standard_link/crt0.S.obj
                0x100001e8                _entry_point
 .reset         0x10000288       0x30 CMakeFiles/audiopwm.dir/home/unheil/pico/pico-sdk/src/rp2_common/pico_standard_link/binary_info.c.obj
 *(.init)
 .init          0x100002b8        0x4 /usr/lib/gcc/arm-none-eabi/12.2.1/thumb/v6-m/nofp/crti.o
                0x100002b8                _init
 *(EXCLUDE_FILE(*libm.a: *libc.a:*lib_a-mem*.o *libgcc.a:) .text*)
 .text          0x100002bc       0x98 /usr/lib/gcc/arm-none-eabi/12.2.1/thumb/v6-m/nofp/crtbegin.o
 .text.pio_get_default_sm_config
                0x10000354       0x28 CMakeFiles/audiopwm.dir/audiopwm.c.obj
 .text.audio_pwm_program_get_default_config
                0x1000037c       0x40 CMakeFiles/audiopwm.dir/audiopwm.c.obj
 .text.adc_handler
                0x100003bc       0x4c CMakeFiles/audiopwm.dir/audiopwm.c.obj
                0x100003bc                adc_handler
 .text.audio_pwm_program_init
                0x10000408       0x90 CMakeFiles/audiopwm.dir/audiopwm.c.obj
 .text.channel_config_set_chain_to
                0x10000498       0x30 CMakeFiles/audiopwm.dir/audiopwm.c.obj
 .text.dma_channel_get_default_config
                0x100004c8       0x74 CMakeFiles/audiopwm.dir/audiopwm.c.obj
 .text.adc_gpio_init
                0x1000053c       0x1e CMakeFiles/audiopwm.dir/audiopwm.c.obj
 *fill*         0x1000055a        0x2 
 .text.set_sys_clock_khz
                0x1000055c       0x3c CMakeFiles/audiopwm.dir/audiopwm.c.obj
 .text.get_empty_buffer
                0x10000598       0x34 CMakeFiles/audiopwm.dir/audiopwm.c.obj
                0x10000598                get_empty_buffer
 .text.get_playable_buffer
                0x100005cc       0x40 CMakeFiles/audiopwm.dir/audiopwm.c.obj
                0x100005cc                get_playable_buffer
 .text.dma_handler
                0x1000060c       0x40 CMakeFiles/audiopwm.dir/audiopwm.c.obj
                0x1000060c                dma_handler
 .text.init_audio_buffers
                0x1000064c       0x58 CMakeFiles/audiopwm.dir/audiopwm.c.obj
                0x1000064c                init_audio_buffers
 .text.to_audio
                0x100006a4       0x30 CMakeFiles/audiopwm.dir/audiopwm.c.obj
                0x100006a4                to_audio
 .text.init_pio
                0x100006d4       0x40 CMakeFiles/audiopwm.dir/audiopwm.c.obj
                0x100006d4                init_pio
 .text.init_dma
                0x10000714       0x64 CMakeFiles/audiopwm.dir/audiopwm.c.obj
                0x10000714                init_dma
 .text.init_adc
                0x10000778       0xbc CMakeFiles/audiopwm.dir/audiopwm.c.obj
                0x10000778                init_adc
 .text.init_echo
                0x10000834       0x58 CMakeFiles/audiopwm.dir/audiopwm.c.obj
                0x10000834                init_echo
 .text.init_oscillators
                0x1000088c       0x7c CMakeFiles/audiopwm.dir/audiopwm.c.obj
                0x1000088c                init_oscillators
 .text.start_oscillator
                0x10000908       0x20 CMakeFiles/audiopwm.dir/audiopwm.c.obj
                0x10000908                start_oscillator
 .text.oscillate
                0x10000928       0x50 CMakeFiles/audiopwm.dir/audiopwm.c.obj
                0x10000928                oscillate
 .text.main     0x10000978      0x178 CMakeFiles/audiopwm.dir/audiopwm.c.obj
                0x10000978                main
 .text.set_sys_clock_pll
                0x10000af0       0x78 CMakeFiles/audiopwm.dir/home/unheil/pico/pico-sdk/src/rp2_common/pico_stdlib/stdlib.c.obj
                0x10000af0                set_sys_clock_pll
 .text.check_sys_clock_khz
                0x10000b68       0xa4 CMakeFiles/audiopwm.dir/home/unheil/pico/pico-sdk/src/rp2_common/pico_stdlib/stdlib.c.obj
                0x10000b68                check_sys_clock_khz
 .text.gpio_set_function
                0x10000c0c       0x30 CMakeFiles/audiopwm.dir/home/unheil/pico/pico-sdk/src/rp2_common/hardware_gpio/gpio.c.obj
                0x10000c0c                gpio_set_function
 .text.gpio_set_pulls
                0x10000c3c       0x34 CMakeFiles/audiopwm.dir/home/unheil/pico/pico-sdk/src/rp2_common/hardware_gpio/gpio.c.obj
                0x10000c3c                gpio_set_pulls
 .text.gpio_set_input_enabled
                0x10000c70       0x30 CMakeFiles/audiopwm.dir/home/unheil/pico/pico-sdk/src/rp2_common/hardware_gpio/gpio.c.obj
                0x10000c70                gpio_set_input_enabled
 .text.running_on_fpga
                0x10000ca0       0x14 CMakeFiles/audiopwm.dir/home/unheil/pico/pico-sdk/src/rp2_common/pico_platform/platform.c.obj
                0x10000ca0                running_on_fpga
 .text.hw_claim_lock
                0x10000cb4       0x18 CMakeFiles/audiopwm.dir/home/unheil/pico/pico-sdk/src/rp2_common/hardware_claim/claim.c.obj
                0x10000cb4                hw_claim_lock
 .text.hw_claim_unlock
                0x10000ccc       0x14 CMakeFiles/audiopwm.dir/home/unheil/pico/pico-sdk/src/rp2_common/hardware_claim/claim.c.obj
                0x10000ccc                hw_claim_unlock
 .text.hw_claim_or_assert
                0x10000ce0       0x32 CMakeFiles/audiopwm.dir/home/unheil/pico/pico-sdk/src/rp2_common/hardware_claim/claim.c.obj
                0x10000ce0                hw_claim_or_assert
 .text.hw_claim_unused_from_range
                0x10000d12       0x50 CMakeFiles/audiopwm.dir/home/unheil/pico/pico-sdk/src/rp2_common/hardware_claim/claim.c.obj
                0x10000d12                hw_claim_unused_from_range
 *fill*         0x10000d62        0x2 
 .text.spin_locks_reset
                0x10000d64       0x20 CMakeFiles/audiopwm.dir/home/unheil/pico/pico-sdk/src/rp2_common/hardware_sync/sync.c.obj
                0x10000d64                spin_locks_reset
 .text.next_striped_spin_lock_num
                0x10000d84       0x1c CMakeFiles/audiopwm.dir/home/unheil/pico/pico-sdk/src/rp2_common/hardware_sync/sync.c.obj
                0x10000d84                next_striped_spin_lock_num
 .text.spin_lock_claim_unused
                0x10000da0       0x24 CMakeFiles/audiopwm.dir/home/unheil/pico/pico-sdk/src/rp2_common/hardware_sync/sync.c.obj
                0x10000da0                spin_lock_claim_unused
 .text.set_raw_irq_handler_and_unlock
                0x10000dc4       0x28 CMakeFiles/audiopwm.dir/home/unheil/pico/pico-sdk/src/rp2_common/hardware_irq/irq.c.obj
 .text.resolve_branch
                0x10000dec       0x30 CMakeFiles/audiopwm.dir/home/unheil/pico/pico-sdk/src/rp2_common/hardware_irq/irq.c.obj
 .text.make_branch
                0x10000e1c       0x48 CMakeFiles/audiopwm.dir/home/unheil/pico/pico-sdk/src/rp2_common/hardware_irq/irq.c.obj
 .text.insert_branch_and_link
                0x10000e64       0x40 CMakeFiles/audiopwm.dir/home/unheil/pico/pico-sdk/src/rp2_common/hardware_irq/irq.c.obj
 .text.irq_is_enabled
                0x10000ea4       0x18 CMakeFiles/audiopwm.dir/home/unheil/pico/pico-sdk/src/rp2_common/hardware_irq/irq.c.obj
                0x10000ea4                irq_is_enabled
 .text.irq_set_mask_enabled
                0x10000ebc       0x20 CMakeFiles/audiopwm.dir/home/unheil/pico/pico-sdk/src/rp2_common/hardware_irq/irq.c.obj
                0x10000ebc                irq_set_mask_enabled
 .text.irq_set_enabled
                0x10000edc        0xe CMakeFiles/audiopwm.dir/home/unheil/pico/pico-sdk/src/rp2_common/hardware_irq/irq.c.obj
                0x10000edc                irq_set_enabled
 *fill*         0x10000eea        0x2 
 .text.irq_set_pending
                0x10000eec       0x10 CMakeFiles/audiopwm.dir/home/unheil/pico/pico-sdk/src/rp2_common/hardware_irq/irq.c.obj
                0x10000eec                irq_set_pending
 .text.irq_get_vtable_handler
                0x10000efc       0x10 CMakeFiles/audiopwm.dir/home/unheil/pico/pico-sdk/src/rp2_common/hardware_irq/irq.c.obj
                0x10000efc                irq_get_vtable_handler
 .text.irq_has_shared_handler
                0x10000f0c       0x24 CMakeFiles/audiopwm.dir/home/unheil/pico/pico-sdk/src/rp2_common/hardware_irq/irq.c.obj
                0x10000f0c                irq_has_shared_handler
 .text.irq_set_exclusive_handler
                0x10000f30       0x54 CMakeFiles/audiopwm.dir/home/unheil/pico/pico-sdk/src/rp2_common/hardware_irq/irq.c.obj
                0x10000f30                irq_set_exclusive_handler
 .text.irq_add_shared_handler
                0x10000f84      0x210 CMakeFiles/audiopwm.dir/home/unheil/pico/pico-sdk/src/rp2_common/hardware_irq/irq.c.obj
                0x10000f84                irq_add_shared_handler
 .text.irq_remove_handler
                0x10001194      0x188 CMakeFiles/audiopwm.dir/home/unheil/pico/pico-sdk/src/rp2_common/hardware_irq/irq.c.obj
                0x10001194                irq_remove_handler
 .text.irq_add_tail_to_free_list
                0x1000131c       0xf0 CMakeFiles/audiopwm.dir/home/unheil/pico/pico-sdk/src/rp2_common/hardware_irq/irq.c.obj
                0x1000131c                irq_add_tail_to_free_list
 .text.irq_init_priorities
                0x1000140c       0x1c CMakeFiles/audiopwm.dir/home/unheil/pico/pico-sdk/src/rp2_common/hardware_irq/irq.c.obj
                0x1000140c                irq_init_priorities
 .text.user_irq_claim_unused
                0x10001428       0x2c CMakeFiles/audiopwm.dir/home/unheil/pico/pico-sdk/src/rp2_common/hardware_irq/irq.c.obj
                0x10001428                user_irq_claim_unused
 .text.lock_init
                0x10001454       0x10 CMakeFiles/audiopwm.dir/home/unheil/pico/pico-sdk/src/common/pico_sync/lock_core.c.obj
                0x10001454                lock_init
 .text.update_us_since_boot
                0x10001464       0x24 CMakeFiles/audiopwm.dir/home/unheil/pico/pico-sdk/src/common/pico_sync/mutex.c.obj
 .text.delayed_by_ms
                0x10001488       0x44 CMakeFiles/audiopwm.dir/home/unheil/pico/pico-sdk/src/common/pico_sync/mutex.c.obj
 .text.get_absolute_time
                0x100014cc       0x22 CMakeFiles/audiopwm.dir/home/unheil/pico/pico-sdk/src/common/pico_sync/mutex.c.obj
 .text.make_timeout_time_ms
                0x100014ee       0x20 CMakeFiles/audiopwm.dir/home/unheil/pico/pico-sdk/src/common/pico_sync/mutex.c.obj
 .text.mutex_init
                0x1000150e       0x1a CMakeFiles/audiopwm.dir/home/unheil/pico/pico-sdk/src/common/pico_sync/mutex.c.obj
                0x1000150e                mutex_init
 .text.recursive_mutex_init
                0x10001528       0x1e CMakeFiles/audiopwm.dir/home/unheil/pico/pico-sdk/src/common/pico_sync/mutex.c.obj
                0x10001528                recursive_mutex_init
 *fill*         0x10001546        0x2 
 .text.critical_section_init_with_lock_num
                0x10001548       0x14 CMakeFiles/audiopwm.dir/home/unheil/pico/pico-sdk/src/common/pico_sync/critical_section.c.obj
                0x10001548                critical_section_init_with_lock_num
 .text.critical_section_init
                0x1000155c       0x14 CMakeFiles/audiopwm.dir/home/unheil/pico/pico-sdk/src/common/pico_sync/critical_section.c.obj
                0x1000155c                critical_section_init
 .text.time_reached
                0x10001570       0x28 CMakeFiles/audiopwm.dir/home/unheil/pico/pico-sdk/src/common/pico_time/time.c.obj
 .text.get_entry
                0x10001598       0x38 CMakeFiles/audiopwm.dir/home/unheil/pico/pico-sdk/src/common/pico_time/time.c.obj
 .text.timer_pool_entry_comparator
                0x100015d0       0x2e CMakeFiles/audiopwm.dir/home/unheil/pico/pico-sdk/src/common/pico_time/time.c.obj
                0x100015d0                timer_pool_entry_comparator
 *fill*         0x100015fe        0x2 
 .text.update_us_since_boot
                0x10001600       0x24 CMakeFiles/audiopwm.dir/home/unheil/pico/pico-sdk/src/common/pico_time/time.c.obj
 .text.delayed_by_us
                0x10001624       0x34 CMakeFiles/audiopwm.dir/home/unheil/pico/pico-sdk/src/common/pico_time/time.c.obj
 .text.ph_get_node
                0x10001658       0x30 CMakeFiles/audiopwm.dir/home/unheil/pico/pico-sdk/src/common/pico_time/time.c.obj
 .text.ph_contains_node
                0x10001688       0x1e CMakeFiles/audiopwm.dir/home/unheil/pico/pico-sdk/src/common/pico_time/time.c.obj
 .text.ph_new_node
                0x100016a6       0x28 CMakeFiles/audiopwm.dir/home/unheil/pico/pico-sdk/src/common/pico_time/time.c.obj
 *fill*         0x100016ce        0x2 
 .text.ph_add_child_node
                0x100016d0       0x6c CMakeFiles/audiopwm.dir/home/unheil/pico/pico-sdk/src/common/pico_time/time.c.obj
 .text.ph_merge_nodes
                0x1000173c       0x3e CMakeFiles/audiopwm.dir/home/unheil/pico/pico-sdk/src/common/pico_time/time.c.obj
 *fill*         0x1000177a        0x2 
 .text.ph_insert_node
                0x1000177c       0x3c CMakeFiles/audiopwm.dir/home/unheil/pico/pico-sdk/src/common/pico_time/time.c.obj
 .text.ph_free_node
                0x100017b8       0x5c CMakeFiles/audiopwm.dir/home/unheil/pico/pico-sdk/src/common/pico_time/time.c.obj
 .text.get_entry_id_high
                0x10001814       0x30 CMakeFiles/audiopwm.dir/home/unheil/pico/pico-sdk/src/common/pico_time/time.c.obj
 .text.alarm_pool_post_alloc_init
                0x10001844       0x40 CMakeFiles/audiopwm.dir/home/unheil/pico/pico-sdk/src/common/pico_time/time.c.obj
 .text.sleep_until_callback
                0x10001884       0x30 CMakeFiles/audiopwm.dir/home/unheil/pico/pico-sdk/src/common/pico_time/time.c.obj
 .text.get_absolute_time
                0x100018b4       0x22 CMakeFiles/audiopwm.dir/home/unheil/pico/pico-sdk/src/common/pico_time/time.c.obj
 .text.make_timeout_time_us
                0x100018d6       0x24 CMakeFiles/audiopwm.dir/home/unheil/pico/pico-sdk/src/common/pico_time/time.c.obj
 *fill*         0x100018fa        0x2 
 .text.add_alarm_under_lock
                0x100018fc       0x94 CMakeFiles/audiopwm.dir/home/unheil/pico/pico-sdk/src/common/pico_time/time.c.obj
 .text.alarm_pool_alarm_callback
                0x10001990      0x210 CMakeFiles/audiopwm.dir/home/unheil/pico/pico-sdk/src/common/pico_time/time.c.obj
 .text.alarm_pool_init_default
                0x10001ba0       0x40 CMakeFiles/audiopwm.dir/home/unheil/pico/pico-sdk/src/common/pico_time/time.c.obj
                0x10001ba0                alarm_pool_init_default
 .text.alarm_pool_get_default
                0x10001be0       0x2c CMakeFiles/audiopwm.dir/home/unheil/pico/pico-sdk/src/common/pico_time/time.c.obj
                0x10001be0                alarm_pool_get_default
 .text.alarm_pool_add_alarm_at
                0x10001c0c      0x10e CMakeFiles/audiopwm.dir/home/unheil/pico/pico-sdk/src/common/pico_time/time.c.obj
                0x10001c0c                alarm_pool_add_alarm_at
 .text.add_alarm_at
                0x10001d1a       0x2e CMakeFiles/audiopwm.dir/home/unheil/pico/pico-sdk/src/common/pico_time/time.c.obj
 .text.alarm_pool_cancel_alarm
                0x10001d48       0xa8 CMakeFiles/audiopwm.dir/home/unheil/pico/pico-sdk/src/common/pico_time/time.c.obj
                0x10001d48                alarm_pool_cancel_alarm
 .text.cancel_alarm
                0x10001df0       0x10 CMakeFiles/audiopwm.dir/home/unheil/pico/pico-sdk/src/common/pico_time/time.c.obj
 .text.alarm_pool_core_num
                0x10001e00        0x4 CMakeFiles/audiopwm.dir/home/unheil/pico/pico-sdk/src/common/pico_time/time.c.obj
                0x10001e00                alarm_pool_core_num
 .text.sleep_until
                0x10001e04       0xb0 CMakeFiles/audiopwm.dir/home/unheil/pico/pico-sdk/src/common/pico_time/time.c.obj
                0x10001e04                sleep_until
 .text.sleep_us
                0x10001eb4       0x1a CMakeFiles/audiopwm.dir/home/unheil/pico/pico-sdk/src/common/pico_time/time.c.obj
                0x10001eb4                sleep_us
 *fill*         0x10001ece        0x2 
 .text.best_effort_wfe_or_timeout
                0x10001ed0       0x44 CMakeFiles/audiopwm.dir/home/unheil/pico/pico-sdk/src/common/pico_time/time.c.obj
                0x10001ed0                best_effort_wfe_or_timeout
 .text.update_us_since_boot
                0x10001f14       0x24 CMakeFiles/audiopwm.dir/home/unheil/pico/pico-sdk/src/rp2_common/hardware_timer/timer.c.obj
 .text.hardware_alarm_irq_handler
                0x10001f38       0x8c CMakeFiles/audiopwm.dir/home/unheil/pico/pico-sdk/src/rp2_common/hardware_timer/timer.c.obj
 .text.hardware_alarm_claim
                0x10001fc4       0x18 CMakeFiles/audiopwm.dir/home/unheil/pico/pico-sdk/src/rp2_common/hardware_timer/timer.c.obj
                0x10001fc4                hardware_alarm_claim
 .text.time_us_64
                0x10001fdc       0x18 CMakeFiles/audiopwm.dir/home/unheil/pico/pico-sdk/src/rp2_common/hardware_timer/timer.c.obj
                0x10001fdc                time_us_64
 .text.busy_wait_until
                0x10001ff4       0x28 CMakeFiles/audiopwm.dir/home/unheil/pico/pico-sdk/src/rp2_common/hardware_timer/timer.c.obj
                0x10001ff4                busy_wait_until
 .text.busy_wait_us
                0x1000201c       0x3a CMakeFiles/audiopwm.dir/home/unheil/pico/pico-sdk/src/rp2_common/hardware_timer/timer.c.obj
                0x1000201c                busy_wait_us
 *fill*         0x10002056        0x2 
 .text.hardware_alarm_set_callback
                0x10002058       0x90 CMakeFiles/audiopwm.dir/home/unheil/pico/pico-sdk/src/rp2_common/hardware_timer/timer.c.obj
                0x10002058                hardware_alarm_set_callback
 .text.hardware_alarm_set_target
                0x100020e8       0xe8 CMakeFiles/audiopwm.dir/home/unheil/pico/pico-sdk/src/rp2_common/hardware_timer/timer.c.obj
                0x100020e8                hardware_alarm_set_target
 .text.hardware_alarm_cancel
                0x100021d0       0x40 CMakeFiles/audiopwm.dir/home/unheil/pico/pico-sdk/src/rp2_common/hardware_timer/timer.c.obj
                0x100021d0                hardware_alarm_cancel
 .text.ph_get_node
                0x10002210       0x30 CMakeFiles/audiopwm.dir/home/unheil/pico/pico-sdk/src/common/pico_util/pheap.c.obj
 .text.ph_add_child_node
                0x10002240       0x6c CMakeFiles/audiopwm.dir/home/unheil/pico/pico-sdk/src/common/pico_util/pheap.c.obj
 .text.ph_merge_nodes
                0x100022ac       0x3e CMakeFiles/audiopwm.dir/home/unheil/pico/pico-sdk/src/common/pico_util/pheap.c.obj
 .text.ph_clear
                0x100022ea       0x34 CMakeFiles/audiopwm.dir/home/unheil/pico/pico-sdk/src/common/pico_util/pheap.c.obj
                0x100022ea                ph_clear
 .text.ph_post_alloc_init
                0x1000231e        0xe CMakeFiles/audiopwm.dir/home/unheil/pico/pico-sdk/src/common/pico_util/pheap.c.obj
                0x1000231e                ph_post_alloc_init
 .text.ph_merge_two_pass
                0x1000232c       0x5c CMakeFiles/audiopwm.dir/home/unheil/pico/pico-sdk/src/common/pico_util/pheap.c.obj
                0x1000232c                ph_merge_two_pass
 .text.ph_remove_any_head
                0x10002388       0xc0 CMakeFiles/audiopwm.dir/home/unheil/pico/pico-sdk/src/common/pico_util/pheap.c.obj
 .text.ph_remove_head
                0x10002448       0x14 CMakeFiles/audiopwm.dir/home/unheil/pico/pico-sdk/src/common/pico_util/pheap.c.obj
                0x10002448                ph_remove_head
 .text.ph_remove_and_free_node
                0x1000245c       0xa0 CMakeFiles/audiopwm.dir/home/unheil/pico/pico-sdk/src/common/pico_util/pheap.c.obj
                0x1000245c                ph_remove_and_free_node
 .text.uart_disable_before_lcr_write
                0x100024fc       0x48 CMakeFiles/audiopwm.dir/home/unheil/pico/pico-sdk/src/rp2_common/hardware_uart/uart.c.obj
 .text.uart_write_lcr_bits_masked
                0x10002544       0x22 CMakeFiles/audiopwm.dir/home/unheil/pico/pico-sdk/src/rp2_common/hardware_uart/uart.c.obj
 *fill*         0x10002566        0x2 
 .text.uart_set_baudrate
                0x10002568       0x5c CMakeFiles/audiopwm.dir/home/unheil/pico/pico-sdk/src/rp2_common/hardware_uart/uart.c.obj
                0x10002568                uart_set_baudrate
 .text.uart_set_format
                0x100025c4       0x2c CMakeFiles/audiopwm.dir/home/unheil/pico/pico-sdk/src/rp2_common/hardware_uart/uart.c.obj
                0x100025c4                uart_set_format
 .text.uart_set_translate_crlf
                0x100025f0       0x28 CMakeFiles/audiopwm.dir/home/unheil/pico/pico-sdk/src/rp2_common/hardware_uart/uart.c.obj
                0x100025f0                uart_set_translate_crlf
 .text.uart_init
                0x10002618       0x80 CMakeFiles/audiopwm.dir/home/unheil/pico/pico-sdk/src/rp2_common/hardware_uart/uart.c.obj
                0x10002618                uart_init
 .text.clock_configure
                0x10002698      0x108 CMakeFiles/audiopwm.dir/home/unheil/pico/pico-sdk/src/rp2_common/hardware_clocks/clocks.c.obj
                0x10002698                clock_configure
 .text.clocks_init
                0x100027a0      0x100 CMakeFiles/audiopwm.dir/home/unheil/pico/pico-sdk/src/rp2_common/hardware_clocks/clocks.c.obj
                0x100027a0                clocks_init
 .text.clock_get_hz
                0x100028a0        0xc CMakeFiles/audiopwm.dir/home/unheil/pico/pico-sdk/src/rp2_common/hardware_clocks/clocks.c.obj
                0x100028a0                clock_get_hz
 .text.pll_init
                0x100028ac      0x120 CMakeFiles/audiopwm.dir/home/unheil/pico/pico-sdk/src/rp2_common/hardware_pll/pll.c.obj
                0x100028ac                pll_init
 .text.watchdog_start_tick
                0x100029cc       0x10 CMakeFiles/audiopwm.dir/home/unheil/pico/pico-sdk/src/rp2_common/hardware_watchdog/watchdog.c.obj
                0x100029cc                watchdog_start_tick
 .text.watchdog_update
                0x100029dc       0x14 CMakeFiles/audiopwm.dir/home/unheil/pico/pico-sdk/src/rp2_common/hardware_watchdog/watchdog.c.obj
                0x100029dc                watchdog_update
 .text._watchdog_enable
                0x100029f0       0x78 CMakeFiles/audiopwm.dir/home/unheil/pico/pico-sdk/src/rp2_common/hardware_watchdog/watchdog.c.obj
                0x100029f0                _watchdog_enable
 .text.watchdog_reboot
                0x10002a68       0x48 CMakeFiles/audiopwm.dir/home/unheil/pico/pico-sdk/src/rp2_common/hardware_watchdog/watchdog.c.obj
                0x10002a68                watchdog_reboot
 .text.xosc_init
                0x10002ab0       0x28 CMakeFiles/audiopwm.dir/home/unheil/pico/pico-sdk/src/rp2_common/hardware_xosc/xosc.c.obj
                0x10002ab0                xosc_init
 .text._exit    0x10002ad8        0x4 CMakeFiles/audiopwm.dir/home/unheil/pico/pico-sdk/src/rp2_common/pico_runtime/runtime.c.obj
                0x10002ad8                _exit
 .text.exit     0x10002adc        0x6 CMakeFiles/audiopwm.dir/home/unheil/pico/pico-sdk/src/rp2_common/pico_runtime/runtime.c.obj
                0x10002adc                exit
 *fill*         0x10002ae2        0x2 
 .text.__assert_func
                0x10002ae4       0x38 CMakeFiles/audiopwm.dir/home/unheil/pico/pico-sdk/src/rp2_common/pico_runtime/runtime.c.obj
                0x10002ae4                __assert_func
 .text.runtime_init
                0x10002b1c       0xf8 CMakeFiles/audiopwm.dir/home/unheil/pico/pico-sdk/src/rp2_common/pico_runtime/runtime.c.obj
                0x10002b1c                runtime_init
 .text.panic    0x10002c14       0x30 CMakeFiles/audiopwm.dir/home/unheil/pico/pico-sdk/src/rp2_common/pico_runtime/runtime.c.obj
                0x10002c14                panic
 .text._out_null
                0x10002c44        0x2 CMakeFiles/audiopwm.dir/home/unheil/pico/pico-sdk/src/rp2_common/pico_printf/printf.c.obj
 .text._out_fct
                0x10002c46        0xe CMakeFiles/audiopwm.dir/home/unheil/pico/pico-sdk/src/rp2_common/pico_printf/printf.c.obj
 .text._atoi    0x10002c54       0x24 CMakeFiles/audiopwm.dir/home/unheil/pico/pico-sdk/src/rp2_common/pico_printf/printf.c.obj
 .text._out_rev
                0x10002c78       0xae CMakeFiles/audiopwm.dir/home/unheil/pico/pico-sdk/src/rp2_common/pico_printf/printf.c.obj
 .text._ntoa_format
                0x10002d26      0x110 CMakeFiles/audiopwm.dir/home/unheil/pico/pico-sdk/src/rp2_common/pico_printf/printf.c.obj
 .text._ntoa_long
                0x10002e36       0xbc CMakeFiles/audiopwm.dir/home/unheil/pico/pico-sdk/src/rp2_common/pico_printf/printf.c.obj
 .text._ntoa_long_long
                0x10002ef2      0x10e CMakeFiles/audiopwm.dir/home/unheil/pico/pico-sdk/src/rp2_common/pico_printf/printf.c.obj
 .text._etoa    0x10003000      0x420 CMakeFiles/audiopwm.dir/home/unheil/pico/pico-sdk/src/rp2_common/pico_printf/printf.c.obj
 .text._ftoa    0x10003420      0x354 CMakeFiles/audiopwm.dir/home/unheil/pico/pico-sdk/src/rp2_common/pico_printf/printf.c.obj
 .text._vsnprintf
                0x10003774      0x65c CMakeFiles/audiopwm.dir/home/unheil/pico/pico-sdk/src/rp2_common/pico_printf/printf.c.obj
 .text.vfctprintf
                0x10003dd0       0x20 CMakeFiles/audiopwm.dir/home/unheil/pico/pico-sdk/src/rp2_common/pico_printf/printf.c.obj
                0x10003dd0                vfctprintf
 .text          0x10003df0       0x10 CMakeFiles/audiopwm.dir/home/unheil/pico/pico-sdk/src/rp2_common/pico_bit_ops/bit_ops_aeabi.S.obj
 .text.rom_func_lookup
                0x10003e00       0x10 CMakeFiles/audiopwm.dir/home/unheil/pico/pico-sdk/src/rp2_common/pico_bootrom/bootrom.c.obj
                0x10003e00                rom_func_lookup
 .text.rom_data_lookup
                0x10003e10       0x10 CMakeFiles/audiopwm.dir/home/unheil/pico/pico-sdk/src/rp2_common/pico_bootrom/bootrom.c.obj
                0x10003e10                rom_data_lookup
 .text.rom_funcs_lookup
                0x10003e20       0x36 CMakeFiles/audiopwm.dir/home/unheil/pico/pico-sdk/src/rp2_common/pico_bootrom/bootrom.c.obj
                0x10003e20                rom_funcs_lookup
 *fill*         0x10003e56        0x2 
 .text.__wrap___aeabi_idiv
                0x10003e58       0x50 CMakeFiles/audiopwm.dir/home/unheil/pico/pico-sdk/src/rp2_common/pico_divider/divider.S.obj
                0x10003e58                __wrap___aeabi_idivmod
                0x10003e58                divmod_s32s32
                0x10003e58                div_s32s32
                0x10003e58                __wrap___aeabi_idiv
                0x10003e60                divmod_s32s32_unsafe
                0x10003e8c                divmod_s32s32_savestate
 .text.__wrap___aeabi_uidiv
                0x10003ea8       0x4c CMakeFiles/audiopwm.dir/home/unheil/pico/pico-sdk/src/rp2_common/pico_divider/divider.S.obj
                0x10003ea8                __wrap___aeabi_uidiv
                0x10003ea8                __wrap___aeabi_uidivmod
                0x10003ea8                div_u32u32
                0x10003ea8                divmod_u32u32
                0x10003eb0                divmod_u32u32_unsafe
                0x10003ed8                divmod_u32u32_savestate
 .text.__wrap___aeabi_ldiv
                0x10003ef4      0x424 CMakeFiles/audiopwm.dir/home/unheil/pico/pico-sdk/src/rp2_common/pico_divider/divider.S.obj
                0x10003ef4                div_s64s64
                0x10003ef4                divmod_s64s64
                0x10003ef4                __wrap___aeabi_ldivmod
                0x10003f24                div_u64u64
                0x10003f24                divmod_u64u64
                0x10003f24                __wrap___aeabi_uldivmod
                0x10003f34                divmod_u64u64_savestate
                0x10003f54                divmod_s64s64_unsafe
                0x10003fdc                divmod_u64u64_unsafe
 .text.__wrap___aeabi_darithmetic
                0x10004318       0x80 CMakeFiles/audiopwm.dir/home/unheil/pico/pico-sdk/src/rp2_common/pico_double/double_aeabi.S.obj
                0x10004318                __wrap___aeabi_drsub
                0x1000431e                __wrap___aeabi_dsub
                0x10004330                __wrap___aeabi_dadd
                0x10004342                __wrap___aeabi_ddiv
                0x1000437e                __wrap___aeabi_dmul
 .text.__wrap___aeabi_cdcmple
                0x10004398       0x6c CMakeFiles/audiopwm.dir/home/unheil/pico/pico-sdk/src/rp2_common/pico_double/double_aeabi.S.obj
                0x10004398                __wrap___aeabi_cdrcmple
                0x100043a8                __wrap___aeabi_cdcmple
                0x100043a8                __wrap___aeabi_cdcmpeq
 .text.__wrap___aeabi_dcmplt
                0x10004404        0xc CMakeFiles/audiopwm.dir/home/unheil/pico/pico-sdk/src/rp2_common/pico_double/double_aeabi.S.obj
                0x10004404                __wrap___aeabi_dcmplt
 .text.__wrap___aeabi_dcmple
                0x10004410       0x10 CMakeFiles/audiopwm.dir/home/unheil/pico/pico-sdk/src/rp2_common/pico_double/double_aeabi.S.obj
                0x10004410                __wrap___aeabi_dcmple
 .text.__wrap___aeabi_dcmpge
                0x10004420       0x10 CMakeFiles/audiopwm.dir/home/unheil/pico/pico-sdk/src/rp2_common/pico_double/double_aeabi.S.obj
                0x10004420                __wrap___aeabi_dcmpge
 .text.__wrap___aeabi_dcmpgt
                0x10004430        0xa CMakeFiles/audiopwm.dir/home/unheil/pico/pico-sdk/src/rp2_common/pico_double/double_aeabi.S.obj
                0x10004430                __wrap___aeabi_dcmpgt
 .text.__wrap___aeabi_dcmpun
                0x1000443a       0x1c CMakeFiles/audiopwm.dir/home/unheil/pico/pico-sdk/src/rp2_common/pico_double/double_aeabi.S.obj
                0x1000443a                __wrap___aeabi_dcmpun
 *fill*         0x10004456        0x2 
 .text.__wrap___aeabi_i2d
                0x10004458       0x38 CMakeFiles/audiopwm.dir/home/unheil/pico/pico-sdk/src/rp2_common/pico_double/double_aeabi.S.obj
                0x10004458                __wrap___aeabi_ui2d
                0x10004460                __wrap___aeabi_i2d
 .text.__wrap___aeabi_d2iz
                0x10004490       0x48 CMakeFiles/audiopwm.dir/home/unheil/pico/pico-sdk/src/rp2_common/pico_double/double_aeabi.S.obj
                0x10004490                __wrap___aeabi_d2iz
                0x10004490                double2int_z
 .text.__wrap___aeabi_d2uiz
                0x100044d8       0x18 CMakeFiles/audiopwm.dir/home/unheil/pico/pico-sdk/src/rp2_common/pico_double/double_aeabi.S.obj
                0x100044d8                double2uint
                0x100044d8                __wrap___aeabi_d2uiz
 .text.__wrap___aeabi_d2f
                0x100044f0       0x18 CMakeFiles/audiopwm.dir/home/unheil/pico/pico-sdk/src/rp2_common/pico_double/double_aeabi.S.obj
                0x100044f0                __wrap___aeabi_d2f
 .text.__aeabi_double_init
                0x10004508       0xcc CMakeFiles/audiopwm.dir/home/unheil/pico/pico-sdk/src/rp2_common/pico_double/double_init_rom.c.obj
                0x10004508                __aeabi_double_init
 .text.double_table_shim_on_use_helper
                0x100045d4       0x34 CMakeFiles/audiopwm.dir/home/unheil/pico/pico-sdk/src/rp2_common/pico_double/double_v1_rom_shim.S.obj
                0x100045d4                double_table_shim_on_use_helper
 .text.__wrap___aeabi_dsub
                0x10004608       0x10 CMakeFiles/audiopwm.dir/home/unheil/pico/pico-sdk/src/rp2_common/pico_double/double_v1_rom_shim.S.obj
                0x10004608                drsub_shim
                0x1000460e                dsub_shim
 .text.dadd_shim
                0x10004618      0x15c CMakeFiles/audiopwm.dir/home/unheil/pico/pico-sdk/src/rp2_common/pico_double/double_v1_rom_shim.S.obj
                0x10004618                dadd_shim
 .text.dmul_shim
                0x10004774      0x15c CMakeFiles/audiopwm.dir/home/unheil/pico/pico-sdk/src/rp2_common/pico_double/double_v1_rom_shim.S.obj
                0x10004774                dmul_shim
 .text.ddiv_shim
                0x100048d0      0x1b0 CMakeFiles/audiopwm.dir/home/unheil/pico/pico-sdk/src/rp2_common/pico_double/double_v1_rom_shim.S.obj
                0x100048d0                ddiv_shim
 .text.double2uint_shim
                0x10004a80        0xe CMakeFiles/audiopwm.dir/home/unheil/pico/pico-sdk/src/rp2_common/pico_double/double_v1_rom_shim.S.obj
                0x10004a80                double2uint_shim
                0x10004a82                double2ufix_shim
 *fill*         0x10004a8e        0x2 
 .text.double2uint64_shim
                0x10004a90       0x70 CMakeFiles/audiopwm.dir/home/unheil/pico/pico-sdk/src/rp2_common/pico_double/double_v1_rom_shim.S.obj
                0x10004a90                double2uint64_shim
                0x10004a92                double2ufix64_shim
                0x10004ab2                d2fix_a
 .text.double2float_shim
                0x10004b00       0x5c CMakeFiles/audiopwm.dir/home/unheil/pico/pico-sdk/src/rp2_common/pico_double/double_v1_rom_shim.S.obj
                0x10004b00                double2float_shim
 .text.dunpacks
                0x10004b5c       0x3c CMakeFiles/audiopwm.dir/home/unheil/pico/pico-sdk/src/rp2_common/pico_double/double_v1_rom_shim.S.obj
                0x10004b5c                dunpacks
 .text.__aeabi_lmul
                0x10004b98       0x32 CMakeFiles/audiopwm.dir/home/unheil/pico/pico-sdk/src/rp2_common/pico_int64_ops/pico_int64_ops_aeabi.S.obj
                0x10004b98                __wrap___aeabi_lmul
 *fill*         0x10004bca        0x2 
 .text.__wrap___aeabi_farithmetic
                0x10004bcc       0x58 CMakeFiles/audiopwm.dir/home/unheil/pico/pico-sdk/src/rp2_common/pico_float/float_aeabi.S.obj
                0x10004bcc                __wrap___aeabi_frsub
                0x10004bd2                __wrap___aeabi_fsub
                0x10004bdc                __wrap___aeabi_fadd
                0x10004be6                __wrap___aeabi_fdiv
                0x10004c12                __wrap___aeabi_fmul
 .text.__wrap___aeabi_cfcmple
                0x10004c24       0x50 CMakeFiles/audiopwm.dir/home/unheil/pico/pico-sdk/src/rp2_common/pico_float/float_aeabi.S.obj
                0x10004c24                __wrap___aeabi_cfrcmple
                0x10004c30                __wrap___aeabi_cfcmpeq
                0x10004c30                __wrap___aeabi_cfcmple
 .text.__wrap___aeabi_fcmplt
                0x10004c74        0xc CMakeFiles/audiopwm.dir/home/unheil/pico/pico-sdk/src/rp2_common/pico_float/float_aeabi.S.obj
                0x10004c74                __wrap___aeabi_fcmplt
 .text.__wrap___aeabi_fcmpgt
                0x10004c80        0xa CMakeFiles/audiopwm.dir/home/unheil/pico/pico-sdk/src/rp2_common/pico_float/float_aeabi.S.obj
                0x10004c80                __wrap___aeabi_fcmpgt
 .text.__wrap___aeabi_ui2f
                0x10004c8a        0xa CMakeFiles/audiopwm.dir/home/unheil/pico/pico-sdk/src/rp2_common/pico_float/float_aeabi.S.obj
                0x10004c8a                __wrap___aeabi_ui2f
 .text.__wrap___aeabi_i2f
                0x10004c94       0x44 CMakeFiles/audiopwm.dir/home/unheil/pico/pico-sdk/src/rp2_common/pico_float/float_aeabi.S.obj
                0x10004c94                __wrap___aeabi_i2f
 .text.fix2float
                0x10004cd8       0x10 CMakeFiles/audiopwm.dir/home/unheil/pico/pico-sdk/src/rp2_common/pico_float/float_aeabi.S.obj
                0x10004cd8                fix2float
 .text.__wrap___aeabi_f2d
                0x10004ce8       0x14 CMakeFiles/audiopwm.dir/home/unheil/pico/pico-sdk/src/rp2_common/pico_float/float_aeabi.S.obj
                0x10004ce8                __wrap___aeabi_f2d
 .text.__wrap_cosf
                0x10004cfc       0x28 CMakeFiles/audiopwm.dir/home/unheil/pico/pico-sdk/src/rp2_common/pico_float/float_aeabi.S.obj
                0x10004cfc                __wrap_cosf
 .text.__aeabi_float_init
                0x10004d24       0xfc CMakeFiles/audiopwm.dir/home/unheil/pico/pico-sdk/src/rp2_common/pico_float/float_init_rom.c.obj
                0x10004d24                __aeabi_float_init
 .text.frem_0   0x10004e20       0x7c CMakeFiles/audiopwm.dir/home/unheil/pico/pico-sdk/src/rp2_common/pico_float/float_math.c.obj
 .text.__wrap_remquof
                0x10004e9c       0xda CMakeFiles/audiopwm.dir/home/unheil/pico/pico-sdk/src/rp2_common/pico_float/float_math.c.obj
                0x10004e9c                __wrap_remquof
 .text.__wrap_remainderf
                0x10004f76        0xa CMakeFiles/audiopwm.dir/home/unheil/pico/pico-sdk/src/rp2_common/pico_float/float_math.c.obj
                0x10004f76                __wrap_remainderf
 .text.float_table_shim_on_use_helper
                0x10004f80       0x34 CMakeFiles/audiopwm.dir/home/unheil/pico/pico-sdk/src/rp2_common/pico_float/float_v1_rom_shim.S.obj
                0x10004f80                float_table_shim_on_use_helper
 .text.float2double_shim
                0x10004fb4       0x30 CMakeFiles/audiopwm.dir/home/unheil/pico/pico-sdk/src/rp2_common/pico_float/float_v1_rom_shim.S.obj
                0x10004fb4                float2double_shim
 .text          0x10004fe4       0x10 CMakeFiles/audiopwm.dir/home/unheil/pico/pico-sdk/src/rp2_common/pico_mem_ops/mem_ops_aeabi.S.obj
                0x10004fe4                __aeabi_mem_init
 .text.memset   0x10004ff4        0xc CMakeFiles/audiopwm.dir/home/unheil/pico/pico-sdk/src/rp2_common/pico_mem_ops/mem_ops_aeabi.S.obj
                0x10004ff4                __wrap_memset
 .text.memcpy   0x10005000        0xc CMakeFiles/audiopwm.dir/home/unheil/pico/pico-sdk/src/rp2_common/pico_mem_ops/mem_ops_aeabi.S.obj
                0x10005000                __wrap___aeabi_memcpy
                0x10005000                __wrap_memcpy
 .text.time_reached
                0x1000500c       0x28 CMakeFiles/audiopwm.dir/home/unheil/pico/pico-sdk/src/rp2_common/pico_stdio/stdio.c.obj
 .text.stdio_out_chars_no_crlf
                0x10005034        0xe CMakeFiles/audiopwm.dir/home/unheil/pico/pico-sdk/src/rp2_common/pico_stdio/stdio.c.obj
 *fill*         0x10005042        0x2 
 .text.stdio_out_chars_crlf
                0x10005044       0x80 CMakeFiles/audiopwm.dir/home/unheil/pico/pico-sdk/src/rp2_common/pico_stdio/stdio.c.obj
 .text.stdio_stack_buffer_flush
                0x100050c4       0x44 CMakeFiles/audiopwm.dir/home/unheil/pico/pico-sdk/src/rp2_common/pico_stdio/stdio.c.obj
 .text.stdio_buffered_printer
                0x10005108       0x20 CMakeFiles/audiopwm.dir/home/unheil/pico/pico-sdk/src/rp2_common/pico_stdio/stdio.c.obj
 .text.update_us_since_boot
                0x10005128       0x24 CMakeFiles/audiopwm.dir/home/unheil/pico/pico-sdk/src/rp2_common/pico_stdio/stdio.c.obj
 .text.get_absolute_time
                0x1000514c       0x22 CMakeFiles/audiopwm.dir/home/unheil/pico/pico-sdk/src/rp2_common/pico_stdio/stdio.c.obj
 *fill*         0x1000516e        0x2 
 .text.delayed_by_ms
                0x10005170       0x44 CMakeFiles/audiopwm.dir/home/unheil/pico/pico-sdk/src/rp2_common/pico_stdio/stdio.c.obj
 .text.make_timeout_time_ms
                0x100051b4       0x20 CMakeFiles/audiopwm.dir/home/unheil/pico/pico-sdk/src/rp2_common/pico_stdio/stdio.c.obj
 .text.delayed_by_us
                0x100051d4       0x34 CMakeFiles/audiopwm.dir/home/unheil/pico/pico-sdk/src/rp2_common/pico_stdio/stdio.c.obj
 .text.make_timeout_time_us
                0x10005208       0x24 CMakeFiles/audiopwm.dir/home/unheil/pico/pico-sdk/src/rp2_common/pico_stdio/stdio.c.obj
 .text.stdio_get_until
                0x1000522c       0x64 CMakeFiles/audiopwm.dir/home/unheil/pico/pico-sdk/src/rp2_common/pico_stdio/stdio.c.obj
 .text.stdout_serialize_begin
                0x10005290       0x20 CMakeFiles/audiopwm.dir/home/unheil/pico/pico-sdk/src/rp2_common/pico_stdio/stdio.c.obj
                0x10005290                stdout_serialize_begin
 .text.stdout_serialize_end
                0x100052b0       0x10 CMakeFiles/audiopwm.dir/home/unheil/pico/pico-sdk/src/rp2_common/pico_stdio/stdio.c.obj
                0x100052b0                stdout_serialize_end
 .text.stdio_put_string
                0x100052c0       0x98 CMakeFiles/audiopwm.dir/home/unheil/pico/pico-sdk/src/rp2_common/pico_stdio/stdio.c.obj
 .text.stdio_set_driver_enabled
                0x10005358       0x2c CMakeFiles/audiopwm.dir/home/unheil/pico/pico-sdk/src/rp2_common/pico_stdio/stdio.c.obj
                0x10005358                stdio_set_driver_enabled
 .text.stdio_flush
                0x10005384       0x20 CMakeFiles/audiopwm.dir/home/unheil/pico/pico-sdk/src/rp2_common/pico_stdio/stdio.c.obj
                0x10005384                stdio_flush
 .text.__wrap_puts
                0x100053a4       0x1e CMakeFiles/audiopwm.dir/home/unheil/pico/pico-sdk/src/rp2_common/pico_stdio/stdio.c.obj
                0x100053a4                __wrap_puts
 *fill*         0x100053c2        0x2 
 .text.__wrap_vprintf
                0x100053c4       0x40 CMakeFiles/audiopwm.dir/home/unheil/pico/pico-sdk/src/rp2_common/pico_stdio/stdio.c.obj
                0x100053c4                __wrap_vprintf
 .text.__wrap_printf
                0x10005404       0x18 CMakeFiles/audiopwm.dir/home/unheil/pico/pico-sdk/src/rp2_common/pico_stdio/stdio.c.obj
                0x10005404                __wrap_printf
 .text.stdio_init_all
                0x1000541c        0xe CMakeFiles/audiopwm.dir/home/unheil/pico/pico-sdk/src/rp2_common/pico_stdio/stdio.c.obj
                0x1000541c                stdio_init_all
 *fill*         0x1000542a        0x2 
 .text.getchar_timeout_us
                0x1000542c       0x44 CMakeFiles/audiopwm.dir/home/unheil/pico/pico-sdk/src/rp2_common/pico_stdio/stdio.c.obj
                0x1000542c                getchar_timeout_us
 .text.uart_putc
                0x10005470       0x60 CMakeFiles/audiopwm.dir/home/unheil/pico/pico-sdk/src/rp2_common/pico_stdio_uart/stdio_uart.c.obj
 .text.uart_getc
                0x100054d0       0x24 CMakeFiles/audiopwm.dir/home/unheil/pico/pico-sdk/src/rp2_common/pico_stdio_uart/stdio_uart.c.obj
 .text.stdio_uart_out_chars
                0x100054f4       0x20 CMakeFiles/audiopwm.dir/home/unheil/pico/pico-sdk/src/rp2_common/pico_stdio_uart/stdio_uart.c.obj
 .text.stdio_uart_in_chars
                0x10005514       0x5c CMakeFiles/audiopwm.dir/home/unheil/pico/pico-sdk/src/rp2_common/pico_stdio_uart/stdio_uart.c.obj
                0x10005514                stdio_uart_in_chars
 .text.on_uart_rx
                0x10005570       0x28 CMakeFiles/audiopwm.dir/home/unheil/pico/pico-sdk/src/rp2_common/pico_stdio_uart/stdio_uart.c.obj
 .text.stdio_uart_set_chars_available_callback
                0x10005598       0x8c CMakeFiles/audiopwm.dir/home/unheil/pico/pico-sdk/src/rp2_common/pico_stdio_uart/stdio_uart.c.obj
 .text.stdio_uart_init_full
                0x10005624       0x44 CMakeFiles/audiopwm.dir/home/unheil/pico/pico-sdk/src/rp2_common/pico_stdio_uart/stdio_uart.c.obj
                0x10005624                stdio_uart_init_full
 .text.stdio_uart_init
                0x10005668       0x28 CMakeFiles/audiopwm.dir/home/unheil/pico/pico-sdk/src/rp2_common/pico_stdio_uart/stdio_uart.c.obj
                0x10005668                stdio_uart_init
 .text.resetd_init
                0x10005690        0x2 CMakeFiles/audiopwm.dir/home/unheil/pico/pico-sdk/src/rp2_common/pico_stdio_usb/reset_interface.c.obj
 *fill*         0x10005692        0x2 
 .text.resetd_reset
                0x10005694        0xc CMakeFiles/audiopwm.dir/home/unheil/pico/pico-sdk/src/rp2_common/pico_stdio_usb/reset_interface.c.obj
 .text.resetd_open
                0x100056a0       0x34 CMakeFiles/audiopwm.dir/home/unheil/pico/pico-sdk/src/rp2_common/pico_stdio_usb/reset_interface.c.obj
 .text.resetd_xfer_cb
                0x100056d4        0x4 CMakeFiles/audiopwm.dir/home/unheil/pico/pico-sdk/src/rp2_common/pico_stdio_usb/reset_interface.c.obj
 .text.reset_usb_boot
                0x100056d8       0x18 CMakeFiles/audiopwm.dir/home/unheil/pico/pico-sdk/src/rp2_common/pico_stdio_usb/reset_interface.c.obj
 .text.resetd_control_xfer_cb
                0x100056f0       0x5c CMakeFiles/audiopwm.dir/home/unheil/pico/pico-sdk/src/rp2_common/pico_stdio_usb/reset_interface.c.obj
 .text.usbd_app_driver_get_cb
                0x1000574c        0xc CMakeFiles/audiopwm.dir/home/unheil/pico/pico-sdk/src/rp2_common/pico_stdio_usb/reset_interface.c.obj
                0x1000574c                usbd_app_driver_get_cb
 .text.tud_cdc_line_coding_cb
                0x10005758       0x28 CMakeFiles/audiopwm.dir/home/unheil/pico/pico-sdk/src/rp2_common/pico_stdio_usb/reset_interface.c.obj
                0x10005758                tud_cdc_line_coding_cb
 .text.stdio_usb_set_chars_available_callback
                0x10005780       0x14 CMakeFiles/audiopwm.dir/home/unheil/pico/pico-sdk/src/rp2_common/pico_stdio_usb/stdio_usb.c.obj
                0x10005780                stdio_usb_set_chars_available_callback
 .text.update_us_since_boot
                0x10005794       0x24 CMakeFiles/audiopwm.dir/home/unheil/pico/pico-sdk/src/rp2_common/pico_stdio_usb/stdio_usb.c.obj
 .text.get_absolute_time
                0x100057b8       0x22 CMakeFiles/audiopwm.dir/home/unheil/pico/pico-sdk/src/rp2_common/pico_stdio_usb/stdio_usb.c.obj
 *fill*         0x100057da        0x2 
 .text.delayed_by_ms
                0x100057dc       0x44 CMakeFiles/audiopwm.dir/home/unheil/pico/pico-sdk/src/rp2_common/pico_stdio_usb/stdio_usb.c.obj
 .text.make_timeout_time_ms
                0x10005820       0x20 CMakeFiles/audiopwm.dir/home/unheil/pico/pico-sdk/src/rp2_common/pico_stdio_usb/stdio_usb.c.obj
 .text.delayed_by_us
                0x10005840       0x34 CMakeFiles/audiopwm.dir/home/unheil/pico/pico-sdk/src/rp2_common/pico_stdio_usb/stdio_usb.c.obj
 .text.usb_irq  0x10005874       0x10 CMakeFiles/audiopwm.dir/home/unheil/pico/pico-sdk/src/rp2_common/pico_stdio_usb/stdio_usb.c.obj
 .text.critical_section_enter_blocking
                0x10005884       0x16 CMakeFiles/audiopwm.dir/home/unheil/pico/pico-sdk/src/rp2_common/pico_stdio_usb/stdio_usb.c.obj
 *fill*         0x1000589a        0x2 
 .text.timer_task
                0x1000589c       0x4c CMakeFiles/audiopwm.dir/home/unheil/pico/pico-sdk/src/rp2_common/pico_stdio_usb/stdio_usb.c.obj
 .text.alarm_pool_add_alarm_in_us
                0x100058e8       0x3a CMakeFiles/audiopwm.dir/home/unheil/pico/pico-sdk/src/rp2_common/pico_stdio_usb/stdio_usb.c.obj
 .text.add_alarm_in_us
                0x10005922       0x2e CMakeFiles/audiopwm.dir/home/unheil/pico/pico-sdk/src/rp2_common/pico_stdio_usb/stdio_usb.c.obj
 .text.low_priority_worker_irq
                0x10005950       0x7c CMakeFiles/audiopwm.dir/home/unheil/pico/pico-sdk/src/rp2_common/pico_stdio_usb/stdio_usb.c.obj
 .text.tud_cdc_rx_cb
                0x100059cc       0x20 CMakeFiles/audiopwm.dir/home/unheil/pico/pico-sdk/src/rp2_common/pico_stdio_usb/stdio_usb.c.obj
                0x100059cc                tud_cdc_rx_cb
 .text.stdio_usb_init
                0x100059ec       0xd0 CMakeFiles/audiopwm.dir/home/unheil/pico/pico-sdk/src/rp2_common/pico_stdio_usb/stdio_usb.c.obj
                0x100059ec                stdio_usb_init
 .text.stdio_usb_connected
                0x10005abc        0xa CMakeFiles/audiopwm.dir/home/unheil/pico/pico-sdk/src/rp2_common/pico_stdio_usb/stdio_usb.c.obj
                0x10005abc                stdio_usb_connected
 *fill*         0x10005ac6        0x2 
 .text.stdio_usb_in_chars
                0x10005ac8       0x88 CMakeFiles/audiopwm.dir/home/unheil/pico/pico-sdk/src/rp2_common/pico_stdio_usb/stdio_usb.c.obj
                0x10005ac8                stdio_usb_in_chars
 .text.stdio_usb_out_chars
                0x10005b50       0xd8 CMakeFiles/audiopwm.dir/home/unheil/pico/pico-sdk/src/rp2_common/pico_stdio_usb/stdio_usb.c.obj
 .text.tud_descriptor_device_cb
                0x10005c28        0x8 CMakeFiles/audiopwm.dir/home/unheil/pico/pico-sdk/src/rp2_common/pico_stdio_usb/stdio_usb_descriptors.c.obj
                0x10005c28                tud_descriptor_device_cb
 .text.tud_descriptor_configuration_cb
                0x10005c30        0x8 CMakeFiles/audiopwm.dir/home/unheil/pico/pico-sdk/src/rp2_common/pico_stdio_usb/stdio_usb_descriptors.c.obj
                0x10005c30                tud_descriptor_configuration_cb
 .text.tud_descriptor_string_cb
                0x10005c38       0x6c CMakeFiles/audiopwm.dir/home/unheil/pico/pico-sdk/src/rp2_common/pico_stdio_usb/stdio_usb_descriptors.c.obj
                0x10005c38                tud_descriptor_string_cb
 .text._retrieve_unique_id_on_boot
                0x10005ca4       0x10 CMakeFiles/audiopwm.dir/home/unheil/pico/pico-sdk/src/rp2_common/pico_unique_id/unique_id.c.obj
 .text.pico_get_unique_board_id_string
                0x10005cb4       0x5c CMakeFiles/audiopwm.dir/home/unheil/pico/pico-sdk/src/rp2_common/pico_unique_id/unique_id.c.obj
                0x10005cb4                pico_get_unique_board_id_string
 .text.flash_get_unique_id
                0x10005d10       0x46 CMakeFiles/audiopwm.dir/home/unheil/pico/pico-sdk/src/rp2_common/hardware_flash/flash.c.obj
                0x10005d10                flash_get_unique_id
 *fill*         0x10005d56        0x2 
 .text.hw_endpoint_get_by_addr
                0x10005d58       0x18 CMakeFiles/audiopwm.dir/home/unheil/pico/pico-sdk/lib/tinyusb/src/portable/raspberrypi/rp2040/dcd_rp2040.c.obj
 .text._hw_endpoint_alloc
                0x10005d70       0x70 CMakeFiles/audiopwm.dir/home/unheil/pico/pico-sdk/lib/tinyusb/src/portable/raspberrypi/rp2040/dcd_rp2040.c.obj
 .text.hw_endpoint_init
                0x10005de0       0x88 CMakeFiles/audiopwm.dir/home/unheil/pico/pico-sdk/lib/tinyusb/src/portable/raspberrypi/rp2040/dcd_rp2040.c.obj
 .text.dcd_event_sof
                0x10005e68       0x2c CMakeFiles/audiopwm.dir/home/unheil/pico/pico-sdk/lib/tinyusb/src/portable/raspberrypi/rp2040/dcd_rp2040.c.obj
 .text.hw_endpoint_xfer
                0x10005e94       0x14 CMakeFiles/audiopwm.dir/home/unheil/pico/pico-sdk/lib/tinyusb/src/portable/raspberrypi/rp2040/dcd_rp2040.c.obj
 .text.dcd_int_enable
                0x10005ea8       0x2c CMakeFiles/audiopwm.dir/home/unheil/pico/pico-sdk/lib/tinyusb/src/portable/raspberrypi/rp2040/dcd_rp2040.c.obj
                0x10005ea8                dcd_int_enable
 .text.dcd_set_address
                0x10005ed4       0x2c CMakeFiles/audiopwm.dir/home/unheil/pico/pico-sdk/lib/tinyusb/src/portable/raspberrypi/rp2040/dcd_rp2040.c.obj
                0x10005ed4                dcd_set_address
 .text.dcd_connect
                0x10005f00       0x10 CMakeFiles/audiopwm.dir/home/unheil/pico/pico-sdk/lib/tinyusb/src/portable/raspberrypi/rp2040/dcd_rp2040.c.obj
                0x10005f00                dcd_connect
 .text.dcd_init
                0x10005f10       0x80 CMakeFiles/audiopwm.dir/home/unheil/pico/pico-sdk/lib/tinyusb/src/portable/raspberrypi/rp2040/dcd_rp2040.c.obj
                0x10005f10                dcd_init
 .text.dcd_edpt0_status_complete
                0x10005f90       0x1c CMakeFiles/audiopwm.dir/home/unheil/pico/pico-sdk/lib/tinyusb/src/portable/raspberrypi/rp2040/dcd_rp2040.c.obj
                0x10005f90                dcd_edpt0_status_complete
 .text.dcd_edpt_open
                0x10005fac       0x40 CMakeFiles/audiopwm.dir/home/unheil/pico/pico-sdk/lib/tinyusb/src/portable/raspberrypi/rp2040/dcd_rp2040.c.obj
                0x10005fac                dcd_edpt_open
 .text.dcd_edpt_close_all
                0x10005fec        0x8 CMakeFiles/audiopwm.dir/home/unheil/pico/pico-sdk/lib/tinyusb/src/portable/raspberrypi/rp2040/dcd_rp2040.c.obj
                0x10005fec                dcd_edpt_close_all
 .text.dcd_edpt_xfer
                0x10005ff4       0x34 CMakeFiles/audiopwm.dir/home/unheil/pico/pico-sdk/lib/tinyusb/src/portable/raspberrypi/rp2040/dcd_rp2040.c.obj
                0x10005ff4                dcd_edpt_xfer
 .text.dcd_edpt_stall
                0x10006028       0x2c CMakeFiles/audiopwm.dir/home/unheil/pico/pico-sdk/lib/tinyusb/src/portable/raspberrypi/rp2040/dcd_rp2040.c.obj
                0x10006028                dcd_edpt_stall
 .text.dcd_edpt_clear_stall
                0x10006054       0x20 CMakeFiles/audiopwm.dir/home/unheil/pico/pico-sdk/lib/tinyusb/src/portable/raspberrypi/rp2040/dcd_rp2040.c.obj
                0x10006054                dcd_edpt_clear_stall
 .text.rp2040_usb_init
                0x10006074       0x4c CMakeFiles/audiopwm.dir/home/unheil/pico/pico-sdk/lib/tinyusb/src/portable/raspberrypi/rp2040/rp2040_usb.c.obj
                0x10006074                rp2040_usb_init
 .text.hw_endpoint_xfer_start
                0x100060c0       0x50 CMakeFiles/audiopwm.dir/home/unheil/pico/pico-sdk/lib/tinyusb/src/portable/raspberrypi/rp2040/rp2040_usb.c.obj
                0x100060c0                hw_endpoint_xfer_start
 .text.configuration_reset
                0x10006110       0x84 CMakeFiles/audiopwm.dir/home/unheil/pico/pico-sdk/lib/tinyusb/src/device/usbd.c.obj
 .text.critical_section_enter_blocking
                0x10006194       0x16 CMakeFiles/audiopwm.dir/home/unheil/pico/pico-sdk/lib/tinyusb/src/device/usbd.c.obj
 .text.usbd_reset
                0x100061aa        0xc CMakeFiles/audiopwm.dir/home/unheil/pico/pico-sdk/lib/tinyusb/src/device/usbd.c.obj
 .text.invoke_class_control
                0x100061b6       0x1a CMakeFiles/audiopwm.dir/home/unheil/pico/pico-sdk/lib/tinyusb/src/device/usbd.c.obj
 .text.process_set_config
                0x100061d0      0x178 CMakeFiles/audiopwm.dir/home/unheil/pico/pico-sdk/lib/tinyusb/src/device/usbd.c.obj
 .text.process_get_descriptor
                0x10006348       0xdc CMakeFiles/audiopwm.dir/home/unheil/pico/pico-sdk/lib/tinyusb/src/device/usbd.c.obj
 .text.tud_mounted
                0x10006424       0x10 CMakeFiles/audiopwm.dir/home/unheil/pico/pico-sdk/lib/tinyusb/src/device/usbd.c.obj
                0x10006424                tud_mounted
 .text.tud_suspended
                0x10006434       0x10 CMakeFiles/audiopwm.dir/home/unheil/pico/pico-sdk/lib/tinyusb/src/device/usbd.c.obj
                0x10006434                tud_suspended
 .text.tud_inited
                0x10006444       0x14 CMakeFiles/audiopwm.dir/home/unheil/pico/pico-sdk/lib/tinyusb/src/device/usbd.c.obj
                0x10006444                tud_inited
 .text.tud_init
                0x10006458       0xcc CMakeFiles/audiopwm.dir/home/unheil/pico/pico-sdk/lib/tinyusb/src/device/usbd.c.obj
                0x10006458                tud_init
 .text.usbd_defer_func
                0x10006524       0x2a CMakeFiles/audiopwm.dir/home/unheil/pico/pico-sdk/lib/tinyusb/src/device/usbd.c.obj
                0x10006524                usbd_defer_func
 *fill*         0x1000654e        0x2 
 .text.usbd_edpt_open
                0x10006550       0x34 CMakeFiles/audiopwm.dir/home/unheil/pico/pico-sdk/lib/tinyusb/src/device/usbd.c.obj
                0x10006550                usbd_edpt_open
 .text.usbd_open_edpt_pair
                0x10006584       0x62 CMakeFiles/audiopwm.dir/home/unheil/pico/pico-sdk/lib/tinyusb/src/device/usbd.c.obj
                0x10006584                usbd_open_edpt_pair
 *fill*         0x100065e6        0x2 
 .text.usbd_edpt_claim
                0x100065e8       0x28 CMakeFiles/audiopwm.dir/home/unheil/pico/pico-sdk/lib/tinyusb/src/device/usbd.c.obj
                0x100065e8                usbd_edpt_claim
 .text.usbd_edpt_release
                0x10006610       0x28 CMakeFiles/audiopwm.dir/home/unheil/pico/pico-sdk/lib/tinyusb/src/device/usbd.c.obj
                0x10006610                usbd_edpt_release
 .text.usbd_edpt_xfer
                0x10006638       0x78 CMakeFiles/audiopwm.dir/home/unheil/pico/pico-sdk/lib/tinyusb/src/device/usbd.c.obj
                0x10006638                usbd_edpt_xfer
 .text.usbd_edpt_stall
                0x100066b0       0x48 CMakeFiles/audiopwm.dir/home/unheil/pico/pico-sdk/lib/tinyusb/src/device/usbd.c.obj
                0x100066b0                usbd_edpt_stall
 .text.usbd_edpt_clear_stall
                0x100066f8       0x48 CMakeFiles/audiopwm.dir/home/unheil/pico/pico-sdk/lib/tinyusb/src/device/usbd.c.obj
                0x100066f8                usbd_edpt_clear_stall
 .text.usbd_edpt_stalled
                0x10006740       0x1c CMakeFiles/audiopwm.dir/home/unheil/pico/pico-sdk/lib/tinyusb/src/device/usbd.c.obj
                0x10006740                usbd_edpt_stalled
 .text.process_control_request
                0x1000675c      0x374 CMakeFiles/audiopwm.dir/home/unheil/pico/pico-sdk/lib/tinyusb/src/device/usbd.c.obj
 .text.tud_task_ext
                0x10006ad0      0x1a8 CMakeFiles/audiopwm.dir/home/unheil/pico/pico-sdk/lib/tinyusb/src/device/usbd.c.obj
                0x10006ad0                tud_task_ext
 .text._status_stage_xact
                0x10006c78       0x1a CMakeFiles/audiopwm.dir/home/unheil/pico/pico-sdk/lib/tinyusb/src/device/usbd_control.c.obj
 *fill*         0x10006c92        0x2 
 .text._data_stage_xact
                0x10006c94       0x58 CMakeFiles/audiopwm.dir/home/unheil/pico/pico-sdk/lib/tinyusb/src/device/usbd_control.c.obj
 .text.tud_control_status
                0x10006cec       0x28 CMakeFiles/audiopwm.dir/home/unheil/pico/pico-sdk/lib/tinyusb/src/device/usbd_control.c.obj
                0x10006cec                tud_control_status
 .text.tud_control_xfer
                0x10006d14       0x68 CMakeFiles/audiopwm.dir/home/unheil/pico/pico-sdk/lib/tinyusb/src/device/usbd_control.c.obj
                0x10006d14                tud_control_xfer
 .text.usbd_control_reset
                0x10006d7c       0x14 CMakeFiles/audiopwm.dir/home/unheil/pico/pico-sdk/lib/tinyusb/src/device/usbd_control.c.obj
                0x10006d7c                usbd_control_reset
 .text.usbd_control_set_complete_callback
                0x10006d90        0xc CMakeFiles/audiopwm.dir/home/unheil/pico/pico-sdk/lib/tinyusb/src/device/usbd_control.c.obj
                0x10006d90                usbd_control_set_complete_callback
 .text.usbd_control_set_request
                0x10006d9c       0x1c CMakeFiles/audiopwm.dir/home/unheil/pico/pico-sdk/lib/tinyusb/src/device/usbd_control.c.obj
                0x10006d9c                usbd_control_set_request
 .text.usbd_control_xfer_cb
                0x10006db8       0xbc CMakeFiles/audiopwm.dir/home/unheil/pico/pico-sdk/lib/tinyusb/src/device/usbd_control.c.obj
                0x10006db8                usbd_control_xfer_cb
 .text._prep_out_transaction
                0x10006e74       0x4a CMakeFiles/audiopwm.dir/home/unheil/pico/pico-sdk/lib/tinyusb/src/class/cdc/cdc_device.c.obj
 *fill*         0x10006ebe        0x2 
 .text.tud_cdc_n_connected
                0x10006ec0       0x38 CMakeFiles/audiopwm.dir/home/unheil/pico/pico-sdk/lib/tinyusb/src/class/cdc/cdc_device.c.obj
                0x10006ec0                tud_cdc_n_connected
 .text.tud_cdc_n_available
                0x10006ef8       0x18 CMakeFiles/audiopwm.dir/home/unheil/pico/pico-sdk/lib/tinyusb/src/class/cdc/cdc_device.c.obj
                0x10006ef8                tud_cdc_n_available
 .text.tud_cdc_n_read
                0x10006f10       0x28 CMakeFiles/audiopwm.dir/home/unheil/pico/pico-sdk/lib/tinyusb/src/class/cdc/cdc_device.c.obj
                0x10006f10                tud_cdc_n_read
 .text.tud_cdc_n_write_flush
                0x10006f38       0xb8 CMakeFiles/audiopwm.dir/home/unheil/pico/pico-sdk/lib/tinyusb/src/class/cdc/cdc_device.c.obj
                0x10006f38                tud_cdc_n_write_flush
 .text.tud_cdc_n_write
                0x10006ff0       0x38 CMakeFiles/audiopwm.dir/home/unheil/pico/pico-sdk/lib/tinyusb/src/class/cdc/cdc_device.c.obj
                0x10006ff0                tud_cdc_n_write
 .text.tud_cdc_n_write_available
                0x10007028       0x1c CMakeFiles/audiopwm.dir/home/unheil/pico/pico-sdk/lib/tinyusb/src/class/cdc/cdc_device.c.obj
                0x10007028                tud_cdc_n_write_available
 .text.cdcd_init
                0x10007044       0xbc CMakeFiles/audiopwm.dir/home/unheil/pico/pico-sdk/lib/tinyusb/src/class/cdc/cdc_device.c.obj
                0x10007044                cdcd_init
 .text.cdcd_reset
                0x10007100       0x44 CMakeFiles/audiopwm.dir/home/unheil/pico/pico-sdk/lib/tinyusb/src/class/cdc/cdc_device.c.obj
                0x10007100                cdcd_reset
 .text.cdcd_open
                0x10007144       0xc4 CMakeFiles/audiopwm.dir/home/unheil/pico/pico-sdk/lib/tinyusb/src/class/cdc/cdc_device.c.obj
                0x10007144                cdcd_open
 .text.cdcd_control_xfer_cb
                0x10007208      0x134 CMakeFiles/audiopwm.dir/home/unheil/pico/pico-sdk/lib/tinyusb/src/class/cdc/cdc_device.c.obj
                0x10007208                cdcd_control_xfer_cb
 .text.cdcd_xfer_cb
                0x1000733c      0x130 CMakeFiles/audiopwm.dir/home/unheil/pico/pico-sdk/lib/tinyusb/src/class/cdc/cdc_device.c.obj
                0x1000733c                cdcd_xfer_cb
 .text.tusb_init
                0x1000746c        0xa CMakeFiles/audiopwm.dir/home/unheil/pico/pico-sdk/lib/tinyusb/src/tusb.c.obj
                0x1000746c                tusb_init
 .text.tusb_inited
                0x10007476        0xe CMakeFiles/audiopwm.dir/home/unheil/pico/pico-sdk/lib/tinyusb/src/tusb.c.obj
                0x10007476                tusb_inited
 .text.tu_edpt_claim
                0x10007484       0x50 CMakeFiles/audiopwm.dir/home/unheil/pico/pico-sdk/lib/tinyusb/src/tusb.c.obj
                0x10007484                tu_edpt_claim
 .text.tu_edpt_release
                0x100074d4       0x38 CMakeFiles/audiopwm.dir/home/unheil/pico/pico-sdk/lib/tinyusb/src/tusb.c.obj
                0x100074d4                tu_edpt_release
 .text.tu_edpt_validate
                0x1000750c       0x78 CMakeFiles/audiopwm.dir/home/unheil/pico/pico-sdk/lib/tinyusb/src/tusb.c.obj
                0x1000750c                tu_edpt_validate
 .text.tu_edpt_bind_driver
                0x10007584       0x26 CMakeFiles/audiopwm.dir/home/unheil/pico/pico-sdk/lib/tinyusb/src/tusb.c.obj
                0x10007584                tu_edpt_bind_driver
 .text.advance_index
                0x100075aa       0x1a CMakeFiles/audiopwm.dir/home/unheil/pico/pico-sdk/lib/tinyusb/src/common/tusb_fifo.c.obj
 .text._tu_fifo_peek
                0x100075c4       0x56 CMakeFiles/audiopwm.dir/home/unheil/pico/pico-sdk/lib/tinyusb/src/common/tusb_fifo.c.obj
 .text._ff_pull_const_addr
                0x1000761a       0x4c CMakeFiles/audiopwm.dir/home/unheil/pico/pico-sdk/lib/tinyusb/src/common/tusb_fifo.c.obj
 .text._ff_pull_n
                0x10007666      0x110 CMakeFiles/audiopwm.dir/home/unheil/pico/pico-sdk/lib/tinyusb/src/common/tusb_fifo.c.obj
 .text._tu_fifo_peek_n
                0x10007776       0x6a CMakeFiles/audiopwm.dir/home/unheil/pico/pico-sdk/lib/tinyusb/src/common/tusb_fifo.c.obj
 .text._tu_fifo_read_n
                0x100077e0       0x4e CMakeFiles/audiopwm.dir/home/unheil/pico/pico-sdk/lib/tinyusb/src/common/tusb_fifo.c.obj
 .text._ff_push_const_addr
                0x1000782e       0x40 CMakeFiles/audiopwm.dir/home/unheil/pico/pico-sdk/lib/tinyusb/src/common/tusb_fifo.c.obj
 .text._ff_push_n
                0x1000786e      0x10c CMakeFiles/audiopwm.dir/home/unheil/pico/pico-sdk/lib/tinyusb/src/common/tusb_fifo.c.obj
 .text._tu_fifo_write_n
                0x1000797a       0xf0 CMakeFiles/audiopwm.dir/home/unheil/pico/pico-sdk/lib/tinyusb/src/common/tusb_fifo.c.obj
 .text.tu_fifo_config
                0x10007a6a       0x7c CMakeFiles/audiopwm.dir/home/unheil/pico/pico-sdk/lib/tinyusb/src/common/tusb_fifo.c.obj
                0x10007a6a                tu_fifo_config
 .text.tu_fifo_count
                0x10007ae6       0x2a CMakeFiles/audiopwm.dir/home/unheil/pico/pico-sdk/lib/tinyusb/src/common/tusb_fifo.c.obj
                0x10007ae6                tu_fifo_count
 .text.tu_fifo_empty
                0x10007b10        0xe CMakeFiles/audiopwm.dir/home/unheil/pico/pico-sdk/lib/tinyusb/src/common/tusb_fifo.c.obj
                0x10007b10                tu_fifo_empty
 .text.tu_fifo_full
                0x10007b1e       0x28 CMakeFiles/audiopwm.dir/home/unheil/pico/pico-sdk/lib/tinyusb/src/common/tusb_fifo.c.obj
                0x10007b1e                tu_fifo_full
 .text.tu_fifo_remaining
                0x10007b46       0x2c CMakeFiles/audiopwm.dir/home/unheil/pico/pico-sdk/lib/tinyusb/src/common/tusb_fifo.c.obj
                0x10007b46                tu_fifo_remaining
 .text.tu_fifo_read
                0x10007b72       0x42 CMakeFiles/audiopwm.dir/home/unheil/pico/pico-sdk/lib/tinyusb/src/common/tusb_fifo.c.obj
                0x10007b72                tu_fifo_read
 .text.tu_fifo_read_n
                0x10007bb4        0xa CMakeFiles/audiopwm.dir/home/unheil/pico/pico-sdk/lib/tinyusb/src/common/tusb_fifo.c.obj
                0x10007bb4                tu_fifo_read_n
 .text.tu_fifo_write
                0x10007bbe       0x64 CMakeFiles/audiopwm.dir/home/unheil/pico/pico-sdk/lib/tinyusb/src/common/tusb_fifo.c.obj
                0x10007bbe                tu_fifo_write
 .text.tu_fifo_write_n
                0x10007c22        0xa CMakeFiles/audiopwm.dir/home/unheil/pico/pico-sdk/lib/tinyusb/src/common/tusb_fifo.c.obj
                0x10007c22                tu_fifo_write_n
 .text.tu_fifo_clear
                0x10007c2c       0x3e CMakeFiles/audiopwm.dir/home/unheil/pico/pico-sdk/lib/tinyusb/src/common/tusb_fifo.c.obj
                0x10007c2c                tu_fifo_clear
 .text.tu_fifo_set_overwritable
                0x10007c6a       0x46 CMakeFiles/audiopwm.dir/home/unheil/pico/pico-sdk/lib/tinyusb/src/common/tusb_fifo.c.obj
                0x10007c6a                tu_fifo_set_overwritable
 .text.dma_claim_unused_channel
                0x10007cb0       0x24 CMakeFiles/audiopwm.dir/home/unheil/pico/pico-sdk/src/rp2_common/hardware_dma/dma.c.obj
                0x10007cb0                dma_claim_unused_channel
 .text.pio_get_default_sm_config
                0x10007cd4       0x28 CMakeFiles/audiopwm.dir/home/unheil/pico/pico-sdk/src/rp2_common/hardware_pio/pio.c.obj
 .text._pio_can_add_program_at_offset
                0x10007cfc       0x3c CMakeFiles/audiopwm.dir/home/unheil/pico/pico-sdk/src/rp2_common/hardware_pio/pio.c.obj
 .text._pio_find_offset_for_program
                0x10007d38       0x7c CMakeFiles/audiopwm.dir/home/unheil/pico/pico-sdk/src/rp2_common/hardware_pio/pio.c.obj
 .text._pio_add_program_at_offset
                0x10007db4       0x7c CMakeFiles/audiopwm.dir/home/unheil/pico/pico-sdk/src/rp2_common/hardware_pio/pio.c.obj
 .text.pio_claim_unused_sm
                0x10007e30       0x3c CMakeFiles/audiopwm.dir/home/unheil/pico/pico-sdk/src/rp2_common/hardware_pio/pio.c.obj
                0x10007e30                pio_claim_unused_sm
 .text.pio_add_program
                0x10007e6c       0x38 CMakeFiles/audiopwm.dir/home/unheil/pico/pico-sdk/src/rp2_common/hardware_pio/pio.c.obj
                0x10007e6c                pio_add_program
 .text.pio_sm_set_consecutive_pindirs
                0x10007ea4       0xa4 CMakeFiles/audiopwm.dir/home/unheil/pico/pico-sdk/src/rp2_common/hardware_pio/pio.c.obj
                0x10007ea4                pio_sm_set_consecutive_pindirs
 .text.pio_sm_init
                0x10007f48       0xb0 CMakeFiles/audiopwm.dir/home/unheil/pico/pico-sdk/src/rp2_common/hardware_pio/pio.c.obj
                0x10007f48                pio_sm_init
 .text.adc_init
                0x10007ff8       0x34 CMakeFiles/audiopwm.dir/home/unheil/pico/pico-sdk/src/rp2_common/hardware_adc/adc.c.obj
                0x10007ff8                adc_init
 .text          0x1000802c       0x5c /usr/lib/gcc/arm-none-eabi/12.2.1/../../../arm-none-eabi/lib/thumb/v6-m/nofp/libg.a(lib_a-strlen-stub.o)
                0x1000802c                strlen
 *(.fini)
 .fini          0x10008088        0x4 /usr/lib/gcc/arm-none-eabi/12.2.1/thumb/v6-m/nofp/crti.o
                0x10008088                _fini
 *fill*         0x1000808c        0x4 
 .fini.__stub   0x10008090       0xe0 linker stubs
 *crtbegin.o(.ctors)
 *crtbegin?.o(.ctors)
 *(EXCLUDE_FILE(*crtend.o *crtend?.o) .ctors)
 *(SORT_BY_NAME(.ctors.*))
 *(.ctors)
 *crtbegin.o(.dtors)
 *crtbegin?.o(.dtors)
 *(EXCLUDE_FILE(*crtend.o *crtend?.o) .dtors)
 *(SORT_BY_NAME(.dtors.*))
 *(.dtors)
 *(.eh_frame*)
 .eh_frame      0x10008170        0x0 /usr/lib/gcc/arm-none-eabi/12.2.1/thumb/v6-m/nofp/crtbegin.o
                0x10008170                        . = ALIGN (0x4)

.glue_7         0x10008170        0x0
 .glue_7        0x10008170        0x0 linker stubs

.glue_7t        0x10008170        0x0
 .glue_7t       0x10008170        0x0 linker stubs

.vfp11_veneer   0x10008170        0x0
 .vfp11_veneer  0x10008170        0x0 linker stubs

.v4_bx          0x10008170        0x0
 .v4_bx         0x10008170        0x0 linker stubs

.iplt           0x10008170        0x0
 .iplt          0x10008170        0x0 /usr/lib/gcc/arm-none-eabi/12.2.1/thumb/v6-m/nofp/crtbegin.o

.rodata         0x10008170     0x17a8
 *(EXCLUDE_FILE(*libm.a: *libc.a:*lib_a-mem*.o *libgcc.a:) .rodata*)
 .rodata.channel_config_set_chain_to.str1.4
                0x10008170       0x6e CMakeFiles/audiopwm.dir/audiopwm.c.obj
 *fill*         0x100081de        0x2 
 .rodata.set_sys_clock_khz.str1.4
                0x100081e0       0x32 CMakeFiles/audiopwm.dir/audiopwm.c.obj
 *fill*         0x10008212        0x2 
 .rodata.main.str1.4
                0x10008214       0x26 CMakeFiles/audiopwm.dir/audiopwm.c.obj
 *fill*         0x1000823a        0x2 
 .rodata.__func__.5
                0x1000823c       0x1c CMakeFiles/audiopwm.dir/audiopwm.c.obj
 .rodata.audio_pwm_program
                0x10008258        0x6 CMakeFiles/audiopwm.dir/audiopwm.c.obj
 *fill*         0x1000825e        0x2 
 .rodata.audio_pwm_program_instructions
                0x10008260       0x12 CMakeFiles/audiopwm.dir/audiopwm.c.obj
 *fill*         0x10008272        0x2 
 .rodata.spin_lock_claim_unused.str1.4
                0x10008274       0x1b CMakeFiles/audiopwm.dir/home/unheil/pico/pico-sdk/src/rp2_common/hardware_sync/sync.c.obj
 *fill*         0x1000828f        0x1 
 .rodata.resolve_branch.str1.4
                0x10008290       0x55 CMakeFiles/audiopwm.dir/home/unheil/pico/pico-sdk/src/rp2_common/hardware_irq/irq.c.obj
 *fill*         0x100082e5        0x3 
 .rodata.make_branch.str1.4
                0x100082e8       0x30 CMakeFiles/audiopwm.dir/home/unheil/pico/pico-sdk/src/rp2_common/hardware_irq/irq.c.obj
 .rodata.insert_branch_and_link.str1.4
                0x10008318       0x10 CMakeFiles/audiopwm.dir/home/unheil/pico/pico-sdk/src/rp2_common/hardware_irq/irq.c.obj
 .rodata.irq_set_exclusive_handler.str1.4
                0x10008328       0x36 CMakeFiles/audiopwm.dir/home/unheil/pico/pico-sdk/src/rp2_common/hardware_irq/irq.c.obj
 *fill*         0x1000835e        0x2 
 .rodata.irq_add_shared_handler.str1.4
                0x10008360       0xc2 CMakeFiles/audiopwm.dir/home/unheil/pico/pico-sdk/src/rp2_common/hardware_irq/irq.c.obj
 *fill*         0x10008422        0x2 
 .rodata.irq_remove_handler.str1.4
                0x10008424       0x3a CMakeFiles/audiopwm.dir/home/unheil/pico/pico-sdk/src/rp2_common/hardware_irq/irq.c.obj
 *fill*         0x1000845e        0x2 
 .rodata.irq_add_tail_to_free_list.str1.4
                0x10008460       0x3a CMakeFiles/audiopwm.dir/home/unheil/pico/pico-sdk/src/rp2_common/hardware_irq/irq.c.obj
 *fill*         0x1000849a        0x2 
 .rodata.user_irq_claim_unused.str1.4
                0x1000849c       0x1b CMakeFiles/audiopwm.dir/home/unheil/pico/pico-sdk/src/rp2_common/hardware_irq/irq.c.obj
 *fill*         0x100084b7        0x1 
 .rodata.__func__.0
                0x100084b8       0x1a CMakeFiles/audiopwm.dir/home/unheil/pico/pico-sdk/src/rp2_common/hardware_irq/irq.c.obj
 *fill*         0x100084d2        0x2 
 .rodata.__func__.1
                0x100084d4       0x17 CMakeFiles/audiopwm.dir/home/unheil/pico/pico-sdk/src/rp2_common/hardware_irq/irq.c.obj
 *fill*         0x100084eb        0x1 
 .rodata.__func__.2
                0x100084ec       0x13 CMakeFiles/audiopwm.dir/home/unheil/pico/pico-sdk/src/rp2_common/hardware_irq/irq.c.obj
 *fill*         0x100084ff        0x1 
 .rodata.__func__.3
                0x10008500        0xc CMakeFiles/audiopwm.dir/home/unheil/pico/pico-sdk/src/rp2_common/hardware_irq/irq.c.obj
 .rodata.__func__.4
                0x1000850c        0xf CMakeFiles/audiopwm.dir/home/unheil/pico/pico-sdk/src/rp2_common/hardware_irq/irq.c.obj
 *fill*         0x1000851b        0x1 
 .rodata.__func__.5
                0x1000851c       0x17 CMakeFiles/audiopwm.dir/home/unheil/pico/pico-sdk/src/rp2_common/hardware_irq/irq.c.obj
 *fill*         0x10008533        0x1 
 .rodata.__func__.6
                0x10008534       0x1a CMakeFiles/audiopwm.dir/home/unheil/pico/pico-sdk/src/rp2_common/hardware_irq/irq.c.obj
 *fill*         0x1000854e        0x2 
 .rodata.update_us_since_boot.str1.4
                0x10008550       0x61 CMakeFiles/audiopwm.dir/home/unheil/pico/pico-sdk/src/common/pico_sync/mutex.c.obj
 *fill*         0x100085b1        0x3 
 .rodata.str1.4
                0x100085b4       0x89 CMakeFiles/audiopwm.dir/home/unheil/pico/pico-sdk/src/common/pico_sync/mutex.c.obj
 *fill*         0x1000863d        0x3 
 .rodata.__func__.1
                0x10008640        0xb CMakeFiles/audiopwm.dir/home/unheil/pico/pico-sdk/src/common/pico_sync/mutex.c.obj
 *fill*         0x1000864b        0x1 
 .rodata.__func__.3
                0x1000864c       0x18 CMakeFiles/audiopwm.dir/home/unheil/pico/pico-sdk/src/common/pico_sync/mutex.c.obj
 .rodata.__func__.4
                0x10008664       0x15 CMakeFiles/audiopwm.dir/home/unheil/pico/pico-sdk/src/common/pico_sync/mutex.c.obj
 *fill*         0x10008679        0x3 
 .rodata.get_entry.str1.4
                0x1000867c       0x5b CMakeFiles/audiopwm.dir/home/unheil/pico/pico-sdk/src/common/pico_time/time.c.obj
 .rodata.update_us_since_boot.str1.4
                0x100086d7       0x61 CMakeFiles/audiopwm.dir/home/unheil/pico/pico-sdk/src/common/pico_time/time.c.obj
 *fill*         0x100086d7        0x1 
 .rodata.ph_get_node.str1.4
                0x100086d8       0x66 CMakeFiles/audiopwm.dir/home/unheil/pico/pico-sdk/src/common/pico_time/time.c.obj
 *fill*         0x1000873e        0x2 
 .rodata.ph_add_child_node.str1.4
                0x10008740       0x2e CMakeFiles/audiopwm.dir/home/unheil/pico/pico-sdk/src/common/pico_time/time.c.obj
 *fill*         0x1000876e        0x2 
 .rodata.ph_insert_node.str1.4
                0x10008770        0x3 CMakeFiles/audiopwm.dir/home/unheil/pico/pico-sdk/src/common/pico_time/time.c.obj
 *fill*         0x10008773        0x1 
 .rodata.ph_free_node.str1.4
                0x10008774       0x38 CMakeFiles/audiopwm.dir/home/unheil/pico/pico-sdk/src/common/pico_time/time.c.obj
 .rodata.add_alarm_under_lock.str1.4
                0x100087ac       0x28 CMakeFiles/audiopwm.dir/home/unheil/pico/pico-sdk/src/common/pico_time/time.c.obj
 .rodata.alarm_pool_alarm_callback.str1.4
                0x100087d4       0x60 CMakeFiles/audiopwm.dir/home/unheil/pico/pico-sdk/src/common/pico_time/time.c.obj
 .rodata.alarm_pool_get_default.str1.4
                0x10008834       0x21 CMakeFiles/audiopwm.dir/home/unheil/pico/pico-sdk/src/common/pico_time/time.c.obj
 *fill*         0x10008855        0x3 
 .rodata.alarm_pool_cancel_alarm.str1.4
                0x10008858       0x27 CMakeFiles/audiopwm.dir/home/unheil/pico/pico-sdk/src/common/pico_time/time.c.obj
 *fill*         0x1000887f        0x1 
 .rodata.sleep_until.str1.4
                0x10008880       0x4d CMakeFiles/audiopwm.dir/home/unheil/pico/pico-sdk/src/common/pico_time/time.c.obj
 *fill*         0x100088cd        0x3 
 .rodata.__func__.1
                0x100088d0       0x18 CMakeFiles/audiopwm.dir/home/unheil/pico/pico-sdk/src/common/pico_time/time.c.obj
 .rodata.__func__.3
                0x100088e8       0x17 CMakeFiles/audiopwm.dir/home/unheil/pico/pico-sdk/src/common/pico_time/time.c.obj
 *fill*         0x100088ff        0x1 
 .rodata.__func__.4
                0x10008900       0x12 CMakeFiles/audiopwm.dir/home/unheil/pico/pico-sdk/src/common/pico_time/time.c.obj
 *fill*         0x10008912        0x2 
 .rodata.__func__.5
                0x10008914        0xd CMakeFiles/audiopwm.dir/home/unheil/pico/pico-sdk/src/common/pico_time/time.c.obj
 *fill*         0x10008921        0x3 
 .rodata.__func__.6
                0x10008924       0x12 CMakeFiles/audiopwm.dir/home/unheil/pico/pico-sdk/src/common/pico_time/time.c.obj
 *fill*         0x10008936        0x2 
 .rodata.__func__.7
                0x10008938        0xf CMakeFiles/audiopwm.dir/home/unheil/pico/pico-sdk/src/common/pico_time/time.c.obj
 *fill*         0x10008947        0x1 
 .rodata.__func__.8
                0x10008948        0xc CMakeFiles/audiopwm.dir/home/unheil/pico/pico-sdk/src/common/pico_time/time.c.obj
 .rodata.__func__.9
                0x10008954       0x15 CMakeFiles/audiopwm.dir/home/unheil/pico/pico-sdk/src/common/pico_time/time.c.obj
 *fill*         0x10008969        0x3 
 .rodata.__func__.10
                0x1000896c       0x15 CMakeFiles/audiopwm.dir/home/unheil/pico/pico-sdk/src/common/pico_time/time.c.obj
 *fill*         0x10008981        0x3 
 .rodata.__func__.11
                0x10008984       0x1a CMakeFiles/audiopwm.dir/home/unheil/pico/pico-sdk/src/common/pico_time/time.c.obj
 *fill*         0x1000899e        0x2 
 .rodata.__func__.12
                0x100089a0        0xa CMakeFiles/audiopwm.dir/home/unheil/pico/pico-sdk/src/common/pico_time/time.c.obj
 .rodata.update_us_since_boot.str1.4
                0x100089aa       0x61 CMakeFiles/audiopwm.dir/home/unheil/pico/pico-sdk/src/rp2_common/hardware_timer/timer.c.obj
 *fill*         0x100089aa        0x2 
 .rodata.hardware_alarm_claim.str1.4
                0x100089ac       0x22 CMakeFiles/audiopwm.dir/home/unheil/pico/pico-sdk/src/rp2_common/hardware_timer/timer.c.obj
 *fill*         0x100089ce        0x2 
 .rodata.hardware_alarm_set_target.str1.4
                0x100089d0       0x65 CMakeFiles/audiopwm.dir/home/unheil/pico/pico-sdk/src/rp2_common/hardware_timer/timer.c.obj
 *fill*         0x10008a35        0x3 
 .rodata.__func__.0
                0x10008a38       0x1a CMakeFiles/audiopwm.dir/home/unheil/pico/pico-sdk/src/rp2_common/hardware_timer/timer.c.obj
 *fill*         0x10008a52        0x2 
 .rodata.__func__.1
                0x10008a54       0x15 CMakeFiles/audiopwm.dir/home/unheil/pico/pico-sdk/src/rp2_common/hardware_timer/timer.c.obj
 .rodata.ph_get_node.str1.4
                0x10008a69       0x66 CMakeFiles/audiopwm.dir/home/unheil/pico/pico-sdk/src/common/pico_util/pheap.c.obj
 .rodata.ph_add_child_node.str1.4
                0x10008a69       0x2e CMakeFiles/audiopwm.dir/home/unheil/pico/pico-sdk/src/common/pico_util/pheap.c.obj
 *fill*         0x10008a69        0x3 
 .rodata.ph_remove_any_head.str1.4
                0x10008a6c       0x8c CMakeFiles/audiopwm.dir/home/unheil/pico/pico-sdk/src/common/pico_util/pheap.c.obj
                                 0xa0 (size before relaxing)
 .rodata.ph_remove_and_free_node.str1.4
                0x10008af8       0x1e CMakeFiles/audiopwm.dir/home/unheil/pico/pico-sdk/src/common/pico_util/pheap.c.obj
                                 0x26 (size before relaxing)
 *fill*         0x10008b16        0x2 
 .rodata.__func__.0
                0x10008b18       0x18 CMakeFiles/audiopwm.dir/home/unheil/pico/pico-sdk/src/common/pico_util/pheap.c.obj
 .rodata.__func__.1
                0x10008b30       0x13 CMakeFiles/audiopwm.dir/home/unheil/pico/pico-sdk/src/common/pico_util/pheap.c.obj
 *fill*         0x10008b43        0x1 
 .rodata.__func__.2
                0x10008b44       0x12 CMakeFiles/audiopwm.dir/home/unheil/pico/pico-sdk/src/common/pico_util/pheap.c.obj
 *fill*         0x10008b56        0x2 
 .rodata.__func__.3
                0x10008b58        0xc CMakeFiles/audiopwm.dir/home/unheil/pico/pico-sdk/src/common/pico_util/pheap.c.obj
 .rodata.clock_configure.str1.4
                0x10008b64       0x57 CMakeFiles/audiopwm.dir/home/unheil/pico/pico-sdk/src/rp2_common/hardware_clocks/clocks.c.obj
 *fill*         0x10008bbb        0x1 
 .rodata.__func__.1
                0x10008bbc       0x10 CMakeFiles/audiopwm.dir/home/unheil/pico/pico-sdk/src/rp2_common/hardware_clocks/clocks.c.obj
 .rodata.pll_init.str1.4
                0x10008bcc      0x124 CMakeFiles/audiopwm.dir/home/unheil/pico/pico-sdk/src/rp2_common/hardware_pll/pll.c.obj
 .rodata.__func__.0
                0x10008cf0        0x9 CMakeFiles/audiopwm.dir/home/unheil/pico/pico-sdk/src/rp2_common/hardware_pll/pll.c.obj
 *fill*         0x10008cf9        0x3 
 .rodata.__assert_func.str1.4
                0x10008cfc       0x3f CMakeFiles/audiopwm.dir/home/unheil/pico/pico-sdk/src/rp2_common/pico_runtime/runtime.c.obj
                                 0x43 (size before relaxing)
 *fill*         0x10008d3b        0x1 
 .rodata.runtime_init.str1.4
                0x10008d3c       0x61 CMakeFiles/audiopwm.dir/home/unheil/pico/pico-sdk/src/rp2_common/pico_runtime/runtime.c.obj
 *fill*         0x10008d9d        0x3 
 .rodata.panic.str1.4
                0x10008da0       0x12 CMakeFiles/audiopwm.dir/home/unheil/pico/pico-sdk/src/rp2_common/pico_runtime/runtime.c.obj
 *fill*         0x10008db2        0x2 
 .rodata.__func__.2
                0x10008db4        0xd CMakeFiles/audiopwm.dir/home/unheil/pico/pico-sdk/src/rp2_common/pico_runtime/runtime.c.obj
 *fill*         0x10008dc1        0x3 
 .rodata._ftoa.str1.4
                0x10008dc4       0x15 CMakeFiles/audiopwm.dir/home/unheil/pico/pico-sdk/src/rp2_common/pico_printf/printf.c.obj
 *fill*         0x10008dd9        0x3 
 .rodata._vsnprintf
                0x10008ddc      0x19c CMakeFiles/audiopwm.dir/home/unheil/pico/pico-sdk/src/rp2_common/pico_printf/printf.c.obj
 .rodata.pow10.0
                0x10008f78       0x50 CMakeFiles/audiopwm.dir/home/unheil/pico/pico-sdk/src/rp2_common/pico_printf/printf.c.obj
 .rodata.__aeabi_double_init.str1.4
                0x10008fc8       0x9c CMakeFiles/audiopwm.dir/home/unheil/pico/pico-sdk/src/rp2_common/pico_double/double_init_rom.c.obj
 .rodata.__func__.0
                0x10009064       0x14 CMakeFiles/audiopwm.dir/home/unheil/pico/pico-sdk/src/rp2_common/pico_double/double_init_rom.c.obj
 .rodata.__aeabi_float_init.str1.4
                0x10009078       0x7a CMakeFiles/audiopwm.dir/home/unheil/pico/pico-sdk/src/rp2_common/pico_float/float_init_rom.c.obj
                                 0x7e (size before relaxing)
 *fill*         0x100090f2        0x2 
 .rodata.__func__.0
                0x100090f4       0x13 CMakeFiles/audiopwm.dir/home/unheil/pico/pico-sdk/src/rp2_common/pico_float/float_init_rom.c.obj
 *fill*         0x10009107        0x1 
 .rodata.str1.4
                0x10009108       0x44 CMakeFiles/audiopwm.dir/home/unheil/pico/pico-sdk/src/rp2_common/pico_standard_link/binary_info.c.obj
 .rodata.__bi_81
                0x1000914c        0xc CMakeFiles/audiopwm.dir/home/unheil/pico/pico-sdk/src/rp2_common/pico_standard_link/binary_info.c.obj
 .rodata.__bi_75
                0x10009158        0xc CMakeFiles/audiopwm.dir/home/unheil/pico/pico-sdk/src/rp2_common/pico_standard_link/binary_info.c.obj
 .rodata.__bi_56
                0x10009164        0xc CMakeFiles/audiopwm.dir/home/unheil/pico/pico-sdk/src/rp2_common/pico_standard_link/binary_info.c.obj
 .rodata.__bi_44
                0x10009170        0xc CMakeFiles/audiopwm.dir/home/unheil/pico/pico-sdk/src/rp2_common/pico_standard_link/binary_info.c.obj
 .rodata.update_us_since_boot.str1.4
                0x1000917c       0x61 CMakeFiles/audiopwm.dir/home/unheil/pico/pico-sdk/src/rp2_common/pico_stdio/stdio.c.obj
 .rodata.__wrap_getchar.str1.4
                0x1000917c       0x49 CMakeFiles/audiopwm.dir/home/unheil/pico/pico-sdk/src/rp2_common/pico_stdio/stdio.c.obj
 .rodata.getchar_timeout_us.str1.4
                0x100091c5        0x3 CMakeFiles/audiopwm.dir/home/unheil/pico/pico-sdk/src/rp2_common/pico_stdio/stdio.c.obj
 *fill*         0x100091c5        0x3 
 .rodata.__func__.0
                0x100091c8       0x13 CMakeFiles/audiopwm.dir/home/unheil/pico/pico-sdk/src/rp2_common/pico_stdio/stdio.c.obj
 *fill*         0x100091db        0x1 
 .rodata.crlf_str.2
                0x100091dc        0x2 CMakeFiles/audiopwm.dir/home/unheil/pico/pico-sdk/src/rp2_common/pico_stdio/stdio.c.obj
 *fill*         0x100091de        0x2 
 .rodata.__func__.3
                0x100091e0       0x15 CMakeFiles/audiopwm.dir/home/unheil/pico/pico-sdk/src/rp2_common/pico_stdio/stdio.c.obj
 *fill*         0x100091f5        0x3 
 .rodata.str1.4
                0x100091f8       0x2c CMakeFiles/audiopwm.dir/home/unheil/pico/pico-sdk/src/rp2_common/pico_stdio_uart/stdio_uart.c.obj
 .rodata.__bi_33.4
                0x10009224        0xc CMakeFiles/audiopwm.dir/home/unheil/pico/pico-sdk/src/rp2_common/pico_stdio_uart/stdio_uart.c.obj
 .rodata.__bi_34.5
                0x10009230        0x8 CMakeFiles/audiopwm.dir/home/unheil/pico/pico-sdk/src/rp2_common/pico_stdio_uart/stdio_uart.c.obj
 .rodata._resetd_driver
                0x10009238       0x18 CMakeFiles/audiopwm.dir/home/unheil/pico/pico-sdk/src/rp2_common/pico_stdio_usb/reset_interface.c.obj
 .rodata.update_us_since_boot.str1.4
                0x10009250       0x61 CMakeFiles/audiopwm.dir/home/unheil/pico/pico-sdk/src/rp2_common/pico_stdio_usb/stdio_usb.c.obj
 .rodata.stdio_usb_init.str1.4
                0x10009250       0x45 CMakeFiles/audiopwm.dir/home/unheil/pico/pico-sdk/src/rp2_common/pico_stdio_usb/stdio_usb.c.obj
                                 0x4d (size before relaxing)
 *fill*         0x10009295        0x3 
 .rodata.str1.4
                0x10009298       0x13 CMakeFiles/audiopwm.dir/home/unheil/pico/pico-sdk/src/rp2_common/pico_stdio_usb/stdio_usb.c.obj
 *fill*         0x100092ab        0x1 
 .rodata.__bi_182.0
                0x100092ac        0xc CMakeFiles/audiopwm.dir/home/unheil/pico/pico-sdk/src/rp2_common/pico_stdio_usb/stdio_usb.c.obj
 .rodata.__func__.1
                0x100092b8        0xf CMakeFiles/audiopwm.dir/home/unheil/pico/pico-sdk/src/rp2_common/pico_stdio_usb/stdio_usb.c.obj
 *fill*         0x100092c7        0x1 
 .rodata.__func__.3
                0x100092c8       0x15 CMakeFiles/audiopwm.dir/home/unheil/pico/pico-sdk/src/rp2_common/pico_stdio_usb/stdio_usb.c.obj
 *fill*         0x100092dd        0x3 
 .rodata.str1.4
                0x100092e0       0x2a CMakeFiles/audiopwm.dir/home/unheil/pico/pico-sdk/src/rp2_common/pico_stdio_usb/stdio_usb_descriptors.c.obj
 *fill*         0x1000930a        0x2 
 .rodata.usbd_desc_str
                0x1000930c       0x18 CMakeFiles/audiopwm.dir/home/unheil/pico/pico-sdk/src/rp2_common/pico_stdio_usb/stdio_usb_descriptors.c.obj
 .rodata.usbd_desc_cfg
                0x10009324       0x54 CMakeFiles/audiopwm.dir/home/unheil/pico/pico-sdk/src/rp2_common/pico_stdio_usb/stdio_usb_descriptors.c.obj
 .rodata.usbd_desc_device
                0x10009378       0x12 CMakeFiles/audiopwm.dir/home/unheil/pico/pico-sdk/src/rp2_common/pico_stdio_usb/stdio_usb_descriptors.c.obj
 *fill*         0x1000938a        0x2 
 .rodata.pico_get_unique_board_id_string.str1.4
                0x1000938c       0x4d CMakeFiles/audiopwm.dir/home/unheil/pico/pico-sdk/src/rp2_common/pico_unique_id/unique_id.c.obj
 *fill*         0x100093d9        0x3 
 .rodata.__func__.0
                0x100093dc       0x20 CMakeFiles/audiopwm.dir/home/unheil/pico/pico-sdk/src/rp2_common/pico_unique_id/unique_id.c.obj
 .rodata.str1.4
                0x100093fc      0x15a CMakeFiles/audiopwm.dir/home/unheil/pico/pico-sdk/src/rp2_common/hardware_flash/flash.c.obj
 *fill*         0x10009556        0x2 
 .rodata.__func__.0
                0x10009558        0xd CMakeFiles/audiopwm.dir/home/unheil/pico/pico-sdk/src/rp2_common/hardware_flash/flash.c.obj
 *fill*         0x10009565        0x3 
 .rodata._hw_endpoint_alloc.str1.4
                0x10009568       0xb5 CMakeFiles/audiopwm.dir/home/unheil/pico/pico-sdk/lib/tinyusb/src/portable/raspberrypi/rp2040/dcd_rp2040.c.obj
 *fill*         0x1000961d        0x3 
 .rodata.str1.4
                0x10009620       0x14 CMakeFiles/audiopwm.dir/home/unheil/pico/pico-sdk/lib/tinyusb/src/portable/raspberrypi/rp2040/dcd_rp2040.c.obj
 .rodata.dcd_int_enable.str1.4
                0x10009634        0xc CMakeFiles/audiopwm.dir/home/unheil/pico/pico-sdk/lib/tinyusb/src/portable/raspberrypi/rp2040/dcd_rp2040.c.obj
 .rodata.__func__.0
                0x10009640        0xe CMakeFiles/audiopwm.dir/home/unheil/pico/pico-sdk/lib/tinyusb/src/portable/raspberrypi/rp2040/dcd_rp2040.c.obj
 *fill*         0x1000964e        0x2 
 .rodata.__func__.1
                0x10009650        0xe CMakeFiles/audiopwm.dir/home/unheil/pico/pico-sdk/lib/tinyusb/src/portable/raspberrypi/rp2040/dcd_rp2040.c.obj
 *fill*         0x1000965e        0x2 
 .rodata.__func__.3
                0x10009660       0x10 CMakeFiles/audiopwm.dir/home/unheil/pico/pico-sdk/lib/tinyusb/src/portable/raspberrypi/rp2040/dcd_rp2040.c.obj
 .rodata.__func__.5
                0x10009670        0xf CMakeFiles/audiopwm.dir/home/unheil/pico/pico-sdk/lib/tinyusb/src/portable/raspberrypi/rp2040/dcd_rp2040.c.obj
 *fill*         0x1000967f        0x1 
 .rodata.__func__.6
                0x10009680       0x13 CMakeFiles/audiopwm.dir/home/unheil/pico/pico-sdk/lib/tinyusb/src/portable/raspberrypi/rp2040/dcd_rp2040.c.obj
 *fill*         0x10009693        0x1 
 .rodata.__func__.7
                0x10009694        0x9 CMakeFiles/audiopwm.dir/home/unheil/pico/pico-sdk/lib/tinyusb/src/portable/raspberrypi/rp2040/dcd_rp2040.c.obj
 *fill*         0x1000969d        0x3 
 .rodata.str1.4
                0x100096a0       0xdd CMakeFiles/audiopwm.dir/home/unheil/pico/pico-sdk/lib/tinyusb/src/portable/raspberrypi/rp2040/rp2040_usb.c.obj
                                 0xe7 (size before relaxing)
 *fill*         0x1000977d        0x3 
 .rodata.__func__.0
                0x10009780        0xf CMakeFiles/audiopwm.dir/home/unheil/pico/pico-sdk/lib/tinyusb/src/portable/raspberrypi/rp2040/rp2040_usb.c.obj
 *fill*         0x1000978f        0x1 
 .rodata.process_get_descriptor